12-11 23:35:10.827 12816 13145 W InstantApps: 	at vgj.b(:com.google.android.gms@11743470:6)
12-11 23:35:10.827 12816 13145 W InstantApps: 	at vgj.a(:com.google.android.gms@11743470)
12-11 23:35:10.827 12816 13145 W InstantApps: 	at vgw.call(:com.google.android.gms@11743470:2)
12-11 23:35:10.827 12816 13145 W InstantApps: 	at java.util.concurrent.FutureTask.run(FutureTask.java:237)
12-11 23:35:10.827 12816 13145 W InstantApps: 	at mmu.run(:com.google.android.gms@11743470:26)
12-11 23:35:10.827 12816 13145 W InstantApps: 	at java.util.concurrent.ThreadPoolExecutor.runWorker(ThreadPoolExecutor.java:1113)
12-11 23:35:10.827 12816 13145 W InstantApps: 	at java.util.concurrent.ThreadPoolExecutor$Worker.run(ThreadPoolExecutor.java:588)
12-11 23:35:10.827 12816 13145 W InstantApps: 	at mse.run(:com.google.android.gms@11743470)
12-11 23:35:10.827 12816 13145 W InstantApps: 	at java.lang.Thread.run(Thread.java:818)
12-11 23:35:10.852 12816 14245 I GoogleURLConnFactory: Using platform SSLCertificateSocketFactory
12-11 23:35:10.860 12479 12829 I AccountManagerService: getTypesVisibleToCaller: isPermitted? true
12-11 23:35:10.861 12479 13045 I AccountManagerService: getTypesVisibleToCaller: isPermitted? true
12-11 23:35:10.868 13026 14252 E Auth.Api.Credentials: [CredentialSyncAdapter] Unknown sync event.
12-11 23:35:10.876 13486 13668 D EGL_emulation: eglCreateContext: 0xae4d5560: maj 2 min 0 rcv 2
12-11 23:35:10.878 13486 13668 D EGL_emulation: eglMakeCurrent: 0xae4d5560: ver 2 0 (tinfo 0x9b77f3f0)
12-11 23:35:10.982 12816 13084 W Conscrypt: Could not set socket write timeout:
12-11 23:35:10.982 12816 13084 W Conscrypt:    java.lang.reflect.Method.invoke(Native Method)
12-11 23:35:10.982 12816 13084 W Conscrypt:    com.google.android.gms.org.conscrypt.Platform.setSocketWriteTimeout(:com.google.android.gms@11743470:13)
12-11 23:35:11.006 12816 13084 W Conscrypt: Could not set socket write timeout:
12-11 23:35:11.006 12816 13084 W Conscrypt:    java.lang.reflect.Method.invoke(Native Method)
12-11 23:35:11.006 12816 13084 W Conscrypt:    com.google.android.gms.org.conscrypt.Platform.setSocketWriteTimeout(:com.google.android.gms@11743470:13)
12-11 23:35:11.089 12816 13084 W GLSUser : [AppCertManager] IOException while requesting key: 
12-11 23:35:11.089 12816 13084 W GLSUser : java.io.IOException: Invalid device key response.
12-11 23:35:11.089 12816 13084 W GLSUser : 	at eyw.a(:com.google.android.gms@11743470:14)
12-11 23:35:11.089 12816 13084 W GLSUser : 	at eyw.a(:com.google.android.gms@11743470:65)
12-11 23:35:11.089 12816 13084 W GLSUser : 	at eyw.a(:com.google.android.gms@11743470:22)
12-11 23:35:11.089 12816 13084 W GLSUser : 	at eyu.a(:com.google.android.gms@11743470:4)
12-11 23:35:11.089 12816 13084 W GLSUser : 	at eyu.onTransact(:com.google.android.gms@11743470:4)
12-11 23:35:11.089 12816 13084 W GLSUser : 	at android.os.Binder.transact(Binder.java:387)
12-11 23:35:11.089 12816 13084 W GLSUser : 	at bvg.onTransact(:com.google.android.gms@11743470:3)
12-11 23:35:11.089 12816 13084 W GLSUser : 	at android.os.Binder.execTransact(Binder.java:453)
12-11 23:35:11.089 12816 13084 W GLSUser : [DeviceKeyStore] Cannot load key: Device key file not found.
12-11 23:35:11.090 12816 14254 W art     : Long monitor contention event with owner method=void java.lang.Object.wait!(long, int) from Object.java:4294967294 waiters=0 for 204ms
12-11 23:35:11.091 12816 14254 W GLSUser : [DeviceKeyStore] Cannot load key: Device key file not found.
12-11 23:35:11.094 12816 14254 W GLSUser : [DeviceKeyStore] Cannot load key: Device key file not found.
12-11 23:35:11.095 12816 13145 W GLSUser : [DeviceKeyStore] Cannot load key: Device key file not found.
12-11 23:35:11.095 12816 13145 W GLSUser : [DeviceKeyStore] Cannot load key: Device key file not found.
12-11 23:35:11.184 12816 13124 W Conscrypt: Could not set socket write timeout:
12-11 23:35:11.184 12816 13124 W Conscrypt:    java.lang.reflect.Method.invoke(Native Method)
12-11 23:35:11.184 12816 13124 W Conscrypt:    com.google.android.gms.org.conscrypt.Platform.setSocketWriteTimeout(:com.google.android.gms@11743470:13)
12-11 23:35:11.220 12816 13124 W Conscrypt: Could not set socket write timeout:
12-11 23:35:11.220 12816 13124 W Conscrypt:    java.lang.reflect.Method.invoke(Native Method)
12-11 23:35:11.220 12816 13124 W Conscrypt:    com.google.android.gms.org.conscrypt.Platform.setSocketWriteTimeout(:com.google.android.gms@11743470:13)
12-11 23:35:11.222 12816 14254 I GCoreUlr: Starting service, intent=Intent { act=com.google.android.location.reporting.ACTION_UPDATE_ACTIVE_STATE cmp=com.google.android.gms/com.google.android.location.reporting.service.DispatchingService (has extras) }, extras=Bundle[{source=sync_server_wins}]
12-11 23:35:11.229 12816 14254 I GCoreUlr: AutoEnableManager setIneligible for account#-19#
12-11 23:35:11.242 12816 14245 I GoogleURLConnFactory: Using platform SSLCertificateSocketFactory
12-11 23:35:11.244 12816 12816 E BluetoothAdapter: Bluetooth binder is null
12-11 23:35:11.263 13419 13461 D Email   : Delete: content://com.android.email.provider/mailbox
12-11 23:35:11.273 13443 14262 I Exchange: onPerformSync contacts starting Bundle[{}]
12-11 23:35:11.283 12816 14157 I GCoreUlr: DispatchingService.updateActiveState+sync_server_wins: Ensuring that reporting is stopped because of reasons: {account#-19#=[InactiveReason{mIdentifier=6, mName='ReportingNotEnabled'}, InactiveReason{mIdentifier=14, mName='HistoryNotEnabled'}]}
12-11 23:35:11.283 12816 14136 W GLSUser : [DeviceKeyStore] Cannot load key: Device key file not found.
12-11 23:35:11.283 12816 14136 W GLSUser : [DeviceKeyStore] Cannot load key: Device key file not found.
12-11 23:35:11.289 12816 14157 I GCoreUlr: Unbound from all location providers
12-11 23:35:11.289 12816 14157 I GCoreUlr: Place inference reporting - stop
12-11 23:35:11.301 12816 12816 I GCoreUlr: Stopping handler for UlrDispSvcFast
12-11 23:35:11.303 12816 12816 I GCoreUlr: Unbound from all location providers
12-11 23:35:11.303 12816 12816 I GCoreUlr: Place inference reporting - stop
12-11 23:35:11.314 12479 13046 I AccountManagerService: getTypesVisibleToCaller: isPermitted? true
12-11 23:35:11.325 12479 13046 I AccountManagerService: getTypesVisibleToCaller: isPermitted? true
12-11 23:35:11.326 12479 12859 I AccountManagerService: getTypesVisibleToCaller: isPermitted? true
12-11 23:35:11.329 13419 13461 D Email   : Insert: content://com.android.email.provider/mailbox
12-11 23:35:11.330 13419 13461 D Email   : Insert: content://com.android.email.provider/mailbox
12-11 23:35:11.330 13419 13461 D Email   : Insert: content://com.android.email.provider/mailbox
12-11 23:35:11.330 13419 13461 D Email   : Insert: content://com.android.email.provider/mailbox
12-11 23:35:11.331 13419 13461 D Email   : Insert: content://com.android.email.provider/mailbox
12-11 23:35:11.331 13419 13461 D Email   : Insert: content://com.android.email.provider/mailbox
12-11 23:35:11.331 13419 13461 D Email   : Insert: content://com.android.email.provider/mailbox
12-11 23:35:11.337 13419 13461 D Email   : Insert: content://com.android.email.provider/mailbox
12-11 23:35:11.338 13419 13461 D Email   : Insert: content://com.android.email.provider/mailbox
12-11 23:35:11.338 13419 13461 D Email   : Insert: content://com.android.email.provider/mailbox
12-11 23:35:11.338 13419 13461 D Email   : Insert: content://com.android.email.provider/mailbox
12-11 23:35:11.339 13419 13461 D Email   : Insert: content://com.android.email.provider/mailbox
12-11 23:35:11.361 13443 14262 I Exchange: PSS syncStart for account acct:5
12-11 23:35:11.361 13443 14262 I Exchange: PSS Sync needs to wait: Ping: no, Pending tasks: 2 acct: 5
12-11 23:35:11.377 12816 14077 W GLSUser : [DeviceKeyStore] Cannot load key: Device key file not found.
12-11 23:35:11.377 12816 14077 W GLSUser : [DeviceKeyStore] Cannot load key: Device key file not found.
12-11 23:35:11.385 12816 14250 I InstantApps: DomainFilterImpl: Domain filter response size: 42951
12-11 23:35:11.432 12479 13051 I AccountManagerService: getTypesVisibleToCaller: isPermitted? true
12-11 23:35:11.445 13443 13464 I Exchange: PSS syncEnd for account acct:5
12-11 23:35:11.445 13443 13464 I Exchange: PSS Signalling a pending sync to proceed acct:5.
12-11 23:35:11.526 12479 12600 I AccountManagerService: getTypesVisibleToCaller: isPermitted? true
12-11 23:35:11.532 12479 12490 I AccountManagerService: getTypesVisibleToCaller: isPermitted? true
12-11 23:35:11.536 12479 12600 I AccountManagerService: getTypesVisibleToCaller: isPermitted? true
12-11 23:35:11.538 12479 13052 I AccountManagerService: getTypesVisibleToCaller: isPermitted? true
12-11 23:35:11.539 12479 12490 I AccountManagerService: getTypesVisibleToCaller: isPermitted? true
12-11 23:35:11.540 12479 12829 I AccountManagerService: getTypesVisibleToCaller: isPermitted? true
12-11 23:35:11.545 12479 12865 I AccountManagerService: getTypesVisibleToCaller: isPermitted? true
12-11 23:35:11.556 12479 13050 I AccountManagerService: getTypesVisibleToCaller: isPermitted? true
12-11 23:35:11.561 12479 12491 I AccountManagerService: getTypesVisibleToCaller: isPermitted? true
12-11 23:35:11.571 12479 13045 I AccountManagerService: getTypesVisibleToCaller: isPermitted? true
12-11 23:35:11.577 12479 12859 I AccountManagerService: getTypesVisibleToCaller: isPermitted? true
12-11 23:35:11.582 12479 13046 I AccountManagerService: getTypesVisibleToCaller: isPermitted? true
12-11 23:35:11.591 12479 13045 I AccountManagerService: getTypesVisibleToCaller: isPermitted? true
12-11 23:35:11.713 12816 14267 E ReauthClient: Error deserializing reauth settings response.
12-11 23:35:11.713 12816 14267 E ReauthClient: org.json.JSONException: Value  of type java.lang.String cannot be converted to JSONObject
12-11 23:35:11.713 12816 14267 E ReauthClient: 	at org.json.JSON.typeMismatch(JSON.java:111)
12-11 23:35:11.713 12816 14267 E ReauthClient: 	at org.json.JSONObject.<init>(JSONObject.java:160)
12-11 23:35:11.713 12816 14267 E ReauthClient: 	at org.json.JSONObject.<init>(JSONObject.java:173)
12-11 23:35:11.713 12816 14267 E ReauthClient: 	at eea.a(:com.google.android.gms@11743470:21)
12-11 23:35:11.713 12816 14267 E ReauthClient: 	at edm.a(:com.google.android.gms@11743470:9)
12-11 23:35:11.713 12816 14267 E ReauthClient: 	at mlv.onPerformSync(:com.google.android.gms@11743470:5)
12-11 23:35:11.713 12816 14267 E ReauthClient: 	at android.content.AbstractThreadedSyncAdapter$SyncThread.run(AbstractThreadedSyncAdapter.java:272)
12-11 23:35:11.725 13026 14268 I RemindersSync: Found sync condition that we don't recognize, aborting. [T SyncAdapterThread-4:id=337:priority=5:group=main]
12-11 23:35:11.729 13419 13473 D Email   : Delete: content://com.android.email.provider/mailbox
12-11 23:35:11.754 13026 14269 I GoogleURLConnFactory: Using platform SSLCertificateSocketFactory
12-11 23:35:11.800 13026 13795 I IcingInternalCorpora: EventIndexer: starting incremental update
12-11 23:35:11.801 13419 13473 D Email   : Insert: content://com.android.email.provider/mailbox
12-11 23:35:11.802 13419 13473 D Email   : Insert: content://com.android.email.provider/mailbox
12-11 23:35:11.802 13419 13473 D Email   : Insert: content://com.android.email.provider/mailbox
12-11 23:35:11.803 13419 13473 D Email   : Insert: content://com.android.email.provider/mailbox
12-11 23:35:11.803 13419 13473 D Email   : Insert: content://com.android.email.provider/mailbox
12-11 23:35:11.803 13419 13473 D Email   : Insert: content://com.android.email.provider/mailbox
12-11 23:35:11.803 13419 13473 D Email   : Insert: content://com.android.email.provider/mailbox
12-11 23:35:11.804 13419 13473 D Email   : Insert: content://com.android.email.provider/mailbox
12-11 23:35:11.804 13419 13473 D Email   : Insert: content://com.android.email.provider/mailbox
12-11 23:35:11.804 13419 13473 D Email   : Insert: content://com.android.email.provider/mailbox
12-11 23:35:11.805 13419 13473 D Email   : Insert: content://com.android.email.provider/mailbox
12-11 23:35:11.805 13419 13473 D Email   : Insert: content://com.android.email.provider/mailbox
12-11 23:35:11.808 13026 13795 I IcingInternalCorpora: EventIndexer: 0 added, 0 removed, 0 changed, 0 unchanged, 0 errors.
12-11 23:35:11.808 13026 13795 I IcingInternalCorpora: EventIndexer: finished after 8 ms.
12-11 23:35:12.013 12479 13051 I AccountManagerService: getTypesVisibleToCaller: isPermitted? true
12-11 23:35:12.017 13026 14271 V AccountUtils: 0 accounts found with uca feature
12-11 23:35:12.017 13026 14271 I GamesSyncAdapter: Starting sync for 99491965
12-11 23:35:12.017 12479 12829 I AccountManagerService: getTypesVisibleToCaller: isPermitted? true
12-11 23:35:12.018 13026 14271 I GamesSyncAdapter: Sync duration for 99491965: 1
12-11 23:35:12.019 12479 12491 I AccountManagerService: getTypesVisibleToCaller: isPermitted? true
12-11 23:35:12.019 13026 14271 E PopupManager: No content view usable to display popups. Popups will not be displayed in response to this client's calls. Use setViewForPopups() to set your content view.
12-11 23:35:12.025 13026 14138 W GamesServiceBroker: Client connected with SDK 8487000, Services 11743470, and Games 37240070
12-11 23:35:12.033 13443 14273 I Exchange: onPerformSync email: Bundle[{}]
12-11 23:35:12.049 13443 14273 I Exchange: PSS syncStart for account acct:5
12-11 23:35:12.049 13443 14273 I Exchange: PSS Sync needs to wait: Ping: no, Pending tasks: 2 acct: 5
12-11 23:35:12.509 12203 12239 W audio_hw_generic: Not supplying enough data to HAL, expected position 1583929 , only wrote 1447590
12-11 23:35:12.546 13419 13650 D Email   : Insert: content://com.android.email.provider/message
12-11 23:35:12.548 13419 13650 D Email   : Insert: content://com.android.email.provider/body
12-11 23:35:13.354 13813 13813 D MonkeyStub: translateCommand: tap 862 1687
12-11 23:35:13.414 12203 12239 D AudioFlinger: mixer(0xb4340000) throttle end: throttle time(11)
12-11 23:35:13.460 13391 13832 D EGL_emulation: eglMakeCurrent: 0xae4d4a80: ver 2 0 (tinfo 0xae4d2660)
12-11 23:35:13.496 13419 14190 D EGL_emulation: eglMakeCurrent: 0xaab6a3e0: ver 2 0 (tinfo 0xae8fd280)
12-11 23:35:13.498 13419 14190 E Surface : getSlotFromBufferLocked: unknown buffer: 0xb40fdde0
12-11 23:35:13.501 13419 14190 D OpenGLRenderer: endAllStagingAnimators on 0xa1293e80 (RippleDrawable) with handle 0xa11bf410
12-11 23:35:13.516 12816 13145 W GLSUser : [DeviceKeyStore] Cannot load key: Device key file not found.
12-11 23:35:13.519 12816 13145 W GLSUser : [DeviceKeyStore] Cannot load key: Device key file not found.
12-11 23:35:13.519 12571 13019 D EGL_emulation: eglMakeCurrent: 0xaab6b940: ver 2 0 (tinfo 0xaa239df0)
12-11 23:35:13.537 12571 13019 D EGL_emulation: eglMakeCurrent: 0xaab6b940: ver 2 0 (tinfo 0xaa239df0)
12-11 23:35:13.542 12571 13019 D EGL_emulation: eglMakeCurrent: 0xaab6b940: ver 2 0 (tinfo 0xaa239df0)
12-11 23:35:13.546 12571 13019 D EGL_emulation: eglMakeCurrent: 0xaab6b940: ver 2 0 (tinfo 0xaa239df0)
12-11 23:35:13.550 12571 13019 D EGL_emulation: eglMakeCurrent: 0xaab6b940: ver 2 0 (tinfo 0xaa239df0)
12-11 23:35:13.563 12571 13019 D EGL_emulation: eglMakeCurrent: 0xaab6b940: ver 2 0 (tinfo 0xaa239df0)
12-11 23:35:13.568 12571 13019 D EGL_emulation: eglMakeCurrent: 0xaab6b940: ver 2 0 (tinfo 0xaa239df0)
12-11 23:35:13.582 12571 13019 D EGL_emulation: eglMakeCurrent: 0xaab6b940: ver 2 0 (tinfo 0xaa239df0)
12-11 23:35:13.586 12571 13019 D EGL_emulation: eglMakeCurrent: 0xaab6b940: ver 2 0 (tinfo 0xaa239df0)
12-11 23:35:13.600 12571 13019 D EGL_emulation: eglMakeCurrent: 0xaab6b940: ver 2 0 (tinfo 0xaa239df0)
12-11 23:35:13.603 12571 13019 D EGL_emulation: eglMakeCurrent: 0xaab6b940: ver 2 0 (tinfo 0xaa239df0)
12-11 23:35:13.618 12571 13019 D EGL_emulation: eglMakeCurrent: 0xaab6b940: ver 2 0 (tinfo 0xaa239df0)
12-11 23:35:13.622 12571 13019 D EGL_emulation: eglMakeCurrent: 0xaab6b940: ver 2 0 (tinfo 0xaa239df0)
12-11 23:35:13.639 12571 13019 D EGL_emulation: eglMakeCurrent: 0xaab6b940: ver 2 0 (tinfo 0xaa239df0)
12-11 23:35:13.643 12571 13019 D EGL_emulation: eglMakeCurrent: 0xaab6b940: ver 2 0 (tinfo 0xaa239df0)
12-11 23:35:13.654 12571 13019 D EGL_emulation: eglMakeCurrent: 0xaab6b940: ver 2 0 (tinfo 0xaa239df0)
12-11 23:35:13.658 12571 13019 D EGL_emulation: eglMakeCurrent: 0xaab6b940: ver 2 0 (tinfo 0xaa239df0)
12-11 23:35:13.672 12571 13019 D EGL_emulation: eglMakeCurrent: 0xaab6b940: ver 2 0 (tinfo 0xaa239df0)
12-11 23:35:13.676 12571 13019 D EGL_emulation: eglMakeCurrent: 0xaab6b940: ver 2 0 (tinfo 0xaa239df0)
12-11 23:35:13.688 12571 13019 D EGL_emulation: eglMakeCurrent: 0xaab6b940: ver 2 0 (tinfo 0xaa239df0)
12-11 23:35:13.692 12571 13019 D EGL_emulation: eglMakeCurrent: 0xaab6b940: ver 2 0 (tinfo 0xaa239df0)
12-11 23:35:13.705 12571 13019 D EGL_emulation: eglMakeCurrent: 0xaab6b940: ver 2 0 (tinfo 0xaa239df0)
12-11 23:35:13.709 12571 13019 D EGL_emulation: eglMakeCurrent: 0xaab6b940: ver 2 0 (tinfo 0xaa239df0)
12-11 23:35:13.722 12571 13019 D EGL_emulation: eglMakeCurrent: 0xaab6b940: ver 2 0 (tinfo 0xaa239df0)
12-11 23:35:14.472 12571 12571 D skia    : --- SkImageDecoder::Factory returned null
12-11 23:35:15.361 13813 13813 D MonkeyStub: translateCommand: tap 24 146
12-11 23:35:15.428 13391 13832 D EGL_emulation: eglMakeCurrent: 0xae4d4a80: ver 2 0 (tinfo 0xae4d2660)
12-11 23:35:15.441 12203 12239 D AudioFlinger: mixer(0xb4340000) throttle end: throttle time(11)
12-11 23:35:15.491 13391 13832 E Surface : getSlotFromBufferLocked: unknown buffer: 0xaa3590e0
12-11 23:35:15.498 13443 14262 I Exchange: PSS syncEnd for account acct:5
12-11 23:35:15.498 13443 14262 I Exchange: PSS Signalling a pending sync to proceed acct:5.
12-11 23:35:15.526 13443 14277 I Exchange: onPerformSync calendar: Bundle[{}]
12-11 23:35:15.537 13443 14277 I Exchange: PSS syncStart for account acct:5
12-11 23:35:15.538 13443 14277 I Exchange: PSS Sync needs to wait: Ping: no, Pending tasks: 2 acct: 5
12-11 23:35:15.797 13391 14247 I GlobalDismissManager: no sender configured
12-11 23:35:15.797 13391 14247 D AlertService: Beginning updateAlertNotification
12-11 23:35:15.802 13391 14247 D AlertService: No fired or scheduled alerts
12-11 23:35:15.806 13391 14247 D AlertService: Scheduling next alarm with AlarmScheduler. sEventReminderReceived: null
12-11 23:35:15.810 13391 14247 D AlarmScheduler: No events found starting within 1 week.
12-11 23:35:16.384 12571 12571 D skia    : --- SkImageDecoder::Factory returned null
12-11 23:35:17.057 13443 14273 I Exchange: PSS syncEnd for account acct:5
12-11 23:35:17.057 13443 14273 I Exchange: PSS Signalling a pending sync to proceed acct:5.
12-11 23:35:17.367 13813 13813 D MonkeyStub: translateCommand: tap 826 150
12-11 23:35:18.739 13443 14277 I Exchange: PSS syncEnd for account acct:5
12-11 23:35:18.739 13443 14277 I Exchange: PSS push enabled is unknown
12-11 23:35:18.745 13443 14277 I Exchange: PSS last sync succeeded, starting new ping acct:5.
12-11 23:35:18.746 13443 13483 I Exchange: Ping task starting for 5
12-11 23:35:19.375 13813 13813 D MonkeyStub: translateCommand: touch down 991 1510
12-11 23:35:19.437 13391 13832 D EGL_emulation: eglMakeCurrent: 0xae4d4a80: ver 2 0 (tinfo 0xae4d2660)
12-11 23:35:20.053 12479 12514 I InputReader: Reconfiguring input devices.  changes=0x00000010
12-11 23:35:20.080 13026 14284 D Wear_Controller: Received broadcast action=android.intent.action.PACKAGE_CHANGED and uri=com.android.email
12-11 23:35:20.090 12935 14290 I UpdateIcingCorporaServi: Updating corpora: APPS=com.android.email, CONTACTS=MAYBE
12-11 23:35:20.117 12935 14290 I UpdateIcingCorporaServi: UpdateCorporaTask done [took 25 ms] updated apps [took 25 ms] 
12-11 23:35:20.148 13026 13484 I Icing   : IndexChimeraService.getServiceInterface callingPackage=com.google.android.gms componentName=AppsCorpus serviceId=36
12-11 23:35:20.150 13026 13510 I Icing   : IndexChimeraService.getServiceInterface callingPackage=com.google.android.gms componentName=AppsCorpus serviceId=32
12-11 23:35:20.158 13026 13643 I Icing   : Usage reports ok 0, Failed Usage reports 0, indexed 0, rejected 0, imm upload false
12-11 23:35:20.171 13026 13643 I Icing   : Usage reports ok 0, Failed Usage reports 0, indexed 0, rejected 0, imm upload false
12-11 23:35:20.523 12203 12239 W audio_hw_generic: Not supplying enough data to HAL, expected position 2075147 , only wrote 1762226
12-11 23:35:21.217 13026 13795 I Icing   : Indexing 3D4D041560FFAF5399AE39C790114799A73C58FB from com.google.android.gms
12-11 23:35:21.235 13026 13795 I Icing   : Indexing done 3D4D041560FFAF5399AE39C790114799A73C58FB
12-11 23:35:22.381 13813 13813 D MonkeyStub: translateCommand: touch up 991 1510
12-11 23:35:23.389 13813 13813 D MonkeyStub: translateCommand: tap 210 1014
12-11 23:35:23.461 12479 13045 I ActivityManager: START u0 {act=android.intent.action.VIEW cmp=com.android.calendar/.event.EditEventActivity (has extras)} from uid 10022 on display 0
12-11 23:35:23.466 13391 13832 D EGL_emulation: eglMakeCurrent: 0xae4d4a80: ver 2 0 (tinfo 0xae4d2660)
12-11 23:35:23.468 13391 13832 E Surface : getSlotFromBufferLocked: unknown buffer: 0xaa3588c0
12-11 23:35:23.566 13391 13832 D EGL_emulation: eglMakeCurrent: 0xae4d4a80: ver 2 0 (tinfo 0xae4d2660)
12-11 23:35:23.641 12479 12498 I ActivityManager: Displayed com.android.calendar/.event.EditEventActivity: +169ms
12-11 23:35:23.696 13391 13832 E Surface : getSlotFromBufferLocked: unknown buffer: 0xaa358780
12-11 23:35:24.478 12571 12571 D skia    : --- SkImageDecoder::Factory returned null
12-11 23:35:24.492 13419 13651 I NotifUtils: resendNotifications cancelExisting: false, account: null, folder: null
12-11 23:35:24.509 13419 14296 I NotifUtils: sendSetNewEmailIndicator account: -75366092, folder: 70791782
12-11 23:35:24.525 13419 14296 I NotifUtils: Validating Notification, mapSize: 1 getAttention: true ignoreUnobtrusive: true
12-11 23:35:24.536 13419 14296 I NotifUtils: Showing notification with unreadCount of 1 and unseenCount of 1
12-11 23:35:24.592 13419 14296 I NotifUtils: Account: -75366092 vibrate: false
12-11 23:35:24.592 13419 14296 I NotifUtils: New email in -75366092 vibrateWhen: false, playing notification: content://settings/system/notification_sound
12-11 23:35:24.623 12479 13050 I ActivityManager: Start proc 14301:android.process.media/u0a6 for content provider com.android.providers.media/.MediaProvider
12-11 23:35:24.631 14301 14301 W System  : ClassLoader referenced unknown path: /system/priv-app/MediaProvider/lib/x86
12-11 23:35:24.633 14301 14301 W System  : ClassLoader referenced unknown path: /system/priv-app/DownloadProvider/lib/x86
12-11 23:35:24.689 12203 14318 D NuPlayerDriver: notifyListener_l(0xb4862000), (1, 0, 0)
12-11 23:35:24.689 12571 14300 D MediaPlayer: setSubtitleAnchor in MediaPlayer
12-11 23:35:24.696 12479 12600 I MediaFocusControl:  AudioFocus  requestAudioFocus() from android.media.AudioManager@7520c83 req=3flags=0x0
12-11 23:35:24.698 12203 12741 D NuPlayerDriver: start(0xb4862000), state is 4, eos is 0
12-11 23:35:24.698 12203 14318 I GenericSource: start
12-11 23:35:24.704 12203 14323 E OMXNodeInstance: setConfig(1a:google.vorbis.decoder, ConfigPriority(0x6f800002)) ERROR: Undefined(0x80001001)
12-11 23:35:24.704 12203 14323 I ACodec  : codec does not support config priority (err -2147483648)
12-11 23:35:24.704 12203 14323 I MediaCodec: MediaCodec will operate in async mode
12-11 23:35:24.721 12203 14318 D NuPlayerDriver: notifyListener_l(0xb4862000), (6, 0, 0)
12-11 23:35:25.397 13813 13813 D MonkeyStub: translateCommand: tap 73 487
12-11 23:35:25.404 12792 12792 I LatinIME: Starting input. Cursor position = 0,0
12-11 23:35:25.464 12792 13909 D EGL_emulation: eglMakeCurrent: 0xae4d4780: ver 2 0 (tinfo 0xae4d2620)
12-11 23:35:25.476 12571 13019 D EGL_emulation: eglMakeCurrent: 0xaab6b940: ver 2 0 (tinfo 0xaa239df0)
12-11 23:35:26.289 12203 14322 I NuPlayerDecoder: [audio] saw output EOS
12-11 23:35:26.403 13813 13813 D MonkeyStub: translateCommand: type Grocery
12-11 23:35:26.743 12203 14318 D NuPlayerDriver: notifyListener_l(0xb4862000), (2, 0, 0)
12-11 23:35:26.743 12479 13046 I MediaFocusControl:  AudioFocus  abandonAudioFocus() from android.media.AudioManager@7520c83
12-11 23:35:27.408 13813 13813 D MonkeyStub: translateCommand: press KEYCODE_ENTER
12-11 23:35:27.432 12792 12792 I LatinIME: Starting input. Cursor position = -1,-1
12-11 23:35:27.436 12792 12792 I InputAttributes: InputType.TYPE_NULL is specified
12-11 23:35:28.416 13813 13813 D MonkeyStub: translateCommand: tap 73 628
12-11 23:35:28.424 12792 12792 I LatinIME: Starting input. Cursor position = 0,0
12-11 23:35:29.420 13813 13813 D MonkeyStub: translateCommand: type HEB
12-11 23:35:29.726 12203 12239 W audio_hw_generic: Not supplying enough data to HAL, expected position 2311625 , only wrote 2037863
12-11 23:35:30.426 13813 13813 D MonkeyStub: translateCommand: press KEYCODE_ENTER
12-11 23:35:30.476 12203 12239 D AudioFlinger: mixer(0xb4340000) throttle end: throttle time(11)
12-11 23:35:31.432 13813 13813 D MonkeyStub: translateCommand: tap 853 146
12-11 23:35:31.450 12479 13050 I ActivityManager: START u0 {act=android.intent.action.VIEW dat=content://com.android.calendar/events/-1 flg=0x4000000 cmp=com.android.calendar/.AllInOneActivity (has extras)} from uid 10022 on display 0
12-11 23:35:31.454 12479 12490 W ActivityManager: Duplicate finish request for ActivityRecord{49427e5 u0 com.android.calendar/.event.EditEventActivity t21 f}
12-11 23:35:31.460 12792 13909 D EGL_emulation: eglMakeCurrent: 0xae4d4780: ver 2 0 (tinfo 0xae4d2620)
12-11 23:35:31.461 12792 13909 E Surface : getSlotFromBufferLocked: unknown buffer: 0xa26fb960
12-11 23:35:31.516 13391 13832 D EGL_emulation: eglMakeCurrent: 0xae4d4a80: ver 2 0 (tinfo 0xae4d2660)
12-11 23:35:31.545 13391 13832 V RenderScript: 0xaa468000 Launching thread(s), CPUs 2
12-11 23:35:31.558 13391 13832 D EGL_emulation: eglMakeCurrent: 0xae4d4a80: ver 2 0 (tinfo 0xae4d2660)
12-11 23:35:31.587 13391 13832 D EGL_emulation: eglMakeCurrent: 0xae4d4a80: ver 2 0 (tinfo 0xae4d2660)
12-11 23:35:31.651 13391 13832 E Surface : getSlotFromBufferLocked: unknown buffer: 0xaa358d20
12-11 23:35:32.484 13349 13349 I CalendarProvider2: Sending notification intent: Intent { act=android.intent.action.PROVIDER_CHANGED dat=content://com.android.calendar }
12-11 23:35:32.484 13349 13349 W ContentResolver: Failed to get type for: content://com.android.calendar (Unknown URL content://com.android.calendar)
12-11 23:35:32.490 13391 13391 D AlertReceiver: onReceive: a=android.intent.action.PROVIDER_CHANGED Intent { act=android.intent.action.PROVIDER_CHANGED dat=content://com.android.calendar flg=0x10 cmp=com.android.calendar/.alerts.AlertReceiver }
12-11 23:35:32.492 12571 12571 D skia    : --- SkImageDecoder::Factory returned null
12-11 23:35:32.494 13391 14334 D AlertService: 0 Action = android.intent.action.PROVIDER_CHANGED
12-11 23:35:32.496 13026 14335 I IcingInternalCorpora: Received calendar change notification.
12-11 23:35:33.439 13813 13813 D MonkeyStub: translateCommand: tap 999 146
12-11 23:35:33.461 13391 13832 E Surface : getSlotFromBufferLocked: unknown buffer: 0xaa359720
12-11 23:35:33.519 13391 13832 D EGL_emulation: eglMakeCurrent: 0xae4d4a80: ver 2 0 (tinfo 0xae4d2660)
12-11 23:35:35.444 13813 13813 D MonkeyStub: translateCommand: tap 623 287
12-11 23:35:35.513 12479 12490 I ActivityManager: START u0 {act=android.intent.action.VIEW cmp=com.android.calendar/.event.EditEventActivity (has extras)} from uid 10022 on display 0
12-11 23:35:35.517 13391 13832 D EGL_emulation: eglMakeCurrent: 0xae4d4a80: ver 2 0 (tinfo 0xae4d2660)
12-11 23:35:35.518 13391 13832 E Surface : getSlotFromBufferLocked: unknown buffer: 0xaa358500
12-11 23:35:35.570 12203 12239 D AudioFlinger: mixer(0xb4340000) throttle end: throttle time(11)
12-11 23:35:35.589 13391 13832 D EGL_emulation: eglMakeCurrent: 0xae4d4a80: ver 2 0 (tinfo 0xae4d2660)
12-11 23:35:35.636 12479 12498 I ActivityManager: Displayed com.android.calendar/.event.EditEventActivity: +111ms
12-11 23:35:35.683 13391 13832 E Surface : getSlotFromBufferLocked: unknown buffer: 0xaa359860
12-11 23:35:36.532 12571 12571 D skia    : --- SkImageDecoder::Factory returned null
12-11 23:35:37.450 13813 13813 D MonkeyStub: translateCommand: tap 853 385
12-11 23:35:37.505 13391 13832 D EGL_emulation: eglMakeCurrent: 0xae4d4a80: ver 2 0 (tinfo 0xae4d2660)
12-11 23:35:37.531 13391 14334 I GlobalDismissManager: no sender configured
12-11 23:35:37.531 13391 14334 D AlertService: Beginning updateAlertNotification
12-11 23:35:37.535 13391 13832 D EGL_emulation: eglMakeCurrent: 0xae4d4a80: ver 2 0 (tinfo 0xae4d2660)
12-11 23:35:37.542 13391 14334 D AlertService: No fired or scheduled alerts
12-11 23:35:37.550 13391 14334 D AlertService: Scheduling next alarm with AlarmScheduler. sEventReminderReceived: null
12-11 23:35:37.557 13391 14334 D AlarmScheduler: Query result count for events starting within 1 week: 1
12-11 23:35:37.560 13391 14334 D AlarmScheduler: Scheduling alarm for EVENT_REMINDER_APP broadcast for event 9 at 1513143338550 (Tue, Dec 12, 2017 11:35pm)
12-11 23:35:38.643 12203 12239 W audio_hw_generic: Not supplying enough data to HAL, expected position 2759457 , only wrote 2399430
12-11 23:35:38.688 13391 13832 D EGL_emulation: eglMakeCurrent: 0xae4d4a80: ver 2 0 (tinfo 0xae4d2660)
12-11 23:35:39.457 13813 13813 D MonkeyStub: translateCommand: tap 308 673
12-11 23:35:39.527 13391 13832 D EGL_emulation: eglMakeCurrent: 0xae4d4a80: ver 2 0 (tinfo 0xae4d2660)
12-11 23:35:39.528 13391 13832 E Surface : getSlotFromBufferLocked: unknown buffer: 0xaa358960
12-11 23:35:39.543 13391 13832 D EGL_emulation: eglMakeCurrent: 0xae4d4a80: ver 2 0 (tinfo 0xae4d2660)
12-11 23:35:39.545 12479 12491 W InputMethodManagerService: Window already focused, ignoring focus gain of: com.android.internal.view.IInputMethodClient$Stub$Proxy@145c559 attribute=null, token = android.os.BinderProxy@95cc70f
12-11 23:35:39.568 12203 12239 D AudioFlinger: mixer(0xb4340000) throttle end: throttle time(11)
12-11 23:35:41.463 13813 13813 D MonkeyStub: translateCommand: tap 90 500
12-11 23:35:41.493 12792 12792 I LatinIME: Starting input. Cursor position = 0,0
12-11 23:35:41.533 12792 13909 D EGL_emulation: eglMakeCurrent: 0xae4d4780: ver 2 0 (tinfo 0xae4d2620)
12-11 23:35:41.871 13026 13643 I IcingInternalCorpora: EventIndexer: starting incremental update
12-11 23:35:41.874 13026 13643 I IcingInternalCorpora: EventIndexer: 1 added, 0 removed, 0 changed, 0 unchanged, 0 errors.
12-11 23:35:41.890 13026 13026 I IcingInternalCorpora: EventIndexer: finished after 19 ms.
12-11 23:35:42.472 13813 13813 D MonkeyStub: translateCommand: type RandomBirthday
12-11 23:35:42.674 12203 12239 W audio_hw_generic: Not supplying enough data to HAL, expected position 2673794 , only wrote 2537579
12-11 23:35:42.932 13026 13643 I Icing   : Indexing 69729D8A6CB1341AC179CC7E95E9803EE7E4E3B6 from com.google.android.gms
12-11 23:35:42.946 13026 13643 I Icing   : Indexing done 69729D8A6CB1341AC179CC7E95E9803EE7E4E3B6
12-11 23:35:43.478 13813 13813 D MonkeyStub: translateCommand: press KEYCODE_ENTER
12-11 23:35:43.493 12792 12792 I LatinIME: Starting input. Cursor position = -1,-1
12-11 23:35:43.496 12792 12792 I InputAttributes: InputType.TYPE_NULL is specified
12-11 23:35:44.486 13813 13813 D MonkeyStub: translateCommand: tap 658 863
12-11 23:35:44.499 13391 13391 D DatePickerDialog: onCreateView: 
12-11 23:35:44.547 13391 13832 D EGL_emulation: eglMakeCurrent: 0xae4d4a80: ver 2 0 (tinfo 0xae4d2660)
12-11 23:35:44.603 12792 13909 D EGL_emulation: eglMakeCurrent: 0xae4d4780: ver 2 0 (tinfo 0xae4d2620)
12-11 23:35:44.608 12792 13909 E Surface : getSlotFromBufferLocked: unknown buffer: 0xa26fba00
12-11 23:35:44.651 13391 13832 D EGL_emulation: eglMakeCurrent: 0xae4d4a80: ver 2 0 (tinfo 0xae4d2660)
12-11 23:35:44.660 13391 13832 D EGL_emulation: eglMakeCurrent: 0xae4d4a80: ver 2 0 (tinfo 0xae4d2660)
12-11 23:35:44.690 13391 13832 D EGL_emulation: eglMakeCurrent: 0xae4d4a80: ver 2 0 (tinfo 0xae4d2660)
12-11 23:35:44.872 13391 13832 D EGL_emulation: eglMakeCurrent: 0xae4d4a80: ver 2 0 (tinfo 0xae4d2660)
12-11 23:35:46.493 13813 13813 D MonkeyStub: translateCommand: tap 538 1333
12-11 23:35:47.658 12203 12239 W audio_hw_generic: Not supplying enough data to HAL, expected position 2813370 , only wrote 2676389
12-11 23:35:48.501 13813 13813 D MonkeyStub: translateCommand: tap 547 1682
12-11 23:35:48.525 13391 13391 D EditEvent: onDateSet: 2017 11 20
12-11 23:35:48.535 13391 13832 D EGL_emulation: eglMakeCurrent: 0xae4d4a80: ver 2 0 (tinfo 0xae4d2660)
12-11 23:35:48.537 13391 13832 E Surface : getSlotFromBufferLocked: unknown buffer: 0xaa359a40
12-11 23:35:48.549 13391 13832 D EGL_emulation: eglMakeCurrent: 0xae4d4a80: ver 2 0 (tinfo 0xae4d2660)
12-11 23:35:48.566 12203 12239 D AudioFlinger: mixer(0xb4340000) throttle end: throttle time(11)
12-11 23:35:50.508 13813 13813 D MonkeyStub: translateCommand: tap 1022 863
12-11 23:35:50.577 13391 13832 D EGL_emulation: eglMakeCurrent: 0xae4d4a80: ver 2 0 (tinfo 0xae4d2660)
12-11 23:35:50.609 13391 13832 D EGL_emulation: eglMakeCurrent: 0xae4d4a80: ver 2 0 (tinfo 0xae4d2660)
12-11 23:35:50.874 13391 13832 D EGL_emulation: eglMakeCurrent: 0xae4d4a80: ver 2 0 (tinfo 0xae4d2660)
12-11 23:35:52.513 13813 13813 D MonkeyStub: translateCommand: tap 534 1240
12-11 23:35:53.694 12203 12239 W audio_hw_generic: Not supplying enough data to HAL, expected position 3129445 , only wrote 2903773
12-11 23:35:54.520 13813 13813 D MonkeyStub: translateCommand: tap 534 1240
12-11 23:35:56.525 13813 13813 D MonkeyStub: translateCommand: tap 521 1479
12-11 23:35:56.542 13391 13832 D EGL_emulation: eglMakeCurrent: 0xae4d4a80: ver 2 0 (tinfo 0xae4d2660)
12-11 23:35:56.543 13391 13832 E Surface : getSlotFromBufferLocked: unknown buffer: 0xaa359a40
12-11 23:35:56.551 13391 13832 D EGL_emulation: eglMakeCurrent: 0xae4d4a80: ver 2 0 (tinfo 0xae4d2660)
12-11 23:35:57.145 12571 13019 D EGL_emulation: eglMakeCurrent: 0xaab6b940: ver 2 0 (tinfo 0xaa239df0)
12-11 23:35:58.534 13813 13813 D MonkeyStub: translateCommand: tap 858 146
12-11 23:35:58.560 12479 12912 I ActivityManager: START u0 {act=android.intent.action.VIEW dat=content://com.android.calendar/events/-1 flg=0x4000000 cmp=com.android.calendar/.AllInOneActivity (has extras)} from uid 10022 on display 0
12-11 23:35:58.563 12479 13046 W ActivityManager: Duplicate finish request for ActivityRecord{4e3b2b3 u0 com.android.calendar/.event.EditEventActivity t21 f}
12-11 23:35:58.598 13391 13832 D EGL_emulation: eglMakeCurrent: 0xae4d4a80: ver 2 0 (tinfo 0xae4d2660)
12-11 23:35:58.616 12203 12239 D AudioFlinger: mixer(0xb4340000) throttle end: throttle time(11)
12-11 23:35:58.629 13391 13832 D EGL_emulation: eglMakeCurrent: 0xae4d4a80: ver 2 0 (tinfo 0xae4d2660)
12-11 23:35:58.646 13391 13832 D EGL_emulation: eglMakeCurrent: 0xae4d4a80: ver 2 0 (tinfo 0xae4d2660)
12-11 23:35:58.656 13391 13832 D EGL_emulation: eglMakeCurrent: 0xae4d4a80: ver 2 0 (tinfo 0xae4d2660)
12-11 23:35:58.702 13391 13832 E Surface : getSlotFromBufferLocked: unknown buffer: 0xaa359680
12-11 23:35:58.939 13391 13391 I art     : Starting a blocking GC Explicit
12-11 23:35:58.949 13391 13391 I art     : Explicit concurrent mark sweep GC freed 10578(651KB) AllocSpace objects, 8(340KB) LOS objects, 39% free, 4MB/8MB, paused 190us total 10.410ms
12-11 23:35:58.957 13391 13391 I art     : Starting a blocking GC Explicit
12-11 23:35:58.963 13391 13391 I art     : Explicit concurrent mark sweep GC freed 7056(533KB) AllocSpace objects, 6(324KB) LOS objects, 39% free, 4MB/6MB, paused 91us total 6.684ms
12-11 23:35:58.963 13391 13391 I art     : Starting a blocking GC Explicit
12-11 23:35:58.968 13391 13391 I art     : Explicit concurrent mark sweep GC freed 3(96B) AllocSpace objects, 0(0B) LOS objects, 39% free, 4MB/6MB, paused 76us total 4.090ms
12-11 23:35:59.579 12571 12571 D skia    : --- SkImageDecoder::Factory returned null
12-11 23:35:59.580 13349 13349 I CalendarProvider2: Sending notification intent: Intent { act=android.intent.action.PROVIDER_CHANGED dat=content://com.android.calendar }
12-11 23:35:59.580 13349 13349 W ContentResolver: Failed to get type for: content://com.android.calendar (Unknown URL content://com.android.calendar)
12-11 23:35:59.585 13391 13391 D AlertReceiver: onReceive: a=android.intent.action.PROVIDER_CHANGED Intent { act=android.intent.action.PROVIDER_CHANGED dat=content://com.android.calendar flg=0x10 cmp=com.android.calendar/.alerts.AlertReceiver }
12-11 23:35:59.587 13026 14346 I IcingInternalCorpora: Received calendar change notification.
12-11 23:35:59.588 13391 14347 D AlertService: 0 Action = android.intent.action.PROVIDER_CHANGED
12-11 23:36:00.062  1235  1294 D hwcomposer: hw_composer sent 1010 syncs in 60s
12-11 23:36:00.540 13813 13813 D MonkeyStub: translateCommand: tap 999 150
12-11 23:36:00.602 13391 13832 D EGL_emulation: eglMakeCurrent: 0xae4d4a80: ver 2 0 (tinfo 0xae4d2660)
12-11 23:36:00.613 13391 13832 E Surface : getSlotFromBufferLocked: unknown buffer: 0xaa359f40
12-11 23:36:01.514 13026 14349 E ActivityThread: Failed to find provider info for com.android.contacts.metadata
12-11 23:36:01.516 12479 12492 D SyncManager: failed sync operation kbr552.testscript@gmail.com u0 (com.google), com.android.contacts.metadata, POLL, currentRunTime 4228378, reason: AccountsUpdated, SyncResult: databaseError: true stats []
12-11 23:36:01.516 12479 12492 D SyncManager: not retrying sync operation because the error is a hard error: kbr552.testscript@gmail.com u0 (com.google), com.android.contacts.metadata, POLL, currentRunTime 4350809, reason: AccountsUpdated
12-11 23:36:01.517 12816 14077 V Backup  : [GmsBackupTransport] network is up
12-11 23:36:01.517 12816 14077 V Backup  : [GmsBackupTransport] no backup now: [OperationScheduler: enabledState=true moratoriumSet=2017-12-11/23:35:09 moratorium=1969-12-31/18:00:00]
12-11 23:36:01.521 13443 14350 I Exchange: onPerformSync calendar: Bundle[{upload=true}]
12-11 23:36:01.534 13443 14350 I Exchange: PSS syncStart for account acct:5
12-11 23:36:01.534 13443 14350 I Exchange: PSS Sync is pre-empting a ping acct:5
12-11 23:36:01.534 13443 14350 I Exchange: Interrupt with reason 1
12-11 23:36:01.537 13443 14350 I Exchange: PSS Sync needs to wait: Ping: yes, Pending tasks: 1 acct: 5
12-11 23:36:01.683 13443 13483 I Exchange: Ping task ending with status: -1
12-11 23:36:01.683 13443 13483 I Exchange: PSS pingEnd for account 5
12-11 23:36:01.683 13443 13483 I Exchange: PSS pingEnd, syncs still in progress acct:5.
12-11 23:36:02.548 13813 13813 D MonkeyStub: translateCommand: tap 760 420
12-11 23:36:02.611 13391 13832 D EGL_emulation: eglMakeCurrent: 0xae4d4a80: ver 2 0 (tinfo 0xae4d2660)
12-11 23:36:02.615 12479 13045 I AccountManagerService: getTypesVisibleToCaller: isPermitted? true
12-11 23:36:02.616 13391 13391 D CalendarController: Refreshing 2 accounts
12-11 23:36:02.626 13391 13832 E Surface : getSlotFromBufferLocked: unknown buffer: 0xaa359f40
12-11 23:36:02.640 12479 12859 W InputMethodManagerService: Window already focused, ignoring focus gain of: com.android.internal.view.IInputMethodClient$Stub$Proxy@cc3d78 attribute=null, token = android.os.BinderProxy@ae5db6c
12-11 23:36:03.937 13443 14350 I Exchange: PSS syncEnd for account acct:5
12-11 23:36:03.937 13443 14350 I Exchange: PSS last sync succeeded, starting new ping acct:5.
12-11 23:36:03.937 13443 14014 I Exchange: Ping task starting for 5
12-11 23:36:03.952 13443 14355 I Exchange: onPerformSync calendar: Bundle[{ignore_settings=true, force=true, ignore_backoff=true}]
12-11 23:36:03.962 13443 14355 I Exchange: PSS syncStart for account acct:5
12-11 23:36:03.962 13443 14355 I Exchange: PSS Sync is pre-empting a ping acct:5
12-11 23:36:03.962 13443 14355 I Exchange: Interrupt with reason 1
12-11 23:36:03.962 13443 14355 I Exchange: PSS Sync needs to wait: Ping: yes, Pending tasks: 1 acct: 5
12-11 23:36:03.994 13443 14014 I Exchange: Ping task ending with status: -1
12-11 23:36:03.994 13443 14014 I Exchange: PSS pingEnd for account 5
12-11 23:36:03.994 13443 14014 I Exchange: PSS pingEnd, syncs still in progress acct:5.
12-11 23:36:04.551 13813 13813 D MonkeyStub: translateCommand: tap 999 150
12-11 23:36:04.608 13391 13832 D EGL_emulation: eglMakeCurrent: 0xae4d4a80: ver 2 0 (tinfo 0xae4d2660)
12-11 23:36:04.625 13391 14347 I GlobalDismissManager: no sender configured
12-11 23:36:04.625 13391 14347 D AlertService: Beginning updateAlertNotification
12-11 23:36:04.627 12203 12239 D AudioFlinger: mixer(0xb4340000) throttle end: throttle time(8)
12-11 23:36:04.630 13391 14347 D AlertService: No fired or scheduled alerts
12-11 23:36:04.634 13391 14347 D AlertService: Scheduling next alarm with AlarmScheduler. sEventReminderReceived: null
12-11 23:36:04.641 13391 14347 D AlarmScheduler: Query result count for events starting within 1 week: 1
12-11 23:36:04.647 13391 14347 D AlarmScheduler: Scheduling alarm for EVENT_REMINDER_APP broadcast for event 9 at 1513143365634 (Tue, Dec 12, 2017 11:36pm)
12-11 23:36:05.965 13443 14355 I Exchange: PSS syncEnd for account acct:5
12-11 23:36:05.965 13443 14355 I Exchange: PSS last sync succeeded, starting new ping acct:5.
12-11 23:36:05.965 13443 14058 I Exchange: Ping task starting for 5
12-11 23:36:06.558 13813 13813 D MonkeyStub: translateCommand: tap 809 557
12-11 23:36:06.636 13391 13832 D EGL_emulation: eglMakeCurrent: 0xae4d4a80: ver 2 0 (tinfo 0xae4d2660)
12-11 23:36:06.637 13391 13832 E Surface : getSlotFromBufferLocked: unknown buffer: 0xaa359400
12-11 23:36:06.643 13391 13832 D EGL_emulation: eglMakeCurrent: 0xae4d4a80: ver 2 0 (tinfo 0xae4d2660)
12-11 23:36:06.650 12792 12792 I LatinIME: Starting input. Cursor position = -1,-1
12-11 23:36:06.654 12479 12859 W InputMethodManagerService: Window already focused, ignoring focus gain of: com.android.internal.view.IInputMethodClient$Stub$Proxy@ecc3045 attribute=null, token = android.os.BinderProxy@ae5db6c
12-11 23:36:06.692 12203 12239 D AudioFlinger: mixer(0xb4340000) throttle end: throttle time(2)
12-11 23:36:06.713 13391 13832 D EGL_emulation: eglMakeCurrent: 0xae4d4a80: ver 2 0 (tinfo 0xae4d2660)
12-11 23:36:06.722 13391 13832 D EGL_emulation: eglMakeCurrent: 0xae4d4a80: ver 2 0 (tinfo 0xae4d2660)
12-11 23:36:06.731 13391 13832 D EGL_emulation: eglMakeCurrent: 0xae4d4a80: ver 2 0 (tinfo 0xae4d2660)
12-11 23:36:06.768 12792 12792 I InputAttributes: InputType.TYPE_NULL is specified
12-11 23:36:06.782 12571 13019 D EGL_emulation: eglMakeCurrent: 0xaab6b940: ver 2 0 (tinfo 0xaa239df0)
12-11 23:36:06.787 12792 12792 I LatinIME: Starting input. Cursor position = 0,0
12-11 23:36:06.787 12792 12792 W LatinIME: Deprecated private IME option specified: nm
12-11 23:36:06.787 12792 12792 W LatinIME: Use com.android.inputmethod.latin.noMicrophoneKey instead
12-11 23:36:06.802 13391 13832 D EGL_emulation: eglMakeCurrent: 0xae4d4a80: ver 2 0 (tinfo 0xae4d2660)
12-11 23:36:06.834 12792 13909 D EGL_emulation: eglMakeCurrent: 0xae4d4780: ver 2 0 (tinfo 0xae4d2620)
12-11 23:36:07.172 12571 13019 D EGL_emulation: eglMakeCurrent: 0xaab6b940: ver 2 0 (tinfo 0xaa239df0)
12-11 23:36:07.897 13391 13832 D EGL_emulation: eglMakeCurrent: 0xae4d4a80: ver 2 0 (tinfo 0xae4d2660)
12-11 23:36:08.173 13391 13832 D EGL_emulation: eglMakeCurrent: 0xae4d4a80: ver 2 0 (tinfo 0xae4d2660)
12-11 23:36:08.564 13813 13813 D MonkeyStub: translateCommand: type Grocery
12-11 23:36:08.594 13391 13832 D EGL_emulation: eglMakeCurrent: 0xae4d4a80: ver 2 0 (tinfo 0xae4d2660)
12-11 23:36:08.604 13391 13832 D EGL_emulation: eglMakeCurrent: 0xae4d4a80: ver 2 0 (tinfo 0xae4d2660)
12-11 23:36:08.625 13391 13832 E Surface : getSlotFromBufferLocked: unknown buffer: 0xaa359400
12-11 23:36:08.629 13391 13832 D EGL_emulation: eglMakeCurrent: 0xae4d4a80: ver 2 0 (tinfo 0xae4d2660)
12-11 23:36:08.658 13391 13832 D EGL_emulation: eglMakeCurrent: 0xae4d4a80: ver 2 0 (tinfo 0xae4d2660)
12-11 23:36:08.666 13391 13832 D EGL_emulation: eglMakeCurrent: 0xae4d4a80: ver 2 0 (tinfo 0xae4d2660)
12-11 23:36:08.692 13391 13832 D EGL_emulation: eglMakeCurrent: 0xae4d4a80: ver 2 0 (tinfo 0xae4d2660)
12-11 23:36:08.700 13391 13832 D EGL_emulation: eglMakeCurrent: 0xae4d4a80: ver 2 0 (tinfo 0xae4d2660)
12-11 23:36:08.723 13391 13832 D EGL_emulation: eglMakeCurrent: 0xae4d4a80: ver 2 0 (tinfo 0xae4d2660)
12-11 23:36:08.730 13391 13832 D EGL_emulation: eglMakeCurrent: 0xae4d4a80: ver 2 0 (tinfo 0xae4d2660)
12-11 23:36:08.746 13391 13832 D EGL_emulation: eglMakeCurrent: 0xae4d4a80: ver 2 0 (tinfo 0xae4d2660)
12-11 23:36:08.753 13391 13832 D EGL_emulation: eglMakeCurrent: 0xae4d4a80: ver 2 0 (tinfo 0xae4d2660)
12-11 23:36:08.768 13391 13832 D EGL_emulation: eglMakeCurrent: 0xae4d4a80: ver 2 0 (tinfo 0xae4d2660)
12-11 23:36:08.782 13391 13832 D EGL_emulation: eglMakeCurrent: 0xae4d4a80: ver 2 0 (tinfo 0xae4d2660)
12-11 23:36:09.274 13391 13832 D EGL_emulation: eglMakeCurrent: 0xae4d4a80: ver 2 0 (tinfo 0xae4d2660)
12-11 23:36:09.573 13813 13813 D MonkeyStub: translateCommand: press KEYCODE_ENTER
12-11 23:36:09.578 12792 12792 I LatinIME: Starting input. Cursor position = 7,7
12-11 23:36:09.578 12792 12792 W LatinIME: Deprecated private IME option specified: nm
12-11 23:36:09.578 12792 12792 W LatinIME: Use com.android.inputmethod.latin.noMicrophoneKey instead
12-11 23:36:09.583 13391 13832 E Surface : getSlotFromBufferLocked: unknown buffer: 0xaa359f40
12-11 23:36:09.590 12479 13051 I ActivityManager: START u0 {act=android.intent.action.SEARCH flg=0x20000000 cmp=com.android.calendar/.SearchActivity (has extras)} from uid 10022 on display 0
12-11 23:36:09.597 13391 13391 W IInputConnectionWrapper: getSelectedText on inactive InputConnection
12-11 23:36:09.607 13391 13391 W IInputConnectionWrapper: requestCursorAnchorInfo on inactive InputConnection
12-11 23:36:09.629 13391 13391 W IInputConnectionWrapper: getTextBeforeCursor on inactive InputConnection
12-11 23:36:09.629 12792 12792 E RichInputConnection: Unable to connect to the editor to retrieve text.
12-11 23:36:09.629 12792 12792 D RichInputConnection: Will try to retrieve text later.
12-11 23:36:09.670 13391 13832 D EGL_emulation: eglMakeCurrent: 0xae4d4a80: ver 2 0 (tinfo 0xae4d2660)
12-11 23:36:09.686 13391 13391 W ViewRootImpl: Cancelling event due to no window focus: KeyEvent { action=ACTION_UP, keyCode=KEYCODE_ENTER, scanCode=0, metaState=0, flags=0x28, repeatCount=0, eventTime=4236523, downTime=4236523, deviceId=-1, source=0x101 }
12-11 23:36:09.686 13391 13391 W ViewRootImpl: Cancelling event due to no window focus: KeyEvent { action=ACTION_UP, keyCode=KEYCODE_ENTER, scanCode=0, metaState=0, flags=0x28, repeatCount=0, eventTime=4236523, downTime=4236523, deviceId=-1, source=0x101 }
12-11 23:36:09.686 13391 13391 W ViewRootImpl: Cancelling event due to no window focus: KeyEvent { action=ACTION_UP, keyCode=KEYCODE_ENTER, scanCode=0, metaState=0, flags=0x28, repeatCount=0, eventTime=4236523, downTime=4236523, deviceId=-1, source=0x101 }
12-11 23:36:09.686 13391 13391 W ViewRootImpl: Cancelling event due to no window focus: KeyEvent { action=ACTION_UP, keyCode=KEYCODE_ENTER, scanCode=0, metaState=0, flags=0x28, repeatCount=0, eventTime=4236523, downTime=4236523, deviceId=-1, source=0x101 }
12-11 23:36:09.686 13391 13391 W ViewRootImpl: Cancelling event due to no window focus: KeyEvent { action=ACTION_UP, keyCode=KEYCODE_ENTER, scanCode=0, metaState=0, flags=0x28, repeatCount=0, eventTime=4236523, downTime=4236523, deviceId=-1, source=0x101 }
12-11 23:36:09.687 13391 13391 W ViewRootImpl: Cancelling event due to no window focus: KeyEvent { action=ACTION_UP, keyCode=KEYCODE_ENTER, scanCode=0, metaState=0, flags=0x28, repeatCount=0, eventTime=4236523, downTime=4236523, deviceId=-1, source=0x101 }
12-11 23:36:09.687 13391 13391 W ViewRootImpl: Cancelling event due to no window focus: KeyEvent { action=ACTION_UP, keyCode=KEYCODE_ENTER, scanCode=0, metaState=0, flags=0x28, repeatCount=0, eventTime=4236523, downTime=4236523, deviceId=-1, source=0x101 }
12-11 23:36:09.687 13391 13391 W ViewRootImpl: Cancelling event due to no window focus: KeyEvent { action=ACTION_UP, keyCode=KEYCODE_ENTER, scanCode=0, metaState=0, flags=0x28, repeatCount=0, eventTime=4236523, downTime=4236523, deviceId=-1, source=0x101 }
12-11 23:36:09.687 13391 13391 W ViewRootImpl: Cancelling event due to no window focus: KeyEvent { action=ACTION_UP, keyCode=KEYCODE_ENTER, scanCode=0, metaState=0, flags=0x28, repeatCount=0, eventTime=4236523, downTime=4236523, deviceId=-1, source=0x101 }
12-11 23:36:09.698 13391 13391 W IInputConnectionWrapper: getTextBeforeCursor on inactive InputConnection
12-11 23:36:09.699 12792 12792 E RichInputConnection: Unable to connect to the editor to retrieve text.
12-11 23:36:09.699 12792 12792 W RichInputConnection: Unable to connect to the editor. Setting caps mode without knowing text.
12-11 23:36:09.737 13391 13391 W IInputConnectionWrapper: getTextBeforeCursor on inactive InputConnection
12-11 23:36:09.741 12792 12792 E RichInputConnection: Unable to connect to the editor to retrieve text.
12-11 23:36:09.741 12792 12792 W RichInputConnection: Unable to connect to the editor. Setting caps mode without knowing text.
12-11 23:36:09.745 13391 13391 W ViewRootImpl: Cancelling event due to no window focus: KeyEvent { action=ACTION_UP, keyCode=KEYCODE_ENTER, scanCode=0, metaState=0, flags=0x28, repeatCount=0, eventTime=4236543, downTime=4236522, deviceId=-1, source=0x101 }
12-11 23:36:09.745 13391 13391 W ViewRootImpl: Cancelling event due to no window focus: KeyEvent { action=ACTION_UP, keyCode=KEYCODE_ENTER, scanCode=0, metaState=0, flags=0x28, repeatCount=0, eventTime=4236543, downTime=4236522, deviceId=-1, source=0x101 }
12-11 23:36:09.745 13391 13391 W ViewRootImpl: Cancelling event due to no window focus: KeyEvent { action=ACTION_UP, keyCode=KEYCODE_ENTER, scanCode=0, metaState=0, flags=0x28, repeatCount=0, eventTime=4236543, downTime=4236522, deviceId=-1, source=0x101 }
