12-11 23:37:37.369 13026 14605 W Conscrypt:    java.lang.reflect.Method.invoke(Native Method)
12-11 23:37:37.369 13026 14605 W Conscrypt:    com.google.android.gms.org.conscrypt.Platform.setSocketWriteTimeout(:com.google.android.gms@11743470:13)
12-11 23:37:37.369 12816 14597 I GCoreUlr: Unbound from all location providers
12-11 23:37:37.369 12816 14597 I GCoreUlr: Place inference reporting - stop
12-11 23:37:37.382 12816 14597 I GCoreUlr: DispatchingService.updateActiveState+restrictTo: Ensuring that reporting is stopped because of reasons: (no Google accounts)
12-11 23:37:37.390 12816 14597 I GCoreUlr: Unbound from all location providers
12-11 23:37:37.390 12816 14597 I GCoreUlr: Place inference reporting - stop
12-11 23:37:37.392 13026 14396 I RealtimeCacheCleanup: Finished Realtime garbage collection.
12-11 23:37:37.392 13026 14396 I ContentMaintenance: Finished garbage collection.
12-11 23:37:37.407 12816 12816 I GCoreUlr: Stopping handler for UlrDispSvcFast
12-11 23:37:37.410 12816 12816 I GCoreUlr: Unbound from all location providers
12-11 23:37:37.410 12816 12816 I GCoreUlr: Place inference reporting - stop
12-11 23:37:37.443 13813 13813 D MonkeyStub: translateCommand: tap 545 1839
12-11 23:37:37.448 12479 12513 I ActivityManager: START u0 {act=android.intent.action.MAIN cat=[android.intent.category.HOME] flg=0x10200000 cmp=com.android.launcher3/.Launcher (has extras)} from uid 1000 on display 0
12-11 23:37:37.450  1235  2048 D gralloc_ranchu: gralloc_alloc: Creating ashmem region of size 1327104
12-11 23:37:37.458 12479 12513 D         : HostConnection::get() New Host Connection established 0x9d60cf00, tid 12513
12-11 23:37:37.458 12571 13019 D EGL_emulation: eglMakeCurrent: 0xaab6b940: ver 2 0 (tinfo 0xaa239df0)
12-11 23:37:37.468 12479 13052 I AccountManagerService: getTypesVisibleToCaller: isPermitted? true
12-11 23:37:37.475 13026 14605 W Conscrypt: Could not set socket write timeout:
12-11 23:37:37.475 13026 14605 W Conscrypt:    java.lang.reflect.Method.invoke(Native Method)
12-11 23:37:37.475 13026 14605 W Conscrypt:    com.google.android.gms.org.conscrypt.Platform.setSocketWriteTimeout(:com.google.android.gms@11743470:13)
12-11 23:37:37.476 13486 13498 D EGL_emulation: eglCreateContext: 0xaab6a740: maj 2 min 0 rcv 2
12-11 23:37:37.480 13486 13498 D EGL_emulation: eglMakeCurrent: 0xaab6a740: ver 2 0 (tinfo 0xb40dc990)
12-11 23:37:37.522 13486 13498 D EGL_emulation: eglCreateContext: 0xaab6ada0: maj 2 min 0 rcv 2
12-11 23:37:37.523 13486 13498 D EGL_emulation: eglMakeCurrent: 0xaab6ada0: ver 2 0 (tinfo 0xb40dc990)
12-11 23:37:37.551 12479 12513 W         : Unrecognized GLES max version string in extensions: ANDROID_EMU_CHECKSUM_HELPER_v1 ANDROID_EMU_dma_v1 
12-11 23:37:37.555  1235  1235 E EGL_emulation: tid 1235: eglCreateSyncKHR(1881): error 0x3004 (EGL_BAD_ATTRIBUTE)
12-11 23:37:37.559 13498 13498 W Binder_2: type=1400 audit(0.0:177): avc: denied { search } for name="12201" dev="proc" ino=81638 scontext=u:r:untrusted_app:s0:c512,c768 tcontext=u:r:zygote:s0 tclass=dir permissive=0
12-11 23:37:37.613 12571 13019 D EGL_emulation: eglMakeCurrent: 0xaab6b940: ver 2 0 (tinfo 0xaa239df0)
12-11 23:37:37.622 13349 13349 I CalendarProvider2: Sending notification intent: Intent { act=android.intent.action.PROVIDER_CHANGED dat=content://com.android.calendar }
12-11 23:37:37.622 13349 13349 W ContentResolver: Failed to get type for: content://com.android.calendar (Unknown URL content://com.android.calendar)
12-11 23:37:37.627 13026 14415 I IcingInternalCorpora: Received calendar change notification.
12-11 23:37:37.630 14175 14189 D EGL_emulation: eglMakeCurrent: 0xae4d4480: ver 2 0 (tinfo 0xae4d26c0)
12-11 23:37:37.632 13391 13391 D AlertReceiver: onReceive: a=android.intent.action.PROVIDER_CHANGED Intent { act=android.intent.action.PROVIDER_CHANGED dat=content://com.android.calendar flg=0x10 cmp=com.android.calendar/.alerts.AlertReceiver }
12-11 23:37:37.634 12571 13019 D EGL_emulation: eglMakeCurrent: 0xaab6b940: ver 2 0 (tinfo 0xaa239df0)
12-11 23:37:37.637 13026 13510 I CheckinUtil: Classify the device as Phone.
12-11 23:37:37.640 14175 14189 E Surface : getSlotFromBufferLocked: unknown buffer: 0xb2caf360
12-11 23:37:37.647 12848 13053 D EGL_emulation: eglMakeCurrent: 0xae4d4a80: ver 2 0 (tinfo 0xae4d26b0)
12-11 23:37:37.719 13391 14457 I GlobalDismissManager: no sender configured
12-11 23:37:37.721 13391 14457 D AlertService: Beginning updateAlertNotification
12-11 23:37:37.757 13026 14600 E MS_RegisterService: Exception during register request.
12-11 23:37:37.757 13026 14600 E MS_RegisterService: bbtc: PERMISSION_DENIED: The caller does not have permission
12-11 23:37:37.757 13026 14600 E MS_RegisterService: 	at bbsy.c(:com.google.android.gms@11743470:3)
12-11 23:37:37.757 13026 14600 E MS_RegisterService: 	at mgw.a(:com.google.android.gms@11743470:82)
12-11 23:37:37.757 13026 14600 E MS_RegisterService: 	at com.google.android.libraries.matchstick.net.SilentRegisterIntentOperation.a(:com.google.android.gms@11743470:235)
12-11 23:37:37.757 13026 14600 E MS_RegisterService: 	at com.google.android.libraries.matchstick.net.SilentRegisterIntentOperation.onHandleIntent(:com.google.android.gms@11743470:329)
12-11 23:37:37.757 13026 14600 E MS_RegisterService: 	at com.google.android.chimera.IntentOperation.onHandleIntent(:com.google.android.gms@11743470:2)
12-11 23:37:37.757 13026 14600 E MS_RegisterService: 	at bwo.run(:com.google.android.gms@11743470:10)
12-11 23:37:37.757 13026 14600 E MS_RegisterService: 	at bwl.run(:com.google.android.gms@11743470:14)
12-11 23:37:37.757 13026 14600 E MS_RegisterService: 	at java.util.concurrent.ThreadPoolExecutor.runWorker(ThreadPoolExecutor.java:1113)
12-11 23:37:37.757 13026 14600 E MS_RegisterService: 	at java.util.concurrent.ThreadPoolExecutor$Worker.run(ThreadPoolExecutor.java:588)
12-11 23:37:37.757 13026 14600 E MS_RegisterService: 	at java.lang.Thread.run(Thread.java:818)
12-11 23:37:37.797 12479 13045 I AccountManagerService: getTypesVisibleToCaller: isPermitted? true
12-11 23:37:37.843 13391 14457 D AlertService: No fired or scheduled alerts
12-11 23:37:37.859 12571 13019 D EGL_emulation: eglMakeCurrent: 0xaab6b940: ver 2 0 (tinfo 0xaa239df0)
12-11 23:37:37.864 12571 13019 D EGL_emulation: eglMakeCurrent: 0xaab6b940: ver 2 0 (tinfo 0xaa239df0)
12-11 23:37:37.882 13391 14457 D AlertService: 0 Action = android.intent.action.PROVIDER_CHANGED
12-11 23:37:37.907 13026 13510 W System  : Ignoring header Cookie because its value was null.
12-11 23:37:37.907 13026 13510 I ProcessCheckinRequest: set cookie as: null
12-11 23:37:37.937 13026 13510 W Conscrypt: Could not set socket write timeout:
12-11 23:37:37.937 13026 13510 W Conscrypt:    java.lang.reflect.Method.invoke(Native Method)
12-11 23:37:37.937 13026 13510 W Conscrypt:    com.google.android.gms.org.conscrypt.Platform.setSocketWriteTimeout(:com.google.android.gms@11743470:13)
12-11 23:37:37.999 13026 13510 W Conscrypt: Could not set socket write timeout:
12-11 23:37:37.999 13026 13510 W Conscrypt:    java.lang.reflect.Method.invoke(Native Method)
12-11 23:37:37.999 13026 13510 W Conscrypt:    com.google.android.gms.org.conscrypt.Platform.setSocketWriteTimeout(:com.google.android.gms@11743470:13)
12-11 23:37:38.018 13026 13510 I ProcessCheckinRequest: REQUEST: b: "000000000000000"
12-11 23:37:38.018 13026 13510 I ProcessCheckinRequest: c: "020000000000"
12-11 23:37:38.018 13026 13510 I ProcessCheckinRequest: d: "wifi"
12-11 23:37:38.018 13026 13510 I ProcessCheckinRequest: g: 4409849727763727186
12-11 23:37:38.018 13026 13510 I ProcessCheckinRequest: h: -649437007435140593
12-11 23:37:38.018 13026 13510 I ProcessCheckinRequest: i: "1-47fbcfdfecef63608982d5a4a34e9ed86608fa28"
12-11 23:37:38.018 13026 13510 I ProcessCheckinRequest: j: "en_US"
12-11 23:37:38.018 13026 13510 I ProcessCheckinRequest: k <
12-11 23:37:38.018 13026 13510 I ProcessCheckinRequest:   a <
12-11 23:37:38.018 13026 13510 I ProcessCheckinRequest:     a: "Android/sdk_google_phone_x86/generic_x86:6.0/MASTER/4409279:userdebug/test-keys"
12-11 23:37:38.018 13026 13510 I ProcessCheckinRequest:     c: "unknown"
12-11 23:37:38.018 13026 13510 I ProcessCheckinRequest:     d: "ranchu"
12-11 23:37:38.018 13026 13510 I ProcessCheckinRequest:     e: "Android"
12-11 23:37:38.018 13026 13510 I ProcessCheckinRequest:     f: "android-google"
12-11 23:37:38.018 13026 13510 I ProcessCheckinRequest:     g: 1508538613
12-11 23:37:38.018 13026 13510 I ProcessCheckinRequest:     h: 11743470
12-11 23:37:38.018 13026 13510 I ProcessCheckinRequest:     i: 23
12-11 23:37:38.018 13026 13510 I ProcessCheckinRequest:     j: "generic_x86"
12-11 23:37:38.018 13026 13510 I ProcessCheckinRequest:     k: "Android SDK built for x86"
12-11 23:37:38.018 13026 13510 I ProcessCheckinRequest:     l: "unknown"
12-11 23:37:38.018 13026 13510 I ProcessCheckinRequest:     m: "sdk_google_phone_x86"
12-11 23:37:38.018 13026 13510 I ProcessCheckinRequest:     n: false
12-11 23:37:38.018 13026 13510 I ProcessCheckinRequest:     o <
12-11 23:37:38.018 13026 13510 I ProcessCheckinRequest:       a: 1
12-11 23:37:38.018 13026 13510 I ProcessCheckinRequest:       b: "android-google"
12-11 23:37:38.018 13026 13510 I ProcessCheckinRequest:     >
12-11 23:37:38.018 13026 13510 I ProcessCheckinRequest:     q: "2016-09-06"
12-11 23:37:38.018 13026 13510 I ProcessCheckinRequest:   >
12-11 23:37:38.018 13026 13510 I ProcessCheckinRequest:   b: 1513052769622
12-11 23:37:38.018 13026 13510 I ProcessCheckinRequest:   e: "310260"
12-11 23:37:38.018 13026 13510 I ProcessCheckinRequest:   f: "310260"
12-11 23:37:38.018 13026 13510 I ProcessCheckinRequest:   g: "MOBILE:LTE:"
12-11 23:37:38.018 13026 13510 I ProcessCheckinRequest:   h: true
12-11 23:37:38.018 13026 13510 I ProcessCheckinRequest:   i: 0
12-11 23:37:38.018 13026 13510 I ProcessCheckinRequest:   j: 2
12-11 23:37:38.018 13026 13510 I ProcessCheckinRequest:   k <
12-11 23:37:38.018 13026 13510 I ProcessCheckinRequest:     a: 4
12-11 23:37:38.018 13026 13510 I ProcessCheckinRequest:     b: 1
12-11 23:37:38.018 13026 13510 I ProcessCheckinRequest:     c: "unspecified"
12-11 23:37:38.018 13026 13510 I ProcessCheckinRequest:     d: ""
12-11 23:37:38.018 13026 13510 I ProcessCheckinRequest:     e: false
12-11 23:37:38.018 13026 13510 I ProcessCheckinRequest:   >
12-11 23:37:38.018 13026 13510 I ProcessCheckinRequest:   l <
12-11 23:37:38.018 13026 13510 I ProcessCheckinRequest:     a: "310260"
12-11 23:37:38.018 13026 13510 I ProcessCheckinRequest:     b: "Android"
12-11 23:37:38.018 13026 13510 I ProcessCheckinRequest:     c: "0"
12-11 23:37:38.018 13026 13510 I ProcessCheckinRequest:     d: 0
12-11 23:37:38.018 13026 13510 I ProcessCheckinRequest:     d: 1
12-11 23:37:38.018 13026 13510 I ProcessCheckinRequest:     d: 2
12-11 23:37:38.018 13026 13510 I ProcessCheckinRequest:     e: "310260000000000"
12-11 23:37:38.018 13026 13510 I ProcessCheckinRequest:     g: "\027L"
12-11 23:37:38.018 13026 13510 I ProcessCheckinRequest:   >
12-11 23:37:38.018 13026 13510 I ProcessCheckinRequest: >
12-11 23:37:38.018 13026 13510 I ProcessCheckinRequest: l: ""
12-11 23:37:38.018 13026 13510 I ProcessCheckinRequest: m: "America/Chicago"
12-11 23:37:38.018 13026 13510 I ProcessCheckinRequest: n: 297525769416126963
12-11 23:37:38.018 13026 13510 I ProcessCheckinRequest: o: 3
12-11 23:37:38.018 13026 13510 I ProcessCheckinRequest: p: "71Q6Rn2DDZl1zPDVaaeEHItd+Yg="
12-11 23:37:38.018 13026 13510 I ProcessCheckinRequest: q <
12-11 23:37:38.018 13026 13510 I ProcessCheckinRequest:   a: 3
12-11 23:37:38.018 13026 13510 I ProcessCheckinRequest:   b: 1
12-11 23:37:38.018 13026 13510 I ProcessCheckinRequest:   c: 2
12-11 23:37:38.018 13026 13510 I ProcessCheckinRequest:   d: 2
12-11 23:37:38.018 13026 13510 I ProcessCheckinRequest:   e: false
12-11 23:37:38.018 13026 13510 I ProcessCheckinRequest:   f: true
12-11 23:37:38.018 13026 13510 I ProcessCheckinRequest:   g: 480
12-11 23:37:38.018 13026 13510 I ProcessCheckinRequest:   h: 1080
12-11 23:37:38.018 13026 13510 I ProcessCheckinRequest:   i: 1776
12-11 23:37:38.018 13026 13510 I ProcessCheckinRequest:   j: 131072
12-11 23:37:38.018 13026 13510 I ProcessCheckinRequest:   k: "android.test.runner"
12-11 23:37:38.018 13026 13510 I ProcessCheckinRequest:   k: "com.android.future.usb.accessory"
12-11 23:37:38.018 13026 13510 I ProcessCheckinRequest:   k: "com.android.location.provider"
12-11 23:37:38.018 13026 13510 I ProcessCheckinRequest:   k: "com.android.media.remotedisplay"
12-11 23:37:38.018 13026 13510 I ProcessCheckinRequest:   k: "com.android.mediadrm.signer"
12-11 23:37:38.018 13026 13510 I ProcessCheckinRequest:   k: "com.google.android.gms"
12-11 23:37:38.018 13026 13510 I ProcessCheckinRequest:   k: "com.google.android.maps"
12-11 23:37:38.018 13026 13510 I ProcessCheckinRequest:   k: "com.google.android.media.effects"
12-11 23:37:38.018 13026 13510 I ProcessCheckinRequest:   k: "javax.obex"
12-11 23:37:38.018 13026 13510 I ProcessCheckinRequest:   k: "org.apache.http.legacy"
12-11 23:37:38.018 13026 13510 I ProcessCheckinRequest:   l: "android.hardware.audio.output"
12-11 23:37:38.018 13026 13510 I ProcessCheckinRequest:   l: "android.hardware.camera"
12-11 23:37:38.018 13026 13510 I ProcessCheckinRequest:   l: "android.hardware.camera.any"
12-11 23:37:38.018 13026 13510 I ProcessCheckinRequest:   l: "android.hardware.faketouch"
12-11 23:37:38.018 13026 13510 I ProcessCheckinRequest:   l: "android.hardware.location"
12-11 23:37:38.018 13026 13510 I ProcessCheckinRequest:   l: "android.hardware.location.gps"
12-11 23:37:38.018 13026 13510 I ProcessCheckinRequest:   l: "android.hardware.location.network"
12-11 23:37:38.018 13026 13510 I ProcessCheckinRequest:   l: "android.hardware.microphone"
12-11 23:37:38.018 13026 13510 I ProcessCheckinRequest:   l: "android.hardware.screen.landscape"
12-11 23:37:38.018 13026 13510 I ProcessCheckinRequest:   l: "android.hardware.screen.portrait"
12-11 23:37:38.018 13026 13510 I ProcessCheckinRequest:   l: "android.hardware.sensor.accelerometer"
12-11 23:37:38.018 13026 13510 I ProcessCheckinRequest:   l: "android.hardware.sensor.ambient_temperature"
12-11 23:37:38.018 13026 13510 I ProcessCheckinRequest:   l: "android.hardware.sensor.barometer"
12-11 23:37:38.018 13026 13510 I ProcessCheckinRequest:   l: "android.hardware.sensor.compass"
12-11 23:37:38.018 13026 13510 I ProcessCheckinRequest:   l: "android.hardware.sensor.light"
12-11 23:37:38.018 13026 13510 I ProcessCheckinRequest:   l: "android.hardware.sensor.proximity"
12-11 23:37:38.018 13026 13510 I ProcessCheckinRequest:   l: "android.hardware.sensor.relative_humidity"
12-11 23:37:38.018 13026 13510 I ProcessCheckinRequest:   l: "android.hardware.telephony"
12-11 23:37:38.018 13026 13510 I ProcessCheckinRequest:   l: "android.hardware.telephony.gsm"
12-11 23:37:38.018 13026 13510 I ProcessCheckinRequest:   l: "android.hardware.touchscreen"
12-11 23:37:38.018 13026 13510 I ProcessCheckinRequest:   l: "android.hardware.touchscreen.multitouch"
12-11 23:37:38.018 13026 13510 I ProcessCheckinRequest:   l: "android.hardware.touchscreen.multitouch.distinct"
12-11 23:37:38.018 13026 13510 I ProcessCheckinRequest:   l: "android.hardware.touchscreen.multitouch.jazzhand"
12-11 23:37:38.018 13026 13510 I ProcessCheckinRequest:   l: "android.hardware.usb.accessory"
12-11 23:37:38.018 13026 13510 I ProcessCheckinRequest:   l: "android.software.app_widgets"
12-11 23:37:38.018 13026 13510 I ProcessCheckinRequest:   l: "android.software.backup"
12-11 23:37:38.018 13026 13510 I ProcessCheckinRequest:   l: "android.software.connectionservice"
12-11 23:37:38.018 13026 13510 I ProcessCheckinRequest:   l: "android.software.device_admin"
12-11 23:37:38.018 13026 13510 I ProcessCheckinRequest:   l: "android.software.home_screen"
12-11 23:37:38.018 13026 13510 I ProcessCheckinRequest:   l: "android.software.input_methods"
12-11 23:37:38.018 13026 13510 I ProcessCheckinRequest:   l: "android.software.live_wallpaper"
12-11 23:37:38.018 13026 13510 I ProcessCheckinRequest:   l: "android.software.managed_users"
12-11 23:37:38.018 13026 13510 I ProcessCheckinRequest:   l: "android.software.midi"
12-11 23:37:38.018 13026 13510 I ProcessCheckinRequest:   l: "android.software.print"
12-11 23:37:38.018 13026 13510 I ProcessCheckinRequest:   l: "android.software.voice_recognizers"
12-11 23:37:38.018 13026 13510 I ProcessCheckinRequest:   l: "android.software.webview"
12-11 23:37:38.018 13026 13510 I ProcessCheckinRequest:   m <
12-11 23:37:38.018 13026 13510 I ProcessCheckinRequest:     a: "android.hardware.audio.output"
12-11 23:37:38.018 13026 13510 I ProcessCheckinRequest:     b: 0
12-11 23:37:38.018 13026 13510 I ProcessCheckinRequest:   >
12-11 23:37:38.018 13026 13510 I ProcessCheckinRequest:   m <
12-11 23:37:38.018 13026 13510 I ProcessCheckinRequest:     a: "android.hardware.camera"
12-11 23:37:38.018 13026 13510 I ProcessCheckinRequest:     b: 0
12-11 23:37:38.018 13026 13510 I ProcessCheckinRequest:   >
12-11 23:37:38.018 13026 13510 I ProcessCheckinRequest:   m <
12-11 23:37:38.018 13026 13510 I ProcessCheckinRequest:     a: "android.hardware.camera.any"
12-11 23:37:38.018 13026 13510 I ProcessCheckinRequest:     b: 0
12-11 23:37:38.018 13026 13510 I ProcessCheckinRequest:   >
12-11 23:37:38.018 13026 13510 I ProcessCheckinRequest:   m <
12-11 23:37:38.018 13026 13510 I ProcessCheckinRequest:     a: "android.hardware.faketouch"
12-11 23:37:38.018 13026 13510 I ProcessCheckinRequest:     b: 0
12-11 23:37:38.018 13026 13510 I ProcessCheckinRequest:   >
12-11 23:37:38.018 13026 13510 I ProcessCheckinRequest:   m <
12-11 23:37:38.018 13026 13510 I ProcessCheckinRequest:     a: "android.hardware.location"
12-11 23:37:38.018 13026 13510 I ProcessCheckinRequest:     b: 0
12-11 23:37:38.018 13026 13510 I ProcessCheckinRequest:   >
12-11 23:37:38.018 13026 13510 I ProcessCheckinRequest:   m <
12-11 23:37:38.018 13026 13510 I ProcessCheckinRequest:     a: "android.hardware.location.gps"
12-11 23:37:38.018 13026 13510 I ProcessCheckinRequest:     b: 0
12-11 23:37:38.018 13026 13510 I ProcessCheckinRequest:   >
12-11 23:37:38.018 13026 13510 I ProcessCheckinRequest:   m <
12-11 23:37:38.018 13026 13510 I ProcessCheckinRequest:     a: "android.hardware.location.network"
12-11 23:37:38.018 13026 13510 I ProcessCheckinRequest:     b: 0
12-11 23:37:38.018 13026 13510 I ProcessCheckinRequest:   >
12-11 23:37:38.018 13026 13510 I ProcessCheckinRequest:   m <
12-11 23:37:38.018 13026 13510 I ProcessCheckinRequest:     a: "android.hardware.microphone"
12-11 23:37:38.018 13026 13510 I ProcessCheckinRequest:     b: 0
12-11 23:37:38.018 13026 13510 I ProcessCheckinRequest:   >
12-11 23:37:38.018 13026 13510 I ProcessCheckinRequest:   m <
12-11 23:37:38.018 13026 13510 I ProcessCheckinRequest:     a: "android.hardware.screen.landscape"
12-11 23:37:38.018 13026 13510 I ProcessCheckinRequest:     b: 0
12-11 23:37:38.018 13026 13510 I ProcessCheckinRequest:   >
12-11 23:37:38.018 13026 13510 I ProcessCheckinRequest:   m <
12-11 23:37:38.018 13026 13510 I ProcessCheckinRequest:     a: "android.hardware.screen.portrait"
12-11 23:37:38.018 13026 13510 I ProcessCheckinRequest:     b: 0
12-11 23:37:38.018 13026 13510 I ProcessCheckinRequest:   >
12-11 23:37:38.018 13026 13510 I ProcessCheckinRequest:   m <
12-11 23:37:38.018 13026 13510 I ProcessCheckinRequest:     a: "android.hardware.sensor.accelerometer"
12-11 23:37:38.018 13026 13510 I ProcessCheckinRequest:     b: 0
12-11 23:37:38.018 13026 13510 I ProcessCheckinRequest:   >
12-11 23:37:38.018 13026 13510 I ProcessCheckinRequest:   m <
12-11 23:37:38.018 13026 13510 I ProcessCheckinRequest:     a: "android.hardware.sensor.ambient_temperature"
12-11 23:37:38.018 13026 13510 I ProcessCheckinRequest:     b: 0
12-11 23:37:38.018 13026 13510 I ProcessCheckinRequest:   >
12-11 23:37:38.018 13026 13510 I ProcessCheckinRequest:   m <
12-11 23:37:38.018 13026 13510 I ProcessCheckinRequest:     a: "android.hardware.sensor.barometer"
12-11 23:37:38.018 13026 13510 I ProcessCheckinRequest:     b: 0
12-11 23:37:38.018 13026 13510 I ProcessCheckinRequest:   >
12-11 23:37:38.018 13026 13510 I ProcessCheckinRequest:   m <
12-11 23:37:38.018 13026 13510 I ProcessCheckinRequest:     a: "android.hardware.sensor.compass"
12-11 23:37:38.018 13026 13510 I ProcessCheckinRequest:     b: 0
12-11 23:37:38.018 13026 13510 I ProcessCheckinRequest:   >
12-11 23:37:38.018 13026 13510 I ProcessCheckinRequest:   m <
12-11 23:37:38.018 13026 13510 I ProcessCheckinRequest:     a: "android.hardware.sensor.light"
12-11 23:37:38.018 13026 13510 I ProcessCheckinRequest:     b: 0
12-11 23:37:38.018 13026 13510 I ProcessCheckinRequest:   >
12-11 23:37:38.018 13026 13510 I ProcessCheckinRequest:   m <
12-11 23:37:38.018 13026 13510 I ProcessCheckinRequest:     a: "android.hardware.sensor.proximity"
12-11 23:37:38.018 13026 13510 I ProcessCheckinRequest:     b: 0
12-11 23:37:38.018 13026 13510 I ProcessCheckinRequest:   >
12-11 23:37:38.018 13026 13510 I ProcessCheckinRequest:   m <
12-11 23:37:38.018 13026 13510 I ProcessCheckinRequest:     a: "android.hardware.sensor.relative_humidity"
12-11 23:37:38.018 13026 13510 I ProcessCheckinRequest:     b: 0
12-11 23:37:38.018 13026 13510 I ProcessCheckinRequest:   >
12-11 23:37:38.018 13026 13510 I ProcessCheckinRequest:   m <
12-11 23:37:38.018 13026 13510 I ProcessCheckinRequest:     a: "android.hardware.telephony"
12-11 23:37:38.018 13026 13510 I ProcessCheckinRequest:     b: 0
12-11 23:37:38.018 13026 13510 I ProcessCheckinRequest:   >
12-11 23:37:38.018 13026 13510 I ProcessCheckinRequest:   m <
12-11 23:37:38.018 13026 13510 I ProcessCheckinRequest:     a: "android.hardware.telephony.gsm"
12-11 23:37:38.018 13026 13510 I ProcessCheckinRequest:     b: 0
12-11 23:37:38.018 13026 13510 I ProcessCheckinRequest:   >
12-11 23:37:38.018 13026 13510 I ProcessCheckinRequest:   m <
12-11 23:37:38.018 13026 13510 I ProcessCheckinRequest:     a: "android.hardware.touchscreen"
12-11 23:37:38.018 13026 13510 I ProcessCheckinRequest:     b: 0
12-11 23:37:38.018 13026 13510 I ProcessCheckinRequest:   >
12-11 23:37:38.018 13026 13510 I ProcessCheckinRequest:   m <
12-11 23:37:38.018 13026 13510 I ProcessCheckinRequest:     a: "android.hardware.touchscreen.multitouch"
12-11 23:37:38.018 13026 13510 I ProcessCheckinRequest:     b: 0
12-11 23:37:38.018 13026 13510 I ProcessCheckinRequest:   >
12-11 23:37:38.018 13026 13510 I ProcessCheckinRequest:   m <
12-11 23:37:38.018 13026 13510 I ProcessCheckinRequest:     a: "android.
12-11 23:37:38.183 12848 13053 W OpenGLRenderer: Incorrectly called buildLayer on View: ShortcutAndWidgetContainer, destroying layer...
12-11 23:37:38.183 12848 13053 W OpenGLRenderer: Incorrectly called buildLayer on View: ShortcutAndWidgetContainer, destroying layer...
