12-11 23:34:28.266 12816 13959 I Authzen : [RegistrationManager] Enrollment successful! Key metadata:  Handle: 5 Account: kbr552.testscript@gmail.com Creation Time: 1513056867778 Expiration Time: 1513056987778
12-11 23:34:28.270 13026 13484 I CheckinUtil: Classify the device as Phone.
12-11 23:34:28.273 12816 13959 I Authzen : [far] Syncing data for account <ELLIDED:-1723262619>
12-11 23:34:28.287 12816 13959 W GLSUser : [DeviceKeyStore] Cannot load key: Device key file not found.
12-11 23:34:28.288 12816 13959 W GLSUser : [DeviceKeyStore] Cannot load key: Device key file not found.
12-11 23:34:28.312 12479 12614 I AccountManagerService: getTypesVisibleToCaller: isPermitted? true
12-11 23:34:28.349 13026 14111 E ActivityThread: Failed to find provider info for com.android.contacts.metadata
12-11 23:34:28.364 12816 14077 W GLSUser : [DeviceKeyStore] Cannot load key: Device key file not found.
12-11 23:34:28.364 12816 14077 W GLSUser : [DeviceKeyStore] Cannot load key: Device key file not found.
12-11 23:34:28.382 13026 13407 I IcingInternalCorpora: EventIndexer: starting incremental update
12-11 23:34:28.382 13026 13407 I IcingInternalCorpora: EventIndexer: 0 added, 0 removed, 0 changed, 0 unchanged, 0 errors.
12-11 23:34:28.382 13026 13407 I IcingInternalCorpora: EventIndexer: finished after 0 ms.
12-11 23:34:28.396 12816 13525 E NetworkScheduler: ignoring stale queue check message
12-11 23:34:28.422 12479 12492 D SyncManager: handleSyncHandlerMessage: dropping since the sync is no longer active: startTime 4132988, mTimeoutStartTime 4132988, mHistoryRowId 6, syncOperation kbr552.testscript@gmail.com u0 (com.google), com.google.android.gms.fitness, POLL, currentRunTime 4132104, reason: AccountsUpdated
12-11 23:34:28.456 12816 13525 E NetworkScheduler: ignoring stale queue check message
12-11 23:34:28.466 13026 13407 W Conscrypt: Could not set socket write timeout:
12-11 23:34:28.466 13026 13407 W Conscrypt:    java.lang.reflect.Method.invoke(Native Method)
12-11 23:34:28.466 13026 13407 W Conscrypt:    com.google.android.gms.org.conscrypt.Platform.setSocketWriteTimeout(:com.google.android.gms@11743470:13)
12-11 23:34:28.472 12816 13524 W GLSUser : [DeviceKeyStore] Cannot load key: Device key file not found.
12-11 23:34:28.472 12816 13524 W GLSUser : [DeviceKeyStore] Cannot load key: Device key file not found.
12-11 23:34:28.488 12816 13959 I Authzen : [far] Generating new permitaccess {"publicKey":"CAESRQogD_iDukkYmOcugAauVj1Eav5AHL0CwJnahfYM887ZZLkSIQD99J-5ZXh8EhlEMf0g7AcdYmNEseA7CLJ1ensbCmnKLg==","pixelPhone":false,"beaconSeeds":[{"endTimeMillis":1513209600000,"startTimeMillis":1512000000000,"data":"L63mTUfpo84B8w4oG3hbE2cA0FoMGdLlqKyjb8kTyfg="},{"endTimeMillis":1514419200000,"startTimeMillis":1513209600000,"data":"74Eofbe-yF6RI7bT95hFKr7Ccw1EnfcfNK7x5tUDbWo="},{"endTimeMillis":1515628800000,"startTimeMillis":1514419200000,"data":"bKX-wMuTkP_CNKsRhZNIu-j9Jk7nwQVATj317N25o28="},{"endTimeMillis":1516838400000,"startTimeMillis":1515628800000,"data":"OMeaxTLToCUT59tE12QBXsj_SJyew3aStv9mMmxHVYs="}],"arcPlusPlus":false,"deviceType":"android","lastUpdateTimeMillis":1513052207971,"friendlyDeviceName":"Android SDK built for x86","unlockable":false,"mobileHotspotSupported":false,"unlockKey":false}.
12-11 23:34:28.488 12816 13959 I Authzen : [far] Generating new permitaccess {"publicKey":"CAESRgohALuzJMHj9S5wZ6AvOVsmjGt8h1j0Pfn-teQfuZR-eEzaEiEA2YrzNbUnpmeyxLKLhRkjeTwPPezl_hM0VxyZk3cdpIA=","pixelPhone":false,"beaconSeeds":[{"endTimeMillis":1513209600000,"startTimeMillis":1512000000000,"data":"mDy69P7CaFJAtBEz1bZsApk3MenNQD9J0DbJ9X58fsM="},{"endTimeMillis":1514419200000,"startTimeMillis":1513209600000,"data":"Ph677auxOV7_ncsSBB2zhPdrAoc1sgnfr6b3Vz58z90="},{"endTimeMillis":1515628800000,"startTimeMillis":1514419200000,"data":"XUfDyVep3m5G34GWqfyREMB8Q8PDIPzy-KxhCyXL71Y="},{"endTimeMillis":1516838400000,"startTimeMillis":1515628800000,"data":"fPUR2pZP3aM4Je1lT7RhDem0l3jFxoPJDYkDAwqvj0Y="}],"arcPlusPlus":false,"deviceType":"android","lastUpdateTimeMillis":1513051961743,"friendlyDeviceName":"Android SDK built for x86","unlockable":false,"mobileHotspotSupported":false,"unlockKey":false}.
12-11 23:34:28.488 12816 13959 I Authzen : [far] Generating new permitaccess {"publicKey":"CAESRQogKDOlHkCZsH8VKIKDKvolqegJHwnoIYjtndiv9Lx1xNYSIQD1nvtpdTUTzH-NZtTh3TzQy0XxucN0t-CmReC3gMQBgQ==","pixelPhone":false,"beaconSeeds":[{"endTimeMillis":1513209600000,"startTimeMillis":1512000000000,"data":"EjvVXKHm3dyXUJzRr8wvu7IpmuCOJt-y4IDyBuLOmb4="},{"endTimeMillis":1514419200000,"startTimeMillis":1513209600000,"data":"N8meoXq7bOUHr3seX08yIFxlI_h5mFibIjYWcoXlPrI="},{"endTimeMillis":1515628800000,"startTimeMillis":1514419200000,"data":"IFb2FL9yEyCj-JwRdEvl1zKExLj-RPzw7CJQAgHM6TA="},{"endTimeMillis":1516838400000,"startTimeMillis":1515628800000,"data":"P36yB1WSDXGM-leNyg9dZylQGl98WXhJUQou2YTQ1w8="}],"arcPlusPlus":false,"deviceType":"android","lastUpdateTimeMillis":1513032502847,"friendlyDeviceName":"Android SDK built for x86","unlockable":false,"mobileHotspotSupported":false,"unlockKey":false}.
12-11 23:34:28.488 12816 13959 I Authzen : [far] Generating new permitaccess {"publicKey":"CAESRAogNWNmcyN5aQfufWfLv0-4eNuNoLDLSmWxACM6kHRdPRMSIHYJdxiPme6nfF3GEB5dS4JgxP5gtKxwAyjYzGMdRXXo","pixelPhone":false,"beaconSeeds":[{"endTimeMillis":1513209600000,"startTimeMillis":1512000000000,"data":"qd01V0Potjfdkgh1fvjjENziB13n4cJGxGCUAC1qVMQ="},{"endTimeMillis":1514419200000,"startTimeMillis":1513209600000,"data":"0edYVfGxF42jRLGhXBj9n41iHv3xDb-1Yv_BH9FiN6w="},{"endTimeMillis":1515628800000,"startTimeMillis":1514419200000,"data":"GpzDqg3_eR6KpelQhm3ayMzJxg3W5WShUufElj0iioI="},{"endTimeMillis":1516838400000,"startTimeMillis":1515628800000,"data":"5Ln0IheOPjRW6Dh1BFEYWeWCD_hDoJNdMLAaM0EIrLg="}],"arcPlusPlus":false,"deviceType":"android","lastUpdateTimeMillis":1513025220303,"friendlyDeviceName":"Android SDK built for x86","unlockable":false,"mobileHotspotSupported":false,"unlockKey":false}.
12-11 23:34:28.488 12816 13959 I Authzen : [far] Generating new permitaccess {"publicKey":"CAESRQohAL-EJYnzeRhC4tzrb9DUVJ7I6kPgjE-o8HnxAruwqC60EiAkbaJXO9VmuObxXiIfAj0uXv7vK8Ur4wIiSV7t8AZpeg==","pixelPhone":false,"beaconSeeds":[{"endTimeMillis":1513209600000,"startTimeMillis":1512000000000,"data":"qMfe_7fpqvy0R5jzM_6nGbAThosemPjmpKWue4TTi9U="},{"endTimeMillis":1514419200000,"startTimeMillis":1513209600000,"data":"b-Yca_DioL4ZOFVFtl94Xi41jTN1n3UFeU6zZQ-MtMs="},{"endTimeMillis":1515628800000,"startTimeMillis":1514419200000,"data":"Iu_vSqbZ0olWEKMklXKQJCfkJMuoqd7YVmK9GfqPXtI="},{"endTimeMillis":1516838400000,"startTimeMillis":1515628800000,"data":"2MAMMoK16VjrIskhgrCh3Bve_5Us6A0AGXRBcvAsSRI="}],"arcPlusPlus":false,"deviceType":"android","lastUpdateTimeMillis":1513015030824,"friendlyDeviceName":"Android SDK built for x86","unlockable":false,"mobileHotspotSupported":false,"unlockKey":false}.
12-11 23:34:28.489 12816 13959 I Authzen : [PermitStore] Removing permit with permitId: <ELLIDED:1781316020>...
12-11 23:34:28.499 12816 13959 I Authzen : [far] Saved permit permit://google.com/easyunlock/v1/kbr552testscript@gmail.com, with 5 requester access(es).
12-11 23:34:28.504 12816 12816 E BluetoothAdapter: Bluetooth binder is null
12-11 23:34:28.519 13026 13407 W Conscrypt: Could not set socket write timeout:
12-11 23:34:28.519 13026 13407 W Conscrypt:    java.lang.reflect.Method.invoke(Native Method)
12-11 23:34:28.519 13026 13407 W Conscrypt:    com.google.android.gms.org.conscrypt.Platform.setSocketWriteTimeout(:com.google.android.gms@11743470:13)
12-11 23:34:28.544 13026 13484 W System  : Ignoring header Cookie because its value was null.
12-11 23:34:28.544 13026 13484 I ProcessCheckinRequest: set cookie as: null
12-11 23:34:28.546 13835 14118 I MagicTether: [HostValidator] InvalidHost. MobileData: true, Tethering: false, whitelist: false, ble: false
12-11 23:34:28.552 13026 13510 I Authzen : [PermitStore] Getting all permits...
12-11 23:34:28.565 13026 13484 W Conscrypt: Could not set socket write timeout:
12-11 23:34:28.565 13026 13484 W Conscrypt:    java.lang.reflect.Method.invoke(Native Method)
12-11 23:34:28.565 13026 13484 W Conscrypt:    com.google.android.gms.org.conscrypt.Platform.setSocketWriteTimeout(:com.google.android.gms@11743470:13)
12-11 23:34:28.571 12816 13166 I MagicTether: [HostValidator] InvalidHost. MobileData: true, Tethering: false, whitelist: false, ble: false
12-11 23:34:28.571 12479 12492 D SyncManager: failed sync operation kbr552.testscript@gmail.com u0 (com.google), com.android.contacts.metadata, POLL, currentRunTime 4132143, reason: AccountsUpdated, SyncResult: databaseError: true stats []
12-11 23:34:28.574 12816 12828 V Backup  : [GmsBackupTransport] network is up
12-11 23:34:28.574 12816 12828 V Backup  : [GmsBackupTransport] no backup now: [OperationScheduler: enabledState=true moratoriumSet=2017-12-11/23:34:25 moratorium=1969-12-31/18:00:00]
12-11 23:34:28.575 12479 12492 D SyncManager: not retrying sync operation because the error is a hard error: kbr552.testscript@gmail.com u0 (com.google), com.android.contacts.metadata, POLL, currentRunTime 4166107, reason: AccountsUpdated
12-11 23:34:28.586 12816 12831 V Backup  : [GmsBackupTransport] network is up
12-11 23:34:28.586 12816 12831 V Backup  : [GmsBackupTransport] no backup now: [OperationScheduler: enabledState=true moratoriumSet=2017-12-11/23:34:25 moratorium=1969-12-31/18:00:00]
12-11 23:34:28.589 13026 14041 W DriveInitializer: Awaiting to be initialized
12-11 23:34:28.594 13026 14124 W DriveInitializer: Background init thread started
12-11 23:34:28.601 12479 12912 I AccountManagerService: getTypesVisibleToCaller: isPermitted? true
12-11 23:34:28.615 13026 13795 I ContentMaintenance: Pruning caches...
12-11 23:34:28.620 13026 14124 W DriveInitializer: Background init thread ended
12-11 23:34:28.621 13026 13407 I PinnedContentDownloader: Started downloading pinned content.
12-11 23:34:28.629 13026 13484 W Conscrypt: Could not set socket write timeout:
12-11 23:34:28.629 13026 13484 W Conscrypt:    java.lang.reflect.Method.invoke(Native Method)
12-11 23:34:28.629 13026 13484 W Conscrypt:    com.google.android.gms.org.conscrypt.Platform.setSocketWriteTimeout(:com.google.android.gms@11743470:13)
12-11 23:34:28.634 13026 13407 I PinnedContentDownloader: Finished downloading pinned content.
12-11 23:34:28.639 12479 12829 I AccountManagerService: getTypesVisibleToCaller: isPermitted? true
12-11 23:34:28.647 13026 14074 E MS_RegisterService: Exception during register request.
12-11 23:34:28.647 13026 14074 E MS_RegisterService: bbtc: PERMISSION_DENIED: The caller does not have permission
12-11 23:34:28.647 13026 14074 E MS_RegisterService: 	at bbsy.c(:com.google.android.gms@11743470:3)
12-11 23:34:28.647 13026 14074 E MS_RegisterService: 	at mgw.a(:com.google.android.gms@11743470:82)
12-11 23:34:28.647 13026 14074 E MS_RegisterService: 	at com.google.android.libraries.matchstick.net.SilentRegisterIntentOperation.a(:com.google.android.gms@11743470:235)
12-11 23:34:28.647 13026 14074 E MS_RegisterService: 	at com.google.android.libraries.matchstick.net.SilentRegisterIntentOperation.onHandleIntent(:com.google.android.gms@11743470:329)
12-11 23:34:28.647 13026 14074 E MS_RegisterService: 	at com.google.android.chimera.IntentOperation.onHandleIntent(:com.google.android.gms@11743470:2)
12-11 23:34:28.647 13026 14074 E MS_RegisterService: 	at bwo.run(:com.google.android.gms@11743470:10)
12-11 23:34:28.647 13026 14074 E MS_RegisterService: 	at bwl.run(:com.google.android.gms@11743470:14)
12-11 23:34:28.647 13026 14074 E MS_RegisterService: 	at java.util.concurrent.ThreadPoolExecutor.runWorker(ThreadPoolExecutor.java:1113)
12-11 23:34:28.647 13026 14074 E MS_RegisterService: 	at java.util.concurrent.ThreadPoolExecutor$Worker.run(ThreadPoolExecutor.java:588)
12-11 23:34:28.647 13026 14074 E MS_RegisterService: 	at java.lang.Thread.run(Thread.java:818)
12-11 23:34:28.662 13026 13484 I ProcessCheckinRequest: REQUEST: b: "000000000000000"
12-11 23:34:28.662 13026 13484 I ProcessCheckinRequest: c: "020000000000"
12-11 23:34:28.662 13026 13484 I ProcessCheckinRequest: d: "wifi"
12-11 23:34:28.662 13026 13484 I ProcessCheckinRequest: g: 4409849727763727186
12-11 23:34:28.662 13026 13484 I ProcessCheckinRequest: h: -649437007435140593
12-11 23:34:28.662 13026 13484 I ProcessCheckinRequest: i: "1-47fbcfdfecef63608982d5a4a34e9ed86608fa28"
12-11 23:34:28.662 13026 13484 I ProcessCheckinRequest: j: "en_US"
12-11 23:34:28.662 13026 13484 I ProcessCheckinRequest: k <
12-11 23:34:28.662 13026 13484 I ProcessCheckinRequest:   a <
12-11 23:34:28.662 13026 13484 I ProcessCheckinRequest:     a: "Android/sdk_google_phone_x86/generic_x86:6.0/MASTER/4409279:userdebug/test-keys"
12-11 23:34:28.662 13026 13484 I ProcessCheckinRequest:     c: "unknown"
12-11 23:34:28.662 13026 13484 I ProcessCheckinRequest:     d: "ranchu"
12-11 23:34:28.662 13026 13484 I ProcessCheckinRequest:     e: "Android"
12-11 23:34:28.662 13026 13484 I ProcessCheckinRequest:     f: "android-google"
12-11 23:34:28.662 13026 13484 I ProcessCheckinRequest:     g: 1508538613
12-11 23:34:28.662 13026 13484 I ProcessCheckinRequest:     h: 11743470
12-11 23:34:28.662 13026 13484 I ProcessCheckinRequest:     i: 23
12-11 23:34:28.662 13026 13484 I ProcessCheckinRequest:     j: "generic_x86"
12-11 23:34:28.662 13026 13484 I ProcessCheckinRequest:     k: "Android SDK built for x86"
12-11 23:34:28.662 13026 13484 I ProcessCheckinRequest:     l: "unknown"
12-11 23:34:28.662 13026 13484 I ProcessCheckinRequest:     m: "sdk_google_phone_x86"
12-11 23:34:28.662 13026 13484 I ProcessCheckinRequest:     n: false
12-11 23:34:28.662 13026 13484 I ProcessCheckinRequest:     o <
12-11 23:34:28.662 13026 13484 I ProcessCheckinRequest:       a: 1
12-11 23:34:28.662 13026 13484 I ProcessCheckinRequest:       b: "android-google"
12-11 23:34:28.662 13026 13484 I ProcessCheckinRequest:     >
12-11 23:34:28.662 13026 13484 I ProcessCheckinRequest:     q: "2016-09-06"
12-11 23:34:28.662 13026 13484 I ProcessCheckinRequest:   >
12-11 23:34:28.662 13026 13484 I ProcessCheckinRequest:   b: 1513052769622
12-11 23:34:28.662 13026 13484 I ProcessCheckinRequest:   e: "310260"
12-11 23:34:28.662 13026 13484 I ProcessCheckinRequest:   f: "310260"
12-11 23:34:28.662 13026 13484 I ProcessCheckinRequest:   g: "MOBILE:LTE:"
12-11 23:34:28.662 13026 13484 I ProcessCheckinRequest:   h: true
12-11 23:34:28.662 13026 13484 I ProcessCheckinRequest:   i: 0
12-11 23:34:28.662 13026 13484 I ProcessCheckinRequest:   j: 2
12-11 23:34:28.662 13026 13484 I ProcessCheckinRequest:   k <
12-11 23:34:28.662 13026 13484 I ProcessCheckinRequest:     a: 4
12-11 23:34:28.662 13026 13484 I ProcessCheckinRequest:     b: 1
12-11 23:34:28.662 13026 13484 I ProcessCheckinRequest:     c: "unspecified"
12-11 23:34:28.662 13026 13484 I ProcessCheckinRequest:     d: ""
12-11 23:34:28.662 13026 13484 I ProcessCheckinRequest:     e: false
12-11 23:34:28.662 13026 13484 I ProcessCheckinRequest:   >
12-11 23:34:28.662 13026 13484 I ProcessCheckinRequest:   l <
12-11 23:34:28.662 13026 13484 I ProcessCheckinRequest:     a: "310260"
12-11 23:34:28.662 13026 13484 I ProcessCheckinRequest:     b: "Android"
12-11 23:34:28.662 13026 13484 I ProcessCheckinRequest:     c: "0"
12-11 23:34:28.662 13026 13484 I ProcessCheckinRequest:     d: 0
12-11 23:34:28.662 13026 13484 I ProcessCheckinRequest:     d: 1
12-11 23:34:28.662 13026 13484 I ProcessCheckinRequest:     d: 2
12-11 23:34:28.662 13026 13484 I ProcessCheckinRequest:     e: "310260000000000"
12-11 23:34:28.662 13026 13484 I ProcessCheckinRequest:     g: "\027L"
12-11 23:34:28.662 13026 13484 I ProcessCheckinRequest:   >
12-11 23:34:28.662 13026 13484 I ProcessCheckinRequest: >
12-11 23:34:28.662 13026 13484 I ProcessCheckinRequest: l: "[kbr552.testscript@gmail.com]"
12-11 23:34:28.662 13026 13484 I ProcessCheckinRequest: l: "ya29.GmYgBUB9yicwB7_NVC9owJ77HXUQTMIGTdpUEjvEHM4ZhfmzeUIVQ3aNO1em1YjgP5-vJlrtFSQ0azhQ_FyKGHspFGXTn7t3V1hOFLs29BhjYjztunCymLEEAKlawhVMpxrLj1Zced8"
12-11 23:34:28.662 13026 13484 I ProcessCheckinRequest: m: "America/Chicago"
12-11 23:34:28.662 13026 13484 I ProcessCheckinRequest: n: 297525769416126963
12-11 23:34:28.662 13026 13484 I ProcessCheckinRequest: o: 3
12-11 23:34:28.662 13026 13484 I ProcessCheckinRequest: p: "71Q6Rn2DDZl1zPDVaaeEHItd+Yg="
12-11 23:34:28.662 13026 13484 I ProcessCheckinRequest: q <
12-11 23:34:28.662 13026 13484 I ProcessCheckinRequest:   a: 3
12-11 23:34:28.662 13026 13484 I ProcessCheckinRequest:   b: 1
12-11 23:34:28.662 13026 13484 I ProcessCheckinRequest:   c: 2
12-11 23:34:28.662 13026 13484 I ProcessCheckinRequest:   d: 2
12-11 23:34:28.662 13026 13484 I ProcessCheckinRequest:   e: false
12-11 23:34:28.662 13026 13484 I ProcessCheckinRequest:   f: true
12-11 23:34:28.662 13026 13484 I ProcessCheckinRequest:   g: 480
12-11 23:34:28.662 13026 13484 I ProcessCheckinRequest:   h: 1080
12-11 23:34:28.662 13026 13484 I ProcessCheckinRequest:   i: 1776
12-11 23:34:28.662 13026 13484 I ProcessCheckinRequest:   j: 131072
12-11 23:34:28.662 13026 13484 I ProcessCheckinRequest:   k: "android.test.runner"
12-11 23:34:28.662 13026 13484 I ProcessCheckinRequest:   k: "com.android.future.usb.accessory"
12-11 23:34:28.662 13026 13484 I ProcessCheckinRequest:   k: "com.android.location.provider"
12-11 23:34:28.662 13026 13484 I ProcessCheckinRequest:   k: "com.android.media.remotedisplay"
12-11 23:34:28.662 13026 13484 I ProcessCheckinRequest:   k: "com.android.mediadrm.signer"
12-11 23:34:28.662 13026 13484 I ProcessCheckinRequest:   k: "com.google.android.gms"
12-11 23:34:28.662 13026 13484 I ProcessCheckinRequest:   k: "com.google.android.maps"
12-11 23:34:28.662 13026 13484 I ProcessCheckinRequest:   k: "com.google.android.media.effects"
12-11 23:34:28.662 13026 13484 I ProcessCheckinRequest:   k: "javax.obex"
12-11 23:34:28.662 13026 13484 I ProcessCheckinRequest:   k: "org.apache.http.legacy"
12-11 23:34:28.662 13026 13484 I ProcessCheckinRequest:   l: "android.hardware.audio.output"
12-11 23:34:28.662 13026 13484 I ProcessCheckinRequest:   l: "android.hardware.camera"
12-11 23:34:28.662 13026 13484 I ProcessCheckinRequest:   l: "android.hardware.camera.any"
12-11 23:34:28.662 13026 13484 I ProcessCheckinRequest:   l: "android.hardware.faketouch"
12-11 23:34:28.662 13026 13484 I ProcessCheckinRequest:   l: "android.hardware.location"
12-11 23:34:28.662 13026 13484 I ProcessCheckinRequest:   l: "android.hardware.location.gps"
12-11 23:34:28.662 13026 13484 I ProcessCheckinRequest:   l: "android.hardware.location.network"
12-11 23:34:28.662 13026 13484 I ProcessCheckinRequest:   l: "android.hardware.microphone"
12-11 23:34:28.662 13026 13484 I ProcessCheckinRequest:   l: "android.hardware.screen.landscape"
12-11 23:34:28.662 13026 13484 I ProcessCheckinRequest:   l: "android.hardware.screen.portrait"
12-11 23:34:28.662 13026 13484 I ProcessCheckinRequest:   l: "android.hardware.sensor.accelerometer"
12-11 23:34:28.662 13026 13484 I ProcessCheckinRequest:   l: "android.hardware.sensor.ambient_temperature"
12-11 23:34:28.662 13026 13484 I ProcessCheckinRequest:   l: "android.hardware.sensor.barometer"
12-11 23:34:28.662 13026 13484 I ProcessCheckinRequest:   l: "android.hardware.sensor.compass"
12-11 23:34:28.662 13026 13484 I ProcessCheckinRequest:   l: "android.hardware.sensor.light"
12-11 23:34:28.662 13026 13484 I ProcessCheckinRequest:   l: "android.hardware.sensor.proximity"
12-11 23:34:28.662 13026 13484 I ProcessCheckinRequest:   l: "android.hardware.sensor.relative_humidity"
12-11 23:34:28.662 13026 13484 I ProcessCheckinRequest:   l: "android.hardware.telephony"
12-11 23:34:28.662 13026 13484 I ProcessCheckinRequest:   l: "android.hardware.telephony.gsm"
12-11 23:34:28.662 13026 13484 I ProcessCheckinRequest:   l: "android.hardware.touchscreen"
12-11 23:34:28.662 13026 13484 I ProcessCheckinRequest:   l: "android.hardware.touchscreen.multitouch"
12-11 23:34:28.662 13026 13484 I ProcessCheckinRequest:   l: "android.hardware.touchscreen.multitouch.distinct"
12-11 23:34:28.662 13026 13484 I ProcessCheckinRequest:   l: "android.hardware.touchscreen.multitouch.jazzhand"
12-11 23:34:28.662 13026 13484 I ProcessCheckinRequest:   l: "android.hardware.usb.accessory"
12-11 23:34:28.662 13026 13484 I ProcessCheckinRequest:   l: "android.software.app_widgets"
12-11 23:34:28.662 13026 13484 I ProcessCheckinRequest:   l: "android.software.backup"
12-11 23:34:28.662 13026 13484 I ProcessCheckinRequest:   l: "android.software.connectionservice"
12-11 23:34:28.662 13026 13484 I ProcessCheckinRequest:   l: "android.software.device_admin"
12-11 23:34:28.662 13026 13484 I ProcessCheckinRequest:   l: "android.software.home_screen"
12-11 23:34:28.662 13026 13484 I ProcessCheckinRequest:   l: "android.software.input_methods"
12-11 23:34:28.662 13026 13484 I ProcessCheckinRequest:   l: "android.software.live_wallpaper"
12-11 23:34:28.662 13026 13484 I ProcessCheckinRequest:   l: "android.software.managed_users"
12-11 23:34:28.662 13026 13484 I ProcessCheckinRequest:   l: "android.software.midi"
12-11 23:34:28.662 13026 13484 I ProcessCheckinRequest:   l: "android.software.print"
12-11 23:34:28.662 13026 13484 I ProcessCheckinRequest:   l: "android.software.voice_recognizers"
12-11 23:34:28.662 13026 13484 I ProcessCheckinRequest:   l: "android.software.webview"
12-11 23:34:28.662 13026 13484 I ProcessCheckinRequest:   m <
12-11 23:34:28.662 13026 13484 I ProcessCheckinRequest:     a: "android.hardware.audio.output"
12-11 23:34:28.662 13026 13484 I ProcessCheckinRequest:     b: 0
12-11 23:34:28.662 13026 13484 I ProcessCheckinRequest:   >
12-11 23:34:28.662 13026 13484 I ProcessCheckinRequest:   m <
12-11 23:34:28.662 13026 13484 I ProcessCheckinRequest:     a: "android.hardware.camera"
12-11 23:34:28.662 13026 13484 I ProcessCheckinRequest:     b: 0
12-11 23:34:28.662 13026 13484 I ProcessCheckinRequest:   >
12-11 23:34:28.662 13026 13484 I ProcessCheckinRequest:   m <
12-11 23:34:28.662 13026 13484 I ProcessCheckinRequest:     a: "android.hardware.camera.any"
12-11 23:34:28.662 13026 13484 I ProcessCheckinRequest:     b: 0
12-11 23:34:28.662 13026 13484 I ProcessCheckinRequest:   >
12-11 23:34:28.662 13026 13484 I ProcessCheckinRequest:   m <
12-11 23:34:28.662 13026 13484 I ProcessCheckinRequest:     a: "android.hardware.faketouch"
12-11 23:34:28.662 13026 13484 I ProcessCheckinRequest:     b: 0
12-11 23:34:28.662 13026 13484 I ProcessCheckinRequest:   >
12-11 23:34:28.662 13026 13484 I ProcessCheckinRequest:   m <
12-11 23:34:28.662 13026 13484 I ProcessCheckinRequest:     a: "android.hardware.location"
12-11 23:34:28.662 13026 13484 I ProcessCheckinRequest:     b: 0
12-11 23:34:28.662 13026 13484 I ProcessCheckinRequest:   >
12-11 23:34:28.662 13026 13484 I ProcessCheckinRequest:   m <
12-11 23:34:28.662 13026 13484 I ProcessCheckinRequest:     a: "android.hardware.location.gps"
12-11 23:34:28.662 13026 13484 I ProcessCheckinRequest:     b: 0
12-11 23:34:28.662 13026 13484 I ProcessCheckinRequest:   >
12-11 23:34:28.662 13026 13484 I ProcessCheckinRequest:   m <
12-11 23:34:28.662 13026 13484 I ProcessCheckinRequest:     a: "android.hardware.location.network"
12-11 23:34:28.662 13026 13484 I ProcessCheckinRequest:     b: 0
12-11 23:34:28.662 13026 13484 I ProcessCheckinRequest:   >
12-11 23:34:28.662 13026 13484 I ProcessCheckinRequest:   m <
12-11 23:34:28.662 13026 13484 I ProcessCheckinRequest:     a: "android.hardware.microphone"
12-11 23:34:28.662 13026 13484 I ProcessCheckinRequest:     b: 0
12-11 23:34:28.662 13026 13484 I ProcessCheckinRequest:   >
12-11 23:34:28.662 13026 13484 I ProcessCheckinRequest:   m <
12-11 23:34:28.662 13026 13484 I ProcessCheckinRequest:     a: "android.hardware.screen.landscape"
12-11 23:34:28.662 13026 13484 I ProcessCheckinRequest:     b: 0
12-11 23:34:28.662 13026 13484 I ProcessCheckinRequest:   >
12-11 23:34:28.662 13026 13484 I ProcessCheckinRequest:   m <
12-11 23:34:28.662 13026 13484 I ProcessCheckinRequest:     a: "android.hardware.screen.portrait"
12-11 23:34:28.662 13026 13484 I ProcessCheckinRequest:     b: 0
12-11 23:34:28.662 13026 13484 I ProcessCheckinRequest:   >
12-11 23:34:28.662 13026 13484 I ProcessCheckinRequest:   m <
12-11 23:34:28.662 13026 13484 I ProcessCheckinRequest:     a: "android.hardware.sensor.accelerometer"
12-11 23:34:28.662 13026 13484 I ProcessCheckinRequest:     b: 0
12-11 23:34:28.662 13026 13484 I ProcessCheckinRequest:   >
12-11 23:34:28.662 13026 13484 I ProcessCheckinRequest:   m <
12-11 23:34:28.662 13026 13484 I ProcessCheckinRequest:     a: "android.hardware.sensor.ambient_temperature"
12-11 23:34:28.662 13026 13484 I ProcessCheckinRequest:     b: 0
12-11 23:34:28.662 13026 13484 I ProcessCheckinRequest:   >
12-11 23:34:28.662 13026 13484 I ProcessCheckinRequest:   m <
12-11 23:34:28.662 13026 13484 I ProcessCheckinRequest:     a: "android.hardware.sensor.barometer"
12-11 23:34:28.662 13026 13484 I ProcessCheckinRequest:     b: 0
12-11 23:34:28.662 13026 13484 I ProcessCheckinRequest:   >
12-11 23:34:28.662 13026 13484 I ProcessCheckinRequest:   m <
12-11 23:34:28.662 13026 13484 I ProcessCheckinRequest:     a: "android.hardware.sensor.compass"
12-11 23:34:28.662 13026 13484 I ProcessCheckinRequest:     b: 0
12-11 23:34:28.662 13026 13484 I ProcessCheckinRequest:   >
12-11 23:34:28.662 13026 13484 I ProcessCheckinRequest:   m <
12-11 23:34:28.662 13026 13484 I ProcessCheckinRequest:     a: "android.hardware.sensor.light"
12-11 23:34:28.662 13026 13484 I ProcessCheckinRequest:     b: 0
12-11 23:34:28.662 13026 13484 I ProcessCheckinRequest:   >
12-11 23:34:28.662 13026 13484 I ProcessCheckinRequest:   m <
12-11 23:34:28.662 13026 13484 I ProcessCheckinRequest:     a: "android.hardware.sensor.proximity"
12-11 23:34:28.662 13026 13484 I ProcessCheckinRequest:     b: 0
12-11 23:34:28.662 13026 13484 I ProcessCheckinRequest:   >
12-11 23:34:28.662 13026 13484 I ProcessCheckinRequest:   m <
12-11 23:34:28.662 13026 13484 I ProcessCheckinRequest:     a: "android.hardware.sensor.relative_humidity"
12-11 23:34:28.662 13026 13484 I ProcessCheckinRequest:     b: 0
12-11 23:34:28.662 13026 13484 I ProcessCheckinRequest:   >
12-11 23:34:28.662 13026 13484 I ProcessCheckinRequest:   m <
12-11 23:34:28.662 13026 13484 I ProcessCheckinRequest:     a: "android.hardware.telephony"
12-11 23:34:28.662 13026 13484 I ProcessCheckinRequest:     b: 0
12-11 23:34:28.662 13026 13484 I ProcessCheckinRequest:   >
12-11 23:34:28.662 13026 13484 I ProcessCheckinRequest:   m <
12-11 23:34:28.662 13026 13484 I ProcessCheckinRequest:     a: "android.hardw
12-11 23:34:28.670 12479 12859 I AccountManagerService: getTypesVisibleToCaller: isPermitted? true
12-11 23:34:28.714 13026 13795 I ContentMaintenance: Internal cache bytes used: 0; limit: 100000000; download size: 0
12-11 23:34:28.727 12816 13084 V Backup  : [GmsBackupTransport] network is up
12-11 23:34:28.728 12816 13084 V Backup  : [GmsBackupTransport] no backup now: [OperationScheduler: enabledState=true moratoriumSet=2017-12-11/23:34:25 moratorium=1969-12-31/18:00:00]
12-11 23:34:28.728 12479 12490 I AccountManagerService: getTypesVisibleToCaller: isPermitted? true
12-11 23:34:28.736 13026 14128 V AccountUtils: 0 accounts found with uca feature
12-11 23:34:28.736 13026 14128 I GamesSyncAdapter: Starting sync for 99491965
12-11 23:34:28.740 13026 14134 I GoogleURLConnFactory: Using platform SSLCertificateSocketFactory
12-11 23:34:28.742 13026 13795 I ContentMaintenance: Cache pruning complete.
12-11 23:34:28.746 12816 12828 V Backup  : [GmsBackupTransport] network is up
12-11 23:34:28.746 12816 12828 V Backup  : [GmsBackupTransport] no backup now: [OperationScheduler: enabledState=true moratoriumSet=2017-12-11/23:34:25 moratorium=1969-12-31/18:00:00]
12-11 23:34:28.756 12479 12492 D SyncManager: handleSyncHandlerMessage: dropping since the sync is no longer active: startTime 4132958, mTimeoutStartTime 4132958, mHistoryRowId 5, syncOperation kbr552.testscript@gmail.com u0 (com.google), com.google.android.gms.drive.sync, POLL, currentRunTime 4167116, reason: AccountsUpdated
12-11 23:34:28.758 13026 13795 I ContentMaintenance: Beginning garbage collection.
12-11 23:34:28.769 13026 13795 I RealtimeCacheCleanup: Beginning Realtime garbage collection.
12-11 23:34:28.769 13026 14128 I GamesSyncAdapter: Sync duration for 99491965: 33
12-11 23:34:28.770 13026 13795 I RealtimeCacheCleanup: Finished Realtime garbage collection.
12-11 23:34:28.770 13026 13795 I ContentMaintenance: Finished garbage collection.
12-11 23:34:28.784 12479 12829 I AccountManagerService: getTypesVisibleToCaller: isPermitted? true
12-11 23:34:28.792 12816 12831 V Backup  : [GmsBackupTransport] network is up
12-11 23:34:28.792 12816 12831 V Backup  : [GmsBackupTransport] no backup now: [OperationScheduler: enabledState=true moratoriumSet=2017-12-11/23:34:25 moratorium=1969-12-31/18:00:00]
12-11 23:34:28.801 12816 12828 V Backup  : [GmsBackupTransport] network is up
12-11 23:34:28.802 12816 12828 V Backup  : [GmsBackupTransport] no backup now: [OperationScheduler: enabledState=true moratoriumSet=2017-12-11/23:34:25 moratorium=1969-12-31/18:00:00]
12-11 23:34:28.805 13026 14128 E PopupManager: No content view usable to display popups. Popups will not be displayed in response to this client's calls. Use setViewForPopups() to set your content view.
12-11 23:34:28.835 13026 14138 W GamesServiceBroker: Client connected with SDK 8487000, Services 11743470, and Games 37240070
12-11 23:34:28.874 12816 14140 I Auth    : [AccountStateSyncAdapter] performSync(account=<ELLIDED:-1951064893>)
12-11 23:34:28.897 13026 14134 W SubscribedFeeds: Soft failure: android.accounts.OperationCanceledException
12-11 23:34:28.919 12479 12492 D SyncManager: handleSyncHandlerMessage: dropping since the sync is no longer active: startTime 4135638, mTimeoutStartTime 4135638, mHistoryRowId 23, syncOperation kbr552.testscript@gmail.com u0 (com.google), subscribedfeeds, SERVER, currentRunTime 4132015, reason: AutoSync
12-11 23:34:28.946 12816 13084 I Auth    : [BroadcastManager] Broadcasting account services changed.
12-11 23:34:28.973 12479 12600 I AccountManagerService: getTypesVisibleToCaller: isPermitted? true
12-11 23:34:29.001 12816 12828 W GLSUser : [DeviceKeyStore] Cannot load key: Device key file not found.
12-11 23:34:29.003 12816 12828 W GLSUser : [DeviceKeyStore] Cannot load key: Device key file not found.
12-11 23:34:29.021 12816 14140 I Auth    : [AccountStateSyncAdapter] Skipping rename because the lookup contains the same email.
12-11 23:34:29.037 12479 12614 I AccountManagerService: getTypesVisibleToCaller: isPermitted? true
12-11 23:34:29.063 13026 14150 I GoogleURLConnFactory: Using platform SSLCertificateSocketFactory
12-11 23:34:29.066 12479 13051 I AccountManagerService: getTypesVisibleToCaller: isPermitted? true
12-11 23:34:29.068 12816 13562 W UdcContextManagerHelper: Empty context buffer. Thus might mean that the context is not synced down.
12-11 23:34:29.078 12816 13562 W UploadOptInStatusOp: Empty context model while retrieving upload opt-in status!
12-11 23:34:29.096 12479 12600 I AccountManagerService: getTypesVisibleToCaller: isPermitted? true
12-11 23:34:29.112 12816 13124 E ctxmgr  : [NetworkUtil]No active synchronizable contexts.
12-11 23:34:29.124 13026 14150 W System.err: java.lang.Exception: Error converting session
12-11 23:34:29.124 13026 14150 W System.err: 	at com.android.org.conscrypt.AbstractSessionContext.log(AbstractSessionContext.java:302)
12-11 23:34:29.124 13026 14150 W System.err: 	at com.android.org.conscrypt.AbstractSessionContext.toSession(AbstractSessionContext.java:250)
12-11 23:34:29.124 13026 14150 W System.err: 	at com.android.org.conscrypt.ClientSessionContext.getSession(ClientSessionContext.java:87)
12-11 23:34:29.125 13026 14150 W System.err: 	at com.android.org.conscrypt.SSLParametersImpl.getCachedClientSession(SSLParametersImpl.java:711)
12-11 23:34:29.125 13026 14150 W System.err: 	at com.android.org.conscrypt.SSLParametersImpl.getSessionToReuse(SSLParametersImpl.java:377)
12-11 23:34:29.125 13026 14150 W System.err: 	at com.android.org.conscrypt.OpenSSLSocketImpl.startHandshake(OpenSSLSocketImpl.java:301)
12-11 23:34:29.126 13026 14150 W System.err: 	at android.net.SSLCertificateSocketFactory.verifyHostname(SSLCertificateSocketFactory.java:198)
12-11 23:34:29.126 13026 14150 W System.err: 	at android.net.SSLCertificateSocketFactory.createSocket(SSLCertificateSocketFactory.java:443)
12-11 23:34:29.126 13026 14150 W System.err: 	at com.android.okhttp.internal.http.SocketConnector.connectTls(SocketConnector.java:89)
12-11 23:34:29.126 13026 14150 W System.err: 	at com.android.okhttp.Connection.connect(Connection.java:143)
12-11 23:34:29.126 13026 14150 W System.err: 	at com.android.okhttp.Connection.connectAndSetOwner(Connection.java:185)
12-11 23:34:29.126 13026 14150 W System.err: 	at com.android.okhttp.OkHttpClient$1.connectAndSetOwner(OkHttpClient.java:128)
12-11 23:34:29.126 13026 14150 W System.err: 	at com.android.okhttp.internal.http.HttpEngine.nextConnection(HttpEngine.java:341)
12-11 23:34:29.126 13026 14150 W System.err: 	at com.android.okhttp.internal.http.HttpEngine.connect(HttpEngine.java:330)
12-11 23:34:29.126 13026 14150 W System.err: 	at com.android.okhttp.internal.http.HttpEngine.sendRequest(HttpEngine.java:248)
12-11 23:34:29.127 13026 14150 W System.err: 	at com.android.okhttp.internal.huc.HttpURLConnectionImpl.execute(HttpURLConnectionImpl.java:433)
12-11 23:34:29.127 13026 14150 W System.err: 	at com.android.okhttp.internal.huc.HttpURLConnectionImpl.connect(HttpURLConnectionImpl.java:114)
12-11 23:34:29.127 13026 14150 W System.err: 	at com.android.okhttp.internal.huc.DelegatingHttpsURLConnection.connect(DelegatingHttpsURLConnection.java:89)
12-11 23:34:29.127 13026 14150 W System.err: 	at com.android.okhttp.internal.huc.HttpsURLConnectionImpl.connect(HttpsURLConnectionImpl.java)
12-11 23:34:29.127 13026 14150 W System.err: 	at tws.a(:com.google.android.gms@11743470:50)
12-11 23:34:29.127 13026 14150 W System.err: 	at tws.a(:com.google.android.gms@11743470:76)
12-11 23:34:29.127 13026 14150 W System.err: 	at tws.execute(:com.google.android.gms@11743470:8)
12-11 23:34:29.127 13026 14150 W System.err: 	at tws.execute(:com.google.android.gms@11743470:7)
12-11 23:34:29.127 13026 14150 W System.err: 	at bary.a(:com.google.android.gms@11743470:8)
12-11 23:34:29.127 13026 14150 W System.err: 	at agdp.a(:com.google.android.gms@11743470:3)
12-11 23:34:29.127 13026 14150 W System.err: 	at agdq.a(:com.google.android.gms@11743470:1)
12-11 23:34:29.127 13026 14150 W System.err: 	at agds.a(:com.google.android.gms@11743470:24)
12-11 23:34:29.127 13026 14150 W System.err: 	at agdr.a(:com.google.android.gms@11743470:18)
12-11 23:34:29.127 13026 14150 W System.err: 	at mlv.onPerformSync(:com.google.android.gms@11743470:5)
12-11 23:34:29.127 13026 14150 W System.err: 	at android.content.AbstractThreadedSyncAdapter$SyncThread.run(AbstractThreadedSyncAdapter.java:272)
12-11 23:34:29.127 13026 14150 W System.err: Caused by: java.lang.AssertionError: Unexpected type ID: 3
12-11 23:34:29.127 13026 14150 W System.err: 	... 29 more
12-11 23:34:29.191 13026 13484 I ProcessCheckinRequest: updateCheckinIdTokenFileFromResponse, Reading existing AID
12-11 23:34:29.191 13026 13484 I CheckinRequestBuilder: Checkin reason type: 4 attempt count: 1
12-11 23:34:29.191 12479 13045 I AccountManagerService: getTypesVisibleToCaller: isPermitted? true
12-11 23:34:29.193 12479 12600 I AccountManagerService: getTypesVisibleToCaller: isPermitted? true
12-11 23:34:29.194 13026 13484 E ActivityThread: Failed to find provider info for com.google.android.wearable.settings
12-11 23:34:29.238 13026 13484 I CheckinUtil: Classify the device as Phone.
12-11 23:34:29.260 12816 13524 W GLSUser : [DeviceKeyStore] Cannot load key: Device key file not found.
12-11 23:34:29.261 12816 13524 W GLSUser : [DeviceKeyStore] Cannot load key: Device key file not found.
12-11 23:34:29.298 12816 14136 W GLSUser : [DeviceKeyStore] Cannot load key: Device key file not found.
12-11 23:34:29.298 12816 14136 W GLSUser : [DeviceKeyStore] Cannot load key: Device key file not found.
12-11 23:34:29.303 12816 13124 W GLSUser : [DeviceKeyStore] Cannot load key: Device key file not found.
12-11 23:34:29.305 12816 13124 W GLSUser : [DeviceKeyStore] Cannot load key: Device key file not found.
12-11 23:34:29.316 12479 12491 I AccountManagerService: getTypesVisibleToCaller: isPermitted? true
12-11 23:34:29.320 12816 13562 W UdcContextManagerHelper: Empty context buffer. Thus might mean that the context is not synced down.
12-11 23:34:29.321 12816 13562 W UploadOptInStatusOp: Empty context model while retrieving upload opt-in status!
12-11 23:34:29.329 12479 13051 I AccountManagerService: getTypesVisibleToCaller: isPermitted? true
12-11 23:34:29.335 13026 13795 W Conscrypt: Could not set socket write timeout:
12-11 23:34:29.336 13026 13795 W Conscrypt:    java.lang.reflect.Method.invoke(Native Method)
12-11 23:34:29.336 13026 13795 W Conscrypt:    com.google.android.gms.org.conscrypt.Platform.setSocketWriteTimeout(:com.google.android.gms@11743470:13)
12-11 23:34:29.340 13026 13484 E ProcessCheckinRequest: CheckinNowTaskTag : Checkin Succeeded: https://android.clients.google.com/checkin (request #1): 
12-11 23:34:29.351 12479 13046 I AccountManagerService: getTypesVisibleToCaller: isPermitted? true
12-11 23:34:29.357 12816 13562 W UdcContextManagerHelper: Empty context buffer. Thus might mean that the context is not synced down.
12-11 23:34:29.357 12816 13562 W UploadOptInStatusOp: Empty context model while retrieving upload opt-in status!
12-11 23:34:29.371 12479 13045 I AccountManagerService: getTypesVisibleToCaller: isPermitted? true
12-11 23:34:29.377 13026 13795 W Conscrypt: Could not set socket write timeout:
12-11 23:34:29.378 13026 13795 W Conscrypt:    java.lang.reflect.Method.invoke(Native Method)
12-11 23:34:29.379 13026 13795 W Conscrypt:    com.google.android.gms.org.conscrypt.Platform.setSocketWriteTimeout(:com.google.android.gms@11743470:13)
12-11 23:34:29.404 12816 14158 I GCoreUlr: Uploading GCM registration ID for account#-19#
12-11 23:34:29.433 12479 12600 I AccountManagerService: getTypesVisibleToCaller: isPermitted? true
12-11 23:34:29.453 12816 13084 W GLSUser : [DeviceKeyStore] Cannot load key: Device key file not found.
12-11 23:34:29.453 12816 13084 W GLSUser : [DeviceKeyStore] Cannot load key: Device key file not found.
12-11 23:34:29.550 12816 14158 W GLSUser : [DeviceKeyStore] Cannot load key: Device key file not found.
12-11 23:34:29.550 12816 14158 W GLSUser : [DeviceKeyStore] Cannot load key: Device key file not found.
12-11 23:34:29.567 12816 12831 W GLSUser : [DeviceKeyStore] Cannot load key: Device key file not found.
12-11 23:34:29.567 12816 12831 W GLSUser : [DeviceKeyStore] Cannot load key: Device key file not found.
12-11 23:34:29.639 12479 13045 I AccountManagerService: getTypesVisibleToCaller: isPermitted? true
12-11 23:34:29.640 12479 12829 I AccountManagerService: getTypesVisibleToCaller: isPermitted? true
12-11 23:34:29.642 12479 12600 I AccountManagerService: getTypesVisibleToCaller: isPermitted? true
12-11 23:34:29.690 12479 13046 I AccountManagerService: getTypesVisibleToCaller: isPermitted? true
12-11 23:34:29.690 12479 12865 I AccountManagerService: getTypesVisibleToCaller: isPermitted? true
12-11 23:34:29.702 12479 13052 I AccountManagerService: getTypesVisibleToCaller: isPermitted? true
12-11 23:34:29.727 12816 12828 W GLSUser : [DeviceKeyStore] Cannot load key: Device key file not found.
12-11 23:34:29.728 12816 12828 W GLSUser : [DeviceKeyStore] Cannot load key: Device key file not found.
12-11 23:34:29.827 12816 14077 W GLSUser : [DeviceKeyStore] Cannot load key: Device key file not found.
12-11 23:34:29.827 12816 14077 W GLSUser : [DeviceKeyStore] Cannot load key: Device key file not found.
12-11 23:34:29.894 12816 14136 W GLSUser : [DeviceKeyStore] Cannot load key: Device key file not found.
12-11 23:34:29.894 12816 14136 W GLSUser : [DeviceKeyStore] Cannot load key: Device key file not found.
12-11 23:34:29.932 12816 14158 I GCoreUlrLong: sendSettings(syncNotDefinedYet): sent GetSettingsResults{mModMillis=null, mReportingEnabled=false, mReportingSource=com.google.android.gms+new-device-tag, mHistoryEnabled=null, mHistorySource=com.google.android.gms+new-device-tag, mUserRestriction=0, mSource=0, mConcurrencyType=0, mDeletions=[], mPrimaryDevice=null, mAcccountType=0}, got back GetSettingsResults{mModMillis=0, mReportingEnabled=false, mReportingSource=null, mHistoryEnabled=false, mHistorySource=null, mUserRestriction=0, mSource=0, mConcurrencyType=0, mDeletions=[], mPrimaryDevice=null, mAcccountType=0}; success: true
12-11 23:34:29.933 12816 14158 I GCoreUlr: GCM ID uploaded for account#-19#
12-11 23:34:29.945 12816 14158 I GCoreUlrLong: syncNotDefinedYet() GetSettingsResults{mModMillis=0, mReportingEnabled=false, mReportingSource=null, mHistoryEnabled=false, mHistorySource=null, mUserRestriction=0, mSource=0, mConcurrencyType=0, mDeletions=[], mPrimaryDevice=null, mAcccountType=0} at 1513056869944: account#-19#: LR=0 -> -1, LH=0 -> -1, [HistoryNotEnabled, ReportingNotEnabled]; 
12-11 23:34:29.945 12816 14158 I GCoreUlr: Starting service, intent=Intent { act=com.google.android.location.reporting.ACTION_UPDATE_ACTIVE_STATE cmp=com.google.android.gms/com.google.android.location.reporting.service.DispatchingService (has extras) }, extras=Bundle[{source=sync_new_account}]
12-11 23:34:29.953 12816 14158 I GCoreUlr: AutoEnableManager setIneligible for account#-19#
12-11 23:34:29.966 12816 12816 E BluetoothAdapter: Bluetooth binder is null
12-11 23:34:29.980 12479 13052 I AccountManagerService: getTypesVisibleToCaller: isPermitted? true
12-11 23:34:29.986 12816 13124 I GCoreUlr: DispatchingService.updateActiveState+sync_new_account: Ensuring that reporting is stopped because of reasons: {account#-19#=[InactiveReason{mIdentifier=6, mName='ReportingNotEnabled'}, InactiveReason{mIdentifier=14, mName='HistoryNotEnabled'}]}
12-11 23:34:29.994 12816 13124 I GCoreUlr: Unbound from all location providers
12-11 23:34:29.994 12816 13124 I GCoreUlr: Place inference reporting - stop
12-11 23:34:30.003 12816 12816 I GCoreUlr: Stopping handler for UlrDispSvcFast
12-11 23:34:30.007 12816 12816 I GCoreUlr: Unbound from all location providers
12-11 23:34:30.007 12816 12816 I GCoreUlr: Place inference reporting - stop
12-11 23:34:30.017 12479 12491 I AccountManagerService: getTypesVisibleToCaller: isPermitted? true
12-11 23:34:30.019 13026 14163 V AccountUtils: 0 accounts found with uca feature
12-11 23:34:30.019 13026 14163 I GamesSyncAdapter: Starting sync for 99491965
12-11 23:34:30.020 12479 13052 I AccountManagerService: getTypesVisibleToCaller: isPermitted? true
12-11 23:34:30.021 13026 14163 I GamesSyncAdapter: Sync duration for 99491965: 2
12-11 23:34:30.022 12479 12614 I AccountManagerService: getTypesVisibleToCaller: isPermitted? true
12-11 23:34:30.023 13026 14163 E PopupManager: No content view usable to display popups. Popups will not be displayed in response to this client's calls. Use setViewForPopups() to set your content view.
12-11 23:34:30.026 13026 14137 W GamesServiceBroker: Client connected with SDK 8487000, Services 11743470, and Games 37240070
12-11 23:34:30.067 13026 14165 E Auth.Api.Credentials: [CredentialSyncAdapter] Unknown sync event.
12-11 23:34:30.115 12479 12865 I AccountManagerService: getTypesVisibleToCaller: isPermitted? true
12-11 23:34:30.116 12479 13046 I AccountManagerService: getTypesVisibleToCaller: isPermitted? true
12-11 23:34:30.117 12479 12491 I AccountManagerService: getTypesVisibleToCaller: isPermitted? true
12-11 23:34:30.125 13026 14167 I RemindersSync: Found sync condition that we don't recognize, aborting. [T SyncAdapterThread-3:id=313:priority=5:group=main]
12-11 23:34:30.218 12816 14166 E ReauthClient: Error deserializing reauth settings response.
12-11 23:34:30.218 12816 14166 E ReauthClient: org.json.JSONException: Value  of type java.lang.String cannot be converted to JSONObject
12-11 23:34:30.218 12816 14166 E ReauthClient: 	at org.json.JSON.typeMismatch(JSON.java:111)
12-11 23:34:30.218 12816 14166 E ReauthClient: 	at org.json.JSONObject.<init>(JSONObject.java:160)
12-11 23:34:30.218 12816 14166 E ReauthClient: 	at org.json.JSONObject.<init>(JSONObject.java:173)
12-11 23:34:30.218 12816 14166 E ReauthClient: 	at eea.a(:com.google.android.gms@11743470:21)
12-11 23:34:30.218 12816 14166 E ReauthClient: 	at edm.a(:com.google.android.gms@11743470:9)
12-11 23:34:30.218 12816 14166 E ReauthClient: 	at mlv.onPerformSync(:com.google.android.gms@11743470:5)
12-11 23:34:30.218 12816 14166 E ReauthClient: 	at android.content.AbstractThreadedSyncAdapter$SyncThread.run(AbstractThreadedSyncAdapter.java:272)
12-11 23:34:31.472 13813 13813 D MonkeyStub: translateCommand: tap 933 1687
12-11 23:34:31.535 12816 13145 W GLSUser : [DeviceKeyStore] Cannot load key: Device key file not found.
12-11 23:34:31.535 12816 13145 W GLSUser : [DeviceKeyStore] Cannot load key: Device key file not found.
12-11 23:34:31.719 12479 12912 I AccountManagerService: getTypesVisibleToCaller: isPermitted? true
12-11 23:34:32.152 13391 14083 I GlobalDismissManager: no sender configured
12-11 23:34:32.152 13391 14083 D AlertService: Beginning updateAlertNotification
12-11 23:34:32.159 13391 14083 D AlertService: No fired or scheduled alerts
12-11 23:34:32.167 13391 14083 D AlertService: Scheduling next alarm with AlarmScheduler. sEventReminderReceived: null
12-11 23:34:32.174 13391 14083 D AlarmScheduler: No events found starting within 1 week.
12-11 23:34:32.474 13813 13813 D MonkeyStub: translateCommand: tap 933 1687
12-11 23:34:32.484 12479 12859 W ActivityManager: Unable to start service Intent { act=com.google.android.backup.BackupEnabler pkg=com.google.android.backuptransport (has extras) } U=0: not found
12-11 23:34:32.500 12816 12816 I GeofencerStateMachine: sendQueryLocationOptIn
12-11 23:34:32.524 12816 13959 I GCoreUlr: Starting service, intent=Intent { act=com.google.android.location.reporting.ACTION_UPDATE_WORLD cmp=com.google.android.gms/com.google.android.location.reporting.service.DispatchingService (has extras) }, extras=Bundle[{receiverAction=com.google.android.gsf.settings.GoogleLocationSettings.UPDATE_LOCATION_SETTINGS}]
12-11 23:34:32.566 12816 12816 E BluetoothAdapter: Bluetooth binder is null
12-11 23:34:32.585 12816 13145 I GCoreUlr: WorldUpdater received intent Intent { act=com.google.android.location.reporting.ACTION_UPDATE_WORLD cmp=com.google.android.gms/com.google.android.location.reporting.service.DispatchingService (has extras) } with receiverAction com.google.android.gsf.settings.GoogleLocationSettings.UPDATE_LOCATION_SETTINGS
12-11 23:34:32.597 13391 13832 D EGL_emulation: eglMakeCurrent: 0xae4d4a80: ver 2 0 (tinfo 0xae4d2660)
12-11 23:34:32.602 12816 13524 I DynamiteModule: Considering local module com.google.android.gms.googlecertificates:4 and remote module com.google.android.gms.googlecertificates:4
12-11 23:34:32.602 12816 13524 I DynamiteModule: Selected remote version of com.google.android.gms.googlecertificates, version >= 4
12-11 23:34:32.635 12816 13145 I GCoreUlr: WorldUpdater:com.google.android.gsf.settings.GoogleLocationSettings.UPDATE_LOCATION_SETTINGS: Ensuring that reporting is stopped because of reasons: {account#-19#=[InactiveReason{mIdentifier=6, mName='ReportingNotEnabled'}, InactiveReason{mIdentifier=14, mName='HistoryNotEnabled'}]}
12-11 23:34:32.647 12816 13145 I GCoreUlr: Unbound from all location providers
12-11 23:34:32.647 12816 13145 I GCoreUlr: Place inference reporting - stop
12-11 23:34:32.668 12816 13524 W System  : ClassLoader referenced unknown path: /data/data/com.google.android.gms/app_chimera/m/00000001/n/x86
12-11 23:34:32.676 13835 13856 D EGL_emulation: eglMakeCurrent: 0xae4d47e0: ver 2 0 (tinfo 0xae4d27a0)
12-11 23:34:32.678 13835 13856 E Surface : getSlotFromBufferLocked: unknown buffer: 0x99b72000
12-11 23:34:32.681 13835 13856 D OpenGLRenderer: endAllStagingAnimators on 0x96bfc980 (RippleDrawable) with handle 0x980a0120
12-11 23:34:32.683 12571 13019 D EGL_emulation: eglMakeCurrent: 0xaab6b940: ver 2 0 (tinfo 0xaa239df0)
12-11 23:34:32.689 12571 13019 D EGL_emulation: eglMakeCurrent: 0xaab6b940: ver 2 0 (tinfo 0xaa239df0)
12-11 23:34:32.699 12816 12816 I GCoreUlr: Stopping handler for UlrDispSvcFast
12-11 23:34:32.707 12571 13019 D EGL_emulation: eglMakeCurrent: 0xaab6b940: ver 2 0 (tinfo 0xaa239df0)
12-11 23:34:32.709 12816 12816 I GCoreUlr: Unbound from all location providers
12-11 23:34:32.709 12816 12816 I GCoreUlr: Place inference reporting - stop
12-11 23:34:32.713 12571 13019 D EGL_emulation: eglMakeCurrent: 0xaab6b940: ver 2 0 (tinfo 0xaa239df0)
12-11 23:34:32.717 12571 13019 D EGL_emulation: eglMakeCurrent: 0xaab6b940: ver 2 0 (tinfo 0xaa239df0)
12-11 23:34:32.730 12571 13019 D EGL_emulation: eglMakeCurrent: 0xaab6b940: ver 2 0 (tinfo 0xaa239df0)
12-11 23:34:32.734 12571 13019 D EGL_emulation: eglMakeCurrent: 0xaab6b940: ver 2 0 (tinfo 0xaa239df0)
12-11 23:34:32.747 12571 13019 D EGL_emulation: eglMakeCurrent: 0xaab6b940: ver 2 0 (tinfo 0xaa239df0)
12-11 23:34:32.752 12571 13019 D EGL_emulation: eglMakeCurrent: 0xaab6b940: ver 2 0 (tinfo 0xaa239df0)
12-11 23:34:32.765 12571 13019 D EGL_emulation: eglMakeCurrent: 0xaab6b940: ver 2 0 (tinfo 0xaa239df0)
12-11 23:34:32.770 12571 13019 D EGL_emulation: eglMakeCurrent: 0xaab6b940: ver 2 0 (tinfo 0xaa239df0)
12-11 23:34:32.779 12816 13524 I Backup  : [GmsBackupAccountManager] Backup account not found in gmscore.
12-11 23:34:32.784 12479 12865 I AccountManagerService: getTypesVisibleToCaller: isPermitted? true
12-11 23:34:32.785 12571 13019 D EGL_emulation: eglMakeCurrent: 0xaab6b940: ver 2 0 (tinfo 0xaa239df0)
12-11 23:34:32.790 12571 13019 D EGL_emulation: eglMakeCurrent: 0xaab6b940: ver 2 0 (tinfo 0xaa239df0)
