--------- beginning of main
12-11 23:33:57.366 13813 13813 D MonkeyStub: translateCommand: wake
12-11 23:33:57.412 13813 13813 D MonkeyStub: translateCommand: tap 545 1839
12-11 23:33:57.420 12571 13019 D EGL_emulation: eglMakeCurrent: 0xaab6b940: ver 2 0 (tinfo 0xaa239df0)
12-11 23:33:57.422 12479 12530 W AudioTrack: AUDIO_OUTPUT_FLAG_FAST denied by client; transfer 4, track 48000 Hz, output 44100 Hz
--------- beginning of system
12-11 23:33:57.424 12479 12513 I ActivityManager: START u0 {act=android.intent.action.MAIN cat=[android.intent.category.HOME] flg=0x10200000 cmp=com.android.launcher3/.Launcher (has extras)} from uid 1000 on display 0
12-11 23:33:58.417 13813 13813 D MonkeyStub: translateCommand: tap 545 1630
12-11 23:34:00.021 12571 13019 D EGL_emulation: eglMakeCurrent: 0xaab6b940: ver 2 0 (tinfo 0xaa239df0)
12-11 23:34:00.061  1235  1294 D hwcomposer: hw_composer sent 89 syncs in 60s
12-11 23:34:00.422 13813 13813 D MonkeyStub: translateCommand: tap 179 704
12-11 23:34:00.439 12479 12490 I ActivityManager: START u0 {act=android.intent.action.MAIN cat=[android.intent.category.LAUNCHER] flg=0x10200000 cmp=com.android.calendar/.AllInOneActivity (has extras)} from uid 10009 on display 0
12-11 23:34:00.453 12479 12493 W BroadcastQueue: Permission Denial: broadcasting Intent { act=com.android.launcher3.action.LAUNCH flg=0x10 (has extras) } from com.android.launcher3 (pid=12848, uid=10009) requires com.google.android.launcher.permission.RECEIVE_LAUNCH_BROADCASTS due to receiver com.google.android.gms/.icing.proxy.ApplicationLauncherReceiver
12-11 23:34:00.453 12479 12493 W BroadcastQueue: Permission Denial: receiving Intent { act=com.android.launcher3.action.LAUNCH flg=0x10 (has extras) } to com.google.android.gms/.chimera.GmsIntentOperationService$GmsExternalReceiver requires com.android.launcher3.permission.RECEIVE_LAUNCH_BROADCASTS due to sender com.android.launcher3 (uid 10009)
12-11 23:34:00.453 12479 12493 W BroadcastQueue: Permission Denial: broadcasting Intent { act=com.android.launcher3.action.LAUNCH flg=0x10 (has extras) } from com.android.launcher3 (pid=12848, uid=10009) requires com.google.android.launcher.permission.RECEIVE_LAUNCH_BROADCASTS due to receiver com.google.android.googlequicksearchbox/com.google.android.search.core.icingsync.ApplicationLaunchReceiver
12-11 23:34:00.464 13391 13391 D ExtensionsFactory: AllInOneMenuExtensions not found in properties file.
12-11 23:34:00.497  1235  1317 D gralloc_ranchu: gralloc_alloc: Creating ashmem region of size 7675904
12-11 23:34:00.501 12203 12239 D AudioFlinger: mixer(0xb4340000) throttle end: throttle time(4)
12-11 23:34:00.509 13391 13391 D ExtensionsFactory: AnalyticsLogger not found in properties file.
12-11 23:34:00.547  1235  1293 D gralloc_ranchu: gralloc_alloc: Creating ashmem region of size 7675904
12-11 23:34:00.588  1235  1317 E SurfaceFlinger: ro.sf.lcd_density must be defined as a build property
12-11 23:34:00.592 13391 13832 D OpenGLRenderer: Use EGL_SWAP_BEHAVIOR_PRESERVED: true
12-11 23:34:00.597 13391 13391 D         : HostConnection::get() New Host Connection established 0xae8f2a00, tid 13391
12-11 23:34:00.684 12571 13019 D EGL_emulation: eglMakeCurrent: 0xaab6b940: ver 2 0 (tinfo 0xaa239df0)
12-11 23:34:00.701 12571 13019 D EGL_emulation: eglMakeCurrent: 0xaab6b940: ver 2 0 (tinfo 0xaa239df0)
12-11 23:34:00.705 12571 13019 D EGL_emulation: eglMakeCurrent: 0xaab6b940: ver 2 0 (tinfo 0xaa239df0)
12-11 23:34:00.706 12848 13053 D EGL_emulation: eglMakeCurrent: 0xae4d4a80: ver 2 0 (tinfo 0xae4d26b0)
12-11 23:34:00.706 13391 13391 W         : Unrecognized GLES max version string in extensions: ANDROID_EMU_CHECKSUM_HELPER_v1 ANDROID_EMU_dma_v1 
12-11 23:34:00.712 12848 13053 E Surface : getSlotFromBufferLocked: unknown buffer: 0xaa4965a0
12-11 23:34:00.719 12571 13019 D EGL_emulation: eglMakeCurrent: 0xaab6b940: ver 2 0 (tinfo 0xaa239df0)
12-11 23:34:00.727 12571 13019 D EGL_emulation: eglMakeCurrent: 0xaab6b940: ver 2 0 (tinfo 0xaa239df0)
12-11 23:34:00.738 12571 13019 D EGL_emulation: eglMakeCurrent: 0xaab6b940: ver 2 0 (tinfo 0xaa239df0)
12-11 23:34:00.746 12571 13019 D EGL_emulation: eglMakeCurrent: 0xaab6b940: ver 2 0 (tinfo 0xaa239df0)
12-11 23:34:00.751 12571 13019 D EGL_emulation: eglMakeCurrent: 0xaab6b940: ver 2 0 (tinfo 0xaa239df0)
12-11 23:34:00.751 12816 12816 W ChimeraUtils: Non Chimera context
12-11 23:34:00.763 12571 13019 D EGL_emulation: eglMakeCurrent: 0xaab6b940: ver 2 0 (tinfo 0xaa239df0)
12-11 23:34:00.765 12571 13019 D EGL_emulation: eglMakeCurrent: 0xaab6b940: ver 2 0 (tinfo 0xaa239df0)
12-11 23:34:00.780 12571 13019 D EGL_emulation: eglMakeCurrent: 0xaab6b940: ver 2 0 (tinfo 0xaa239df0)
12-11 23:34:00.783 13391 13832 D         : HostConnection::get() New Host Connection established 0xae8f2d00, tid 13832
12-11 23:34:00.784 12571 13019 D EGL_emulation: eglMakeCurrent: 0xaab6b940: ver 2 0 (tinfo 0xaa239df0)
12-11 23:34:00.797 12571 13019 D EGL_emulation: eglMakeCurrent: 0xaab6b940: ver 2 0 (tinfo 0xaa239df0)
12-11 23:34:00.803 12571 13019 D EGL_emulation: eglMakeCurrent: 0xaab6b940: ver 2 0 (tinfo 0xaa239df0)
12-11 23:34:00.813 12816 12828 W ConfigurationChimeraPro: Caller is not authorized to access Uri: content://com.google.android.gms.phenotype/com.google.android.gms.common_auth
12-11 23:34:00.822 12571 13019 D EGL_emulation: eglMakeCurrent: 0xaab6b940: ver 2 0 (tinfo 0xaa239df0)
12-11 23:34:00.831 12571 13019 D EGL_emulation: eglMakeCurrent: 0xaab6b940: ver 2 0 (tinfo 0xaa239df0)
12-11 23:34:00.833 13391 13832 W         : Unrecognized GLES max version string in extensions: ANDROID_EMU_CHECKSUM_HELPER_v1 ANDROID_EMU_dma_v1 
12-11 23:34:00.836 13391 13832 I OpenGLRenderer: Initialized EGL, version 1.4
12-11 23:34:00.837 13391 13832 W OpenGLRenderer: Failed to choose config with EGL_SWAP_BEHAVIOR_PRESERVED, retrying without...
12-11 23:34:00.838 12479 12912 I ActivityManager: START u0 {act=com.google.android.gms.ui.UNPACKING_REDIRECT dat=intent://com.google.android.gms.auth.uiflows.common/efb63f78-3021-4f53-b0bd-c058add885d7 pkg=com.google.android.gms cmp=com.google.android.gms/.auth.uiflows.common.UnpackingRedirectActivity (has extras)} from uid 10022 on display 0
12-11 23:34:00.843 13391 13832 D EGL_emulation: eglCreateContext: 0xae4d4a80: maj 2 min 0 rcv 2
12-11 23:34:00.846 12571 13019 D EGL_emulation: eglMakeCurrent: 0xaab6b940: ver 2 0 (tinfo 0xaa239df0)
12-11 23:34:00.848 13391 13832 D EGL_emulation: eglMakeCurrent: 0xae4d4a80: ver 2 0 (tinfo 0xae4d2660)
12-11 23:34:00.853 12571 13019 D EGL_emulation: eglMakeCurrent: 0xaab6b940: ver 2 0 (tinfo 0xaa239df0)
12-11 23:34:00.870 13391 13832 D EGL_emulation: eglMakeCurrent: 0xae4d4a80: ver 2 0 (tinfo 0xae4d2660)
12-11 23:34:00.870 12571 13019 D EGL_emulation: eglMakeCurrent: 0xaab6b940: ver 2 0 (tinfo 0xaa239df0)
12-11 23:34:00.888 12571 13019 D EGL_emulation: eglMakeCurrent: 0xaab6b940: ver 2 0 (tinfo 0xaa239df0)
12-11 23:34:00.904 12571 13019 D EGL_emulation: eglMakeCurrent: 0xaab6b940: ver 2 0 (tinfo 0xaa239df0)
12-11 23:34:00.917 12571 13019 D EGL_emulation: eglMakeCurrent: 0xaab6b940: ver 2 0 (tinfo 0xaa239df0)
12-11 23:34:01.242 12479 12912 I WindowManager: Screenshot max retries 4 of Token{3686e5e ActivityRecord{7e97b99 u0 com.android.calendar/.AllInOneActivity t21}} appWin=Window{e418535 u0 com.android.calendar/com.android.calendar.AllInOneActivity} drawState=1
12-11 23:34:01.244 12479 13046 W art     : Long monitor contention event with owner method=int com.android.server.am.ActivityStackSupervisor.startActivityMayWait(android.app.IApplicationThread, int, java.lang.String, android.content.Intent, java.lang.String, android.service.voice.IVoiceInteractionSession, com.android.internal.app.IVoiceInteractor, android.os.IBinder, java.lang.String, int, int, android.app.ProfilerInfo, android.app.IActivityManager$WaitResult, android.content.res.Configuration, android.os.Bundle, boolean, int, android.app.IActivityContainer, com.android.server.am.TaskRecord) from ActivityStackSupervisor.java:946 waiters=0 for 351ms
12-11 23:34:01.245 12479 12493 W art     : Long monitor contention event with owner method=int com.android.server.am.ActivityStackSupervisor.startActivityMayWait(android.app.IApplicationThread, int, java.lang.String, android.content.Intent, java.lang.String, android.service.voice.IVoiceInteractionSession, com.android.internal.app.IVoiceInteractor, android.os.IBinder, java.lang.String, int, int, android.app.ProfilerInfo, android.app.IActivityManager$WaitResult, android.content.res.Configuration, android.os.Bundle, boolean, int, android.app.IActivityContainer, com.android.server.am.TaskRecord) from ActivityStackSupervisor.java:946 waiters=1 for 329ms
12-11 23:34:01.308 12479 13046 W InputMethodManagerService: Focus gain on non-focused client com.android.internal.view.IInputMethodClient$Stub$Proxy@f540470 (uid=10022 pid=13391)
12-11 23:34:01.322 12479 12859 I ActivityManager: Start proc 13835:com.google.android.gms.ui/u0a8 for activity com.google.android.gms/.auth.uiflows.common.UnpackingRedirectActivity
12-11 23:34:01.380 13835 13835 W System  : ClassLoader referenced unknown path: /system/priv-app/PrebuiltGmsCore/lib/x86
12-11 23:34:01.399 13835 13835 I LoadedApk: No resource references to update in package FFFFFFFFFFFFFFFFFFFFFF
12-11 23:34:01.428 13835 13835 W System  : ClassLoader referenced unknown path: /system/priv-app/PrebuiltGmsCore/lib/x86
12-11 23:34:01.429 13835 13835 W System  : ClassLoader referenced unknown path: /system/priv-app/PrebuiltGmsCore/lib/x86
12-11 23:34:01.436 13835 13835 W System  : ClassLoader referenced unknown path: /system/priv-app/PrebuiltGmsCore/lib/x86
12-11 23:34:01.437 13835 13835 W System  : ClassLoader referenced unknown path: /system/priv-app/PrebuiltGmsCore/lib/x86
12-11 23:34:01.437 13835 13835 W linker  : /data/data/com.google.android.gms/app_extracted_libs/x86/libconscrypt_gmscore_jni.so: unused DT entry: type 0xf arg 0x91
12-11 23:34:01.442 13835 13835 V NativeCrypto: Registering com/google/android/gms/org/conscrypt/NativeCrypto's 276 native methods...
12-11 23:34:01.453 13835 13835 I art     : Rejecting re-init on previously-failed class java.lang.Class<com.google.android.gms.org.conscrypt.DelegatingExtendedSSLSession>
12-11 23:34:01.453 13835 13835 I art     : Rejecting re-init on previously-failed class java.lang.Class<com.google.android.gms.org.conscrypt.DelegatingExtendedSSLSession>
12-11 23:34:01.453 13835 13835 I art     : Rejecting re-init on previously-failed class java.lang.Class<com.google.android.gms.org.conscrypt.DelegatingExtendedSSLSession>
12-11 23:34:01.462 13835 13835 I ProviderInstaller: Installed default security provider GmsCore_OpenSSL
12-11 23:34:01.546 12479 13046 I ActivityManager: START u0 {cat=[categoryhack:f0974872-5382-4c96-a577-f25ecf66c2c1] flg=0x2000000 cmp=com.google.android.gms/.auth.uiflows.addaccount.AccountIntroActivity (has extras)} from uid 10008 on display 0
12-11 23:34:01.582 12816 12831 W ConfigurationChimeraPro: Got null configs for com.google.android.gms.common_auth
12-11 23:34:01.594 12479 12614 I ActivityManager: START u0 {flg=0x2000000 cmp=com.google.android.gms/.auth.uiflows.addaccount.PreAddAccountActivity (has extras)} from uid 10008 on display 0
12-11 23:34:01.616 13391 13832 D EGL_emulation: eglMakeCurrent: 0xae4d4a80: ver 2 0 (tinfo 0xae4d2660)
12-11 23:34:01.617 13391 13832 E Surface : getSlotFromBufferLocked: unknown buffer: 0xaa3588c0
12-11 23:34:01.634 12816 12828 W ConfigurationChimeraPro: Got null configs for com.google.android.gms.auth.account.base
12-11 23:34:01.681  1235  2401 E SurfaceFlinger: ro.sf.lcd_density must be defined as a build property
12-11 23:34:01.682 13835 13856 D OpenGLRenderer: Use EGL_SWAP_BEHAVIOR_PRESERVED: true
12-11 23:34:01.695 13835 13835 D         : HostConnection::get() New Host Connection established 0xaab57b80, tid 13835
12-11 23:34:01.733 13835 13835 W         : Unrecognized GLES max version string in extensions: ANDROID_EMU_CHECKSUM_HELPER_v1 ANDROID_EMU_dma_v1 
12-11 23:34:01.742 12816 12828 W Auth    : [FactoryResetProtectionManager] Factory reset protection is not supported!
12-11 23:34:01.747 12571 12571 D PhoneStatusBar: disable: < expand icons alerts system_info BACK* home recent clock search quick_settings >
12-11 23:34:01.758 12571 13019 D EGL_emulation: eglMakeCurrent: 0xaab6b940: ver 2 0 (tinfo 0xaa239df0)
12-11 23:34:01.760 13835 13856 D         : HostConnection::get() New Host Connection established 0xaab57f40, tid 13856
12-11 23:34:01.801 13835 13856 W         : Unrecognized GLES max version string in extensions: ANDROID_EMU_CHECKSUM_HELPER_v1 ANDROID_EMU_dma_v1 
12-11 23:34:01.802 13835 13856 I OpenGLRenderer: Initialized EGL, version 1.4
12-11 23:34:01.803 13835 13856 W OpenGLRenderer: Failed to choose config with EGL_SWAP_BEHAVIOR_PRESERVED, retrying without...
12-11 23:34:01.805 13835 13856 D EGL_emulation: eglCreateContext: 0xae4d47e0: maj 2 min 0 rcv 2
12-11 23:34:01.806 13835 13856 D EGL_emulation: eglMakeCurrent: 0xae4d47e0: ver 2 0 (tinfo 0xae4d27a0)
12-11 23:34:01.820 13835 13856 D EGL_emulation: eglMakeCurrent: 0xae4d47e0: ver 2 0 (tinfo 0xae4d27a0)
12-11 23:34:01.832 12479 12829 I ActivityManager: START u0 {flg=0x2000000 cmp=com.google.android.gms/.auth.uiflows.minutemaid.MinuteMaidActivity (has extras)} from uid 10008 on display 0
12-11 23:34:01.836 12571 12571 D PhoneStatusBar: disable: < expand icons alerts system_info back* home recent clock search quick_settings >
12-11 23:34:01.910 12479 13045 W InputMethodManagerService: Focus gain on non-focused client com.android.internal.view.IInputMethodClient$Stub$Proxy@db45a85 (uid=10008 pid=13835)
12-11 23:34:01.963 13835 13835 I WebViewFactory: Loading com.android.webview version 44.0.2403.119 (code 246011910)
12-11 23:34:01.982 13835 13835 W System  : ClassLoader referenced unknown path: /system/app/webview/lib/x86
12-11 23:34:01.986 13835 13835 I LibraryLoader: Time to load native libraries: 1 ms (timestamps 8934-8935)
12-11 23:34:01.986 13835 13835 I LibraryLoader: Expected native library version number "",actual native library version number ""
12-11 23:34:01.993 13835 13835 W art     : Attempt to remove non-JNI local reference, dumping thread
12-11 23:34:01.998 13835 13835 V WebViewChromiumFactoryProvider: Binding Chromium to main looper Looper (main, tid 1) {628385}
12-11 23:34:01.998 13835 13835 I LibraryLoader: Expected native library version number "",actual native library version number ""
12-11 23:34:01.998 13835 13835 I chromium: [INFO:library_loader_hooks.cc(120)] Chromium logging enabled: level = 0, default verbosity = 0
12-11 23:34:02.000 13835 13835 I BrowserStartupController: Initializing chromium process, singleProcess=true
12-11 23:34:02.000 13835 13835 W art     : Attempt to remove non-JNI local reference, dumping thread
12-11 23:34:02.000 13835 13835 E SysUtils: ApplicationContext is null in ApplicationStatus
12-11 23:34:02.012 13835 13835 W chromium: [WARNING:resource_bundle.cc(285)] locale_file_path.empty()
12-11 23:34:02.014 13835 13835 E libEGL  : validate_display:255 error 3008 (EGL_BAD_DISPLAY)
12-11 23:34:02.014 13835 13835 E libEGL  : validate_display:255 error 3008 (EGL_BAD_DISPLAY)
12-11 23:34:02.018 13835 13835 D EGL_emulation: eglCreateContext: 0x9abdc120: maj 2 min 0 rcv 2
12-11 23:34:02.018 13835 13835 D EGL_emulation: eglMakeCurrent: 0x9abdc120: ver 2 0 (tinfo 0xae7ff5c0)
12-11 23:34:02.043 13835 13835 E DataReductionProxySettingListener: No DRP key due to exception:java.lang.ClassNotFoundException: com.android.webview.chromium.Drp
12-11 23:34:02.049 13835 13873 E BluetoothAdapter: Bluetooth binder is null
12-11 23:34:02.060 13835 13835 W art     : Attempt to remove non-JNI local reference, dumping thread
12-11 23:34:02.065 13835 13835 W AwContents: onDetachedFromWindow called when already detached. Ignoring
12-11 23:34:02.091 13835 13856 D EGL_emulation: eglMakeCurrent: 0xae4d47e0: ver 2 0 (tinfo 0xae4d27a0)
12-11 23:34:02.092 13835 13856 E Surface : getSlotFromBufferLocked: unknown buffer: 0xb2caedc0
12-11 23:34:02.121 13835 13856 D EGL_emulation: eglMakeCurrent: 0xae4d47e0: ver 2 0 (tinfo 0xae4d27a0)
12-11 23:34:02.134 13835 13871 W chromium: [WARNING:data_reduction_proxy_config.cc(423)] SPDY proxy OFF at startup
12-11 23:34:02.153 12479 12498 I ActivityManager: Displayed com.google.android.gms/.auth.uiflows.minutemaid.MinuteMaidActivity: +241ms (total +1s695ms)
12-11 23:34:02.164 12571 13019 D EGL_emulation: eglMakeCurrent: 0xaab6b940: ver 2 0 (tinfo 0xaa239df0)
12-11 23:34:02.169 12571 13019 D EGL_emulation: eglMakeCurrent: 0xaab6b940: ver 2 0 (tinfo 0xaa239df0)
12-11 23:34:02.177 12479 13045 I AccountManagerService: getTypesVisibleToCaller: isPermitted? true
12-11 23:34:02.203 13835 13835 E BluetoothAdapter: Bluetooth binder is null
12-11 23:34:02.205 13835 13835 V NFC     : this device does not have NFC support
12-11 23:34:02.206 12571 13019 D EGL_emulation: eglMakeCurrent: 0xaab6b940: ver 2 0 (tinfo 0xaa239df0)
12-11 23:34:02.212 12571 13019 D EGL_emulation: eglMakeCurrent: 0xaab6b940: ver 2 0 (tinfo 0xaa239df0)
12-11 23:34:02.215 13835 13835 W Auth    : [MinuteMaid,MinuteMaidFragment] com.google.android.androidforwork is not installed on system.
12-11 23:34:02.218 12571 13019 D EGL_emulation: eglMakeCurrent: 0xaab6b940: ver 2 0 (tinfo 0xaa239df0)
12-11 23:34:02.225 12571 13019 D EGL_emulation: eglMakeCurrent: 0xaab6b940: ver 2 0 (tinfo 0xaa239df0)
12-11 23:34:02.228 13486 13498 V NativeCrypto: Read error: ssl=0xb40444c0: I/O error during system call, Connection reset by peer
12-11 23:34:02.228 13486 13498 V NativeCrypto: SSL shutdown failed: ssl=0xb40444c0: I/O error during system call, Broken pipe
12-11 23:34:02.231  1234  1234 E SELinux : avc:  denied  { find } for service=batteryproperties scontext=u:r:untrusted_app:s0:c512,c768 tcontext=u:object_r:healthd_service:s0 tclass=service_manager
12-11 23:34:02.233 12571 13019 D EGL_emulation: eglMakeCurrent: 0xaab6b940: ver 2 0 (tinfo 0xaa239df0)
12-11 23:34:02.236 12571 13019 D EGL_emulation: eglMakeCurrent: 0xaab6b940: ver 2 0 (tinfo 0xaa239df0)
12-11 23:34:02.251 12571 13019 D EGL_emulation: eglMakeCurrent: 0xaab6b940: ver 2 0 (tinfo 0xaa239df0)
12-11 23:34:02.254 12571 13019 D EGL_emulation: eglMakeCurrent: 0xaab6b940: ver 2 0 (tinfo 0xaa239df0)
12-11 23:34:02.269 12571 13019 D EGL_emulation: eglMakeCurrent: 0xaab6b940: ver 2 0 (tinfo 0xaa239df0)
12-11 23:34:02.277 12571 13019 D EGL_emulation: eglMakeCurrent: 0xaab6b940: ver 2 0 (tinfo 0xaa239df0)
12-11 23:34:02.287 13835 13887 D         : HostConnection::get() New Host Connection established 0x992fffc0, tid 13887
12-11 23:34:02.291 12571 13019 D EGL_emulation: eglMakeCurrent: 0xaab6b940: ver 2 0 (tinfo 0xaa239df0)
12-11 23:34:02.295 12571 13019 D EGL_emulation: eglMakeCurrent: 0xaab6b940: ver 2 0 (tinfo 0xaa239df0)
12-11 23:34:02.299 13835 13835 I Auth    : [BrowserSignInFragment] onPageStarted: Host: accounts.google.com Path: /embedded/setup/android
12-11 23:34:02.301 13835 13835 W art     : Attempt to remove non-JNI local reference, dumping thread
12-11 23:34:02.301 13835 13835 W art     : Attempt to remove non-JNI local reference, dumping thread
12-11 23:34:02.327 12571 13019 D EGL_emulation: eglMakeCurrent: 0xaab6b940: ver 2 0 (tinfo 0xaa239df0)
12-11 23:34:02.334 12571 13019 D EGL_emulation: eglMakeCurrent: 0xaab6b940: ver 2 0 (tinfo 0xaa239df0)
12-11 23:34:02.343 13835 13887 W         : Unrecognized GLES max version string in extensions: ANDROID_EMU_CHECKSUM_HELPER_v1 ANDROID_EMU_dma_v1 
12-11 23:34:02.346 13835 13887 D EGL_emulation: eglCreateContext: 0x9abde7c0: maj 2 min 0 rcv 2
12-11 23:34:02.346 12571 13019 D EGL_emulation: eglMakeCurrent: 0xaab6b940: ver 2 0 (tinfo 0xaa239df0)
12-11 23:34:02.346 13835 13887 D EGL_emulation: eglMakeCurrent: 0x9abde7c0: ver 2 0 (tinfo 0x9ac06e40)
12-11 23:34:02.352 12571 13019 D EGL_emulation: eglMakeCurrent: 0xaab6b940: ver 2 0 (tinfo 0xaa239df0)
12-11 23:34:02.359  1235  1235 W SurfaceFlinger: couldn't log to binary event log: overflow.
12-11 23:34:02.366 12571 13019 D EGL_emulation: eglMakeCurrent: 0xaab6b940: ver 2 0 (tinfo 0xaa239df0)
12-11 23:34:02.379 12571 13019 D EGL_emulation: eglMakeCurrent: 0xaab6b940: ver 2 0 (tinfo 0xaa239df0)
12-11 23:34:02.389 12571 13019 D EGL_emulation: eglMakeCurrent: 0xaab6b940: ver 2 0 (tinfo 0xaa239df0)
12-11 23:34:02.428 13835 13887 D EGL_emulation: eglCreateContext: 0xaab6b1c0: maj 2 min 0 rcv 2
12-11 23:34:02.429 13835 13887 D EGL_emulation: eglMakeCurrent: 0xaab6b1c0: ver 2 0 (tinfo 0x9ac06e40)
12-11 23:34:02.482 13835 13887 D EGL_emulation: eglMakeCurrent: 0x9abde7c0: ver 2 0 (tinfo 0x9ac06e40)
12-11 23:34:02.489 13835 13887 D EGL_emulation: eglMakeCurrent: 0xaab6b1c0: ver 2 0 (tinfo 0x9ac06e40)
12-11 23:34:02.545 13835 13835 W BindingManager: Cannot call determinedVisibility() - never saw a connection for the pid: 13835
12-11 23:34:02.921 12571 12571 D skia    : --- SkImageDecoder::Factory returned null
12-11 23:34:02.987 13835 13835 I Auth    : [BrowserSignInFragment] onPageFinished: Host: accounts.google.com Path: /embedded/setup/android
12-11 23:34:03.012 13835 13835 W BindingManager: Cannot call determinedVisibility() - never saw a connection for the pid: 13835
12-11 23:34:03.012 13835 13835 I Auth    : [BrowserSignInFragment] onPageFinished: Host: accounts.google.com Path: /embedded/setup/android
12-11 23:34:03.016 13835 13835 W BindingManager: Cannot call determinedVisibility() - never saw a connection for the pid: 13835
12-11 23:34:03.016 13835 13835 I Auth    : [BrowserSignInFragment] onPageFinished: Host: accounts.google.com Path: /embedded/setup/android
12-11 23:34:03.091 13835 13835 W BindingManager: Cannot call determinedVisibility() - never saw a connection for the pid: 13835
12-11 23:34:03.113 13835 13835 W BindingManager: Cannot call determinedVisibility() - never saw a connection for the pid: 13835
12-11 23:34:03.113 13835 13835 I Auth    : [BrowserSignInFragment] onPageFinished: Host: accounts.google.com Path: /embedded/setup/android/identifier
12-11 23:34:03.169 13835 13887 D EGL_emulation: eglMakeCurrent: 0x9abde7c0: ver 2 0 (tinfo 0x9ac06e40)
12-11 23:34:03.421 13835 13856 E chromium: [ERROR:buffer_manager.cc(340)] [GroupMarkerNotSet(crbug.com/242999)!:7CECA999]GL ERROR :GL_INVALID_OPERATION : glBufferData: <- error from previous GL command
12-11 23:34:03.580 12203 12239 W audio_hw_generic: Not supplying enough data to HAL, expected position 537636 , only wrote 269688
12-11 23:34:04.145 12479 13050 I AccountManagerService: getTypesVisibleToCaller: isPermitted? true
12-11 23:34:04.155 12479 13045 I AccountManagerService: getTypesVisibleToCaller: isPermitted? true
12-11 23:34:12.429 13813 13813 D MonkeyStub: translateCommand: tap 122 1273
12-11 23:34:12.487 12792 12792 W RichInputMethodSubtype: Can't find emoji subtype
12-11 23:34:12.487 12792 12792 W RichInputMethodSubtype: No input method subtype found; returning dummy subtype: Multi-lingual subtype: android.view.inputmethod.InputMethodSubtype@d78b2ed0, zz
12-11 23:34:12.552 12792 12792 W ViewPager: Requested offscreen page limit 0 too small; defaulting to 1
12-11 23:34:12.557 12792 12792 I LatinIME: Starting input. Cursor position = 0,0
12-11 23:34:12.577  1235  2048 E SurfaceFlinger: ro.sf.lcd_density must be defined as a build property
12-11 23:34:12.579 12792 13909 D OpenGLRenderer: Use EGL_SWAP_BEHAVIOR_PRESERVED: true
12-11 23:34:12.585 12792 12792 D         : HostConnection::get() New Host Connection established 0xaa3b9ec0, tid 12792
12-11 23:34:12.587 12571 13019 D EGL_emulation: eglMakeCurrent: 0xaab6b940: ver 2 0 (tinfo 0xaa239df0)
12-11 23:34:12.622 12792 12792 W         : Unrecognized GLES max version string in extensions: ANDROID_EMU_CHECKSUM_HELPER_v1 ANDROID_EMU_dma_v1 
12-11 23:34:12.660 12792 13909 D         : HostConnection::get() New Host Connection established 0xaaa6f080, tid 13909
12-11 23:34:12.699 12792 13909 W         : Unrecognized GLES max version string in extensions: ANDROID_EMU_CHECKSUM_HELPER_v1 ANDROID_EMU_dma_v1 
12-11 23:34:12.700 12792 13909 I OpenGLRenderer: Initialized EGL, version 1.4
12-11 23:34:12.701 12792 13909 W OpenGLRenderer: Failed to choose config with EGL_SWAP_BEHAVIOR_PRESERVED, retrying without...
12-11 23:34:12.703 12792 13909 D EGL_emulation: eglCreateContext: 0xae4d4780: maj 2 min 0 rcv 2
12-11 23:34:12.704 12792 13909 D EGL_emulation: eglMakeCurrent: 0xae4d4780: ver 2 0 (tinfo 0xae4d2620)
12-11 23:34:12.718 12792 13909 D EGL_emulation: eglMakeCurrent: 0xae4d4780: ver 2 0 (tinfo 0xae4d2620)
12-11 23:34:14.437 13813 13813 D MonkeyStub: translateCommand: type kbr552.testscript@gmail.com
12-11 23:34:14.446 13835 13883 W chromium: [WARNING:keycode_converter.cc(91)] empty code string
12-11 23:34:14.490 13835 13883 W chromium: [WARNING:keycode_converter.cc(91)] empty code string
12-11 23:34:14.496 13835 13883 W chromium: [WARNING:keycode_converter.cc(91)] empty code string
12-11 23:34:14.500 13835 13883 W chromium: [WARNING:keycode_converter.cc(91)] empty code string
12-11 23:34:14.508 13835 13883 W chromium: [WARNING:keycode_converter.cc(91)] empty code string
12-11 23:34:14.517 13835 13883 W chromium: [WARNING:keycode_converter.cc(91)] empty code string
12-11 23:34:14.524 13835 13883 W chromium: [WARNING:keycode_converter.cc(91)] empty code string
12-11 23:34:14.533 13835 13883 W chromium: [WARNING:keycode_converter.cc(91)] empty code string
12-11 23:34:14.539 13835 13883 W chromium: [WARNING:keycode_converter.cc(91)] empty code string
12-11 23:34:14.547 13835 13883 W chromium: [WARNING:keycode_converter.cc(91)] empty code string
12-11 23:34:14.552 13835 13883 W chromium: [WARNING:keycode_converter.cc(91)] empty code string
12-11 23:34:14.564 13835 13883 W chromium: [WARNING:keycode_converter.cc(91)] empty code string
12-11 23:34:14.575 13835 13883 W chromium: [WARNING:keycode_converter.cc(91)] empty code string
12-11 23:34:14.590 13835 13883 W chromium: [WARNING:keycode_converter.cc(91)] empty code string
12-11 23:34:14.596 13835 13883 W chromium: [WARNING:keycode_converter.cc(91)] empty code string
12-11 23:34:14.600 13835 13883 W chromium: [WARNING:keycode_converter.cc(91)] empty code string
12-11 23:34:14.616 13835 13883 W chromium: [WARNING:keycode_converter.cc(91)] empty code string
12-11 23:34:14.625 13835 13883 W chromium: [WARNING:keycode_converter.cc(91)] empty code string
12-11 23:34:14.628 13835 13883 W chromium: [WARNING:keycode_converter.cc(91)] empty code string
12-11 23:34:14.643 13835 13883 W chromium: [WARNING:keycode_converter.cc(91)] empty code string
12-11 23:34:14.651 13835 13883 W chromium: [WARNING:keycode_converter.cc(91)] empty code string
12-11 23:34:14.660 13835 13883 W chromium: [WARNING:keycode_converter.cc(91)] empty code string
12-11 23:34:14.668 13835 13883 W chromium: [WARNING:keycode_converter.cc(91)] empty code string
12-11 23:34:14.673 13835 13883 W chromium: [WARNING:keycode_converter.cc(91)] empty code string
12-11 23:34:14.678 13835 13883 W chromium: [WARNING:keycode_converter.cc(91)] empty code string
12-11 23:34:14.683 13835 13883 W chromium: [WARNING:keycode_converter.cc(91)] empty code string
12-11 23:34:14.689 13835 13883 W chromium: [WARNING:keycode_converter.cc(91)] empty code string
12-11 23:34:14.694 13835 13883 W chromium: [WARNING:keycode_converter.cc(91)] empty code string
12-11 23:34:15.444 13813 13813 D MonkeyStub: translateCommand: press KEYCODE_ENTER
12-11 23:34:15.465 12792 13909 D EGL_emulation: eglMakeCurrent: 0xae4d4780: ver 2 0 (tinfo 0xae4d2620)
12-11 23:34:15.466 12792 13909 E Surface : getSlotFromBufferLocked: unknown buffer: 0xa26fb6e0
12-11 23:34:15.471 12479 13046 I AccountManagerService: getTypesVisibleToCaller: isPermitted? true
12-11 23:34:15.534 13486 13497 D EGL_emulation: eglCreateContext: 0xae4d4e40: maj 2 min 0 rcv 2
12-11 23:34:15.545 13486 13497 D EGL_emulation: eglMakeCurrent: 0xae4d4e40: ver 2 0 (tinfo 0x9b77f260)
12-11 23:34:15.796 12571 13019 D EGL_emulation: eglMakeCurrent: 0xaab6b940: ver 2 0 (tinfo 0xaa239df0)
12-11 23:34:16.188 13835 13835 W BindingManager: Cannot call determinedVisibility() - never saw a connection for the pid: 13835
12-11 23:34:16.714 12792 12792 I LatinIME: Starting input. Cursor position = 0,0
12-11 23:34:16.743 12571 13019 D EGL_emulation: eglMakeCurrent: 0xaab6b940: ver 2 0 (tinfo 0xaa239df0)
12-11 23:34:16.755 12792 13909 D EGL_emulation: eglMakeCurrent: 0xae4d4780: ver 2 0 (tinfo 0xae4d2620)
12-11 23:34:17.661 12479 12600 I AccountManagerService: getTypesVisibleToCaller: isPermitted? true
12-11 23:34:17.803 12571 13019 D EGL_emulation: eglMakeCurrent: 0xaab6b940: ver 2 0 (tinfo 0xaa239df0)
12-11 23:34:19.453 13813 13813 D MonkeyStub: translateCommand: type KgX-Ere-caw-BU3
12-11 23:34:19.461 13835 13883 W chromium: [WARNING:keycode_converter.cc(91)] empty code string
12-11 23:34:19.465 13835 13883 W chromium: [WARNING:keycode_converter.cc(91)] empty code string
12-11 23:34:19.478 13835 13883 W chromium: [WARNING:keycode_converter.cc(91)] empty code string
12-11 23:34:19.483 13835 13883 W chromium: [WARNING:keycode_converter.cc(91)] empty code string
12-11 23:34:19.485 13835 13883 W chromium: [WARNING:keycode_converter.cc(91)] empty code string
12-11 23:34:19.490 13835 13883 W chromium: [WARNING:keycode_converter.cc(91)] empty code string
12-11 23:34:19.495 13835 13883 W chromium: [WARNING:keycode_converter.cc(91)] empty code string
12-11 23:34:19.496 13835 13883 W chromium: [WARNING:keycode_converter.cc(91)] empty code string
12-11 23:34:19.504 13835 13883 W chromium: [WARNING:keycode_converter.cc(91)] empty code string
12-11 23:34:19.508 13835 13883 W chromium: [WARNING:keycode_converter.cc(91)] empty code string
12-11 23:34:19.514 13835 13883 W chromium: [WARNING:keycode_converter.cc(91)] empty code string
12-11 23:34:19.522 13835 13883 W chromium: [WARNING:keycode_converter.cc(91)] empty code string
12-11 23:34:19.530 13835 13883 W chromium: [WARNING:keycode_converter.cc(91)] empty code string
12-11 23:34:19.540 13835 13883 W chromium: [WARNING:keycode_converter.cc(91)] empty code string
12-11 23:34:19.550 13835 13883 W chromium: [WARNING:keycode_converter.cc(91)] empty code string
12-11 23:34:19.557 13835 13883 W chromium: [WARNING:keycode_converter.cc(91)] empty code string
12-11 23:34:19.558 13835 13883 W chromium: [WARNING:keycode_converter.cc(91)] empty code string
12-11 23:34:19.569 13835 13883 W chromium: [WARNING:keycode_converter.cc(91)] empty code string
12-11 23:34:19.571 13835 13883 W chromium: [WARNING:keycode_converter.cc(91)] empty code string
12-11 23:34:19.583 13835 13883 W chromium: [WARNING:keycode_converter.cc(91)] empty code string
12-11 23:34:21.458 13813 13813 D MonkeyStub: translateCommand: press KEYCODE_ENTER
12-11 23:34:21.467 12571 13019 D EGL_emulation: eglMakeCurrent: 0xaab6b940: ver 2 0 (tinfo 0xaa239df0)
12-11 23:34:21.469 12792 13909 D EGL_emulation: eglMakeCurrent: 0xae4d4780: ver 2 0 (tinfo 0xae4d2620)
12-11 23:34:21.470 12792 13909 E Surface : getSlotFromBufferLocked: unknown buffer: 0xa26fb780
12-11 23:34:21.502 13486 13497 D EGL_emulation: eglCreateContext: 0xae4d5380: maj 2 min 0 rcv 2
12-11 23:34:21.506 13486 13497 D EGL_emulation: eglMakeCurrent: 0xae4d5380: ver 2 0 (tinfo 0x9b77f260)
12-11 23:34:21.810 12571 13019 D EGL_emulation: eglMakeCurrent: 0xaab6b940: ver 2 0 (tinfo 0xaa239df0)
12-11 23:34:21.907 13835 13835 W BindingManager: Cannot call determinedVisibility() - never saw a connection for the pid: 13835
12-11 23:34:23.464 13813 13813 D MonkeyStub: translateCommand: tap 813 1718
12-11 23:34:23.767 13835 13835 W BindingManager: Cannot call determinedVisibility() - never saw a connection for the pid: 13835
12-11 23:34:23.767 13835 13835 I Auth    : [BrowserSignInFragment] onPageFinished: Host: accounts.google.com Path: /embedded/setup/android/signinconsent
12-11 23:34:23.770 12479 12912 I ActivityManager: START u0 {flg=0x2000000 cmp=com.google.android.gms/.auth.uiflows.addaccount.AddAccountActivity (has extras)} from uid 10008 on display 0
12-11 23:34:23.886 12571 12571 D PhoneStatusBar: disable: < expand icons alerts system_info BACK* home recent clock search quick_settings >
12-11 23:34:23.894 12571 13019 D EGL_emulation: eglMakeCurrent: 0xaab6b940: ver 2 0 (tinfo 0xaa239df0)
12-11 23:34:23.907 13835 13856 D EGL_emulation: eglMakeCurrent: 0xae4d47e0: ver 2 0 (tinfo 0xae4d27a0)
12-11 23:34:23.930 13835 13856 D EGL_emulation: eglMakeCurrent: 0xae4d47e0: ver 2 0 (tinfo 0xae4d27a0)
12-11 23:34:23.975 13835 13879 W Auth    : [FrpUnlockTask] FRP not required. Device was not locked.
12-11 23:34:23.975 13835 13856 D EGL_emulation: eglMakeCurrent: 0xae4d47e0: ver 2 0 (tinfo 0xae4d27a0)
12-11 23:34:23.996 13835 13856 D EGL_emulation: eglMakeCurrent: 0xae4d47e0: ver 2 0 (tinfo 0xae4d27a0)
12-11 23:34:23.999 12479 12498 I ActivityManager: Displayed com.google.android.gms/.auth.uiflows.addaccount.AddAccountActivity: +192ms
12-11 23:34:24.041 13835 13856 D EGL_emulation: eglMakeCurrent: 0xae4d47e0: ver 2 0 (tinfo 0xae4d27a0)
12-11 23:34:24.062 12816 12816 I Auth    : [ReflectiveChannelBinder] Successfully bound channel!
12-11 23:34:24.064 13835 13856 E Surface : getSlotFromBufferLocked: unknown buffer: 0xb2caec80
12-11 23:34:24.075 12816 12816 I GoogleURLConnFactory: Using platform SSLCertificateSocketFactory
12-11 23:34:24.077 12816 12816 E BaseAppContext: Tried to stop global GMSCore RequestQueue. This is likely unintended, so ignoring.
12-11 23:34:24.097 12479 12600 I AccountManagerService: getTypesVisibleToCaller: isPermitted? true
12-11 23:34:24.409 13668 13668 W Binder_3: type=1400 audit(0.0:166): avc: denied { read } for name="/" dev="tmpfs" ino=32 scontext=u:r:untrusted_app:s0:c512,c768 tcontext=u:object_r:device:s0 tclass=dir permissive=0
12-11 23:34:24.435  1235  1235 W SurfaceFlinger: couldn't log to binary event log: overflow.
12-11 23:34:24.449 13668 13668 W Binder_3: type=1400 audit(0.0:167): avc: denied { search } for name="12201" dev="proc" ino=81638 scontext=u:r:untrusted_app:s0:c512,c768 tcontext=u:r:zygote:s0 tclass=dir permissive=0
12-11 23:34:24.484 13486 13668 D EGL_emulation: eglCreateContext: 0xae4d5b00: maj 2 min 0 rcv 2
12-11 23:34:24.485 13486 13668 D EGL_emulation: eglMakeCurrent: 0xae4d5b00: ver 2 0 (tinfo 0x9b77f3f0)
12-11 23:34:24.521 13486 13668 D EGL_emulation: eglCreateContext: 0xae4d6100: maj 2 min 0 rcv 2
12-11 23:34:24.524 13486 13668 D EGL_emulation: eglMakeCurrent: 0xae4d6100: ver 2 0 (tinfo 0x9b77f3f0)
12-11 23:34:24.589 13835 13887 D EGL_emulation: eglMakeCurrent: 0xaab6b1c0: ver 2 0 (tinfo 0x9ac06e40)
12-11 23:34:24.655 12816 12828 W Conscrypt: Could not set socket write timeout:
12-11 23:34:24.655 12816 12828 W Conscrypt:    java.lang.reflect.Method.invoke(Native Method)
12-11 23:34:24.655 12816 12828 W Conscrypt:    com.google.android.gms.org.conscrypt.Platform.setSocketWriteTimeout(:com.google.android.gms@11743470:13)
12-11 23:34:24.689 13835 13887 D EGL_emulation: eglMakeCurrent: 0x9abde7c0: ver 2 0 (tinfo 0x9ac06e40)
12-11 23:34:24.693 13835 13887 D EGL_emulation: eglMakeCurrent: 0xaab6b1c0: ver 2 0 (tinfo 0x9ac06e40)
12-11 23:34:24.694 13835 13887 E chromium: [ERROR:gles2_cmd_decoder.cc(2009)] [GroupMarkerNotSet(crbug.com/242999)!:7C78EA9A]GL ERROR :GL_INVALID_OPERATION : BackFramebuffer::Destroy: <- error from previous GL command
12-11 23:34:24.709 13835 13887 D EGL_emulation: eglMakeCurrent: 0x9abde7c0: ver 2 0 (tinfo 0x9ac06e40)
12-11 23:34:24.720 12816 12828 W Conscrypt: Could not set socket write timeout:
12-11 23:34:24.720 12816 12828 W Conscrypt:    java.lang.reflect.Method.invoke(Native Method)
12-11 23:34:24.720 12816 12828 W Conscrypt:    com.google.android.gms.org.conscrypt.Platform.setSocketWriteTimeout(:com.google.android.gms@11743470:13)
12-11 23:34:24.815 12571 12571 D skia    : --- SkImageDecoder::Factory returned null
12-11 23:34:24.910 12479 13045 I AccountManagerService: getTypesVisibleToCaller: isPermitted? true
12-11 23:34:24.965 12479 13050 I AccountManagerService: the accounts changed, sending broadcast of android.accounts.LOGIN_ACCOUNTS_CHANGED
12-11 23:34:24.967 12479 12479 I AccountManagerService: getTypesVisibleToCaller: isPermitted? true
12-11 23:34:24.967 12479 12859 I AccountManagerService: getTypesVisibleToCaller: isPermitted? true
12-11 23:34:24.975 12816 12816 W ConfigurationChimeraPro: Got null configs for com.google.android.gms.backup
12-11 23:34:24.975 12816 12816 V Backup  : [GmsBackupTransport] accounts changed
12-11 23:34:24.975 12816 12816 I Backup  : [GmsBackupAccountManager] Backup account not found in gmscore.
12-11 23:34:24.977 12479 12865 I AccountManagerService: getTypesVisibleToCaller: isPermitted? true
12-11 23:34:24.977 12479 13052 I AccountManagerService: getTypesVisibleToCaller: isPermitted? true
12-11 23:34:24.978 12479 12491 I AccountManagerService: getTypesVisibleToCaller: isPermitted? true
12-11 23:34:24.980 13026 13026 I iu.SyncManager: account change detect - update database
12-11 23:34:24.981 12479 13050 I AccountManagerService: getTypesVisibleToCaller: isPermitted? true
12-11 23:34:24.983 13026 13508 I iu.SyncManager: SYNC; picasa accounts
12-11 23:34:24.998 12910 12962 I ContactsProvider: Accounts changed
12-11 23:34:25.028 13026 13407 I Icing   : updateResources: need to parse uaz{com.google.android.gms}
12-11 23:34:25.039 12816 12816 V Backup  : [GmsBackupTransport] network is up
12-11 23:34:25.039 12816 12816 V Backup  : [GmsBackupTransport] no backup now: [OperationScheduler: enabledState=true moratoriumSet=2017-12-11/23:34:24 moratorium=1969-12-31/18:00:00]
12-11 23:34:25.046 12479 13050 I AccountManagerService: getTypesVisibleToCaller: isPermitted? true
12-11 23:34:25.069 12479 12600 I AccountManagerService: the accounts changed, sending broadcast of android.accounts.LOGIN_ACCOUNTS_CHANGED
12-11 23:34:25.086 12479 12600 I AccountManagerService: getTypesVisibleToCaller: isPermitted? true
12-11 23:34:25.099 12479 12491 I AccountManagerService: getTypesVisibleToCaller: isPermitted? true
12-11 23:34:25.103 12816 12816 V Backup  : [GmsBackupTransport] accounts changed
12-11 23:34:25.103 12816 12816 I Backup  : [GmsBackupAccountManager] Backup account not found in gmscore.
12-11 23:34:25.103 12479 12859 I AccountManagerService: getTypesVisibleToCaller: isPermitted? true
12-11 23:34:25.114 12816 12831 V Backup  : [GmsBackupTransport] network is up
12-11 23:34:25.114 12816 12831 V Backup  : [GmsBackupTransport] no backup now: [OperationScheduler: enabledState=true moratoriumSet=2017-12-11/23:34:25 moratorium=1969-12-31/18:00:00]
12-11 23:34:25.121 12479 12490 I AccountManagerService: getTypesVisibleToCaller: isPermitted? true
12-11 23:34:25.125 12479 12859 I AccountManagerService: getTypesVisibleToCaller: isPermitted? true
12-11 23:34:25.133 12816 12831 V Backup  : [GmsBackupTransport] network is up
12-11 23:34:25.134 12816 12831 V Backup  : [GmsBackupTransport] no backup now: [OperationScheduler: enabledState=true moratoriumSet=2017-12-11/23:34:25 moratorium=1969-12-31/18:00:00]
12-11 23:34:25.135 12816 12816 V Backup  : [GmsBackupTransport] network is up
12-11 23:34:25.136 12816 12816 V Backup  : [GmsBackupTransport] no backup now: [OperationScheduler: enabledState=true moratoriumSet=2017-12-11/23:34:25 moratorium=1969-12-31/18:00:00]
12-11 23:34:25.138 12479 12614 I AccountManagerService: getTypesVisibleToCaller: isPermitted? true
12-11 23:34:25.204 12479 12491 I AccountManagerService: getTypesVisibleToCaller: isPermitted? true
12-11 23:34:25.273 12816 13084 V Backup  : [GmsBackupTransport] network is up
12-11 23:34:25.274 12816 13084 V Backup  : [GmsBackupTransport] no backup now: [OperationScheduler: enabledState=true moratoriumSet=2017-12-11/23:34:25 moratorium=1969-12-31/18:00:00]
12-11 23:34:25.306 12816 13524 V Backup  : [GmsBackupTransport] network is up
12-11 23:34:25.306 12816 13524 V Backup  : [GmsBackupTransport] no backup now: [OperationScheduler: enabledState=true moratoriumSet=2017-12-11/23:34:25 moratorium=1969-12-31/18:00:00]
12-11 23:34:25.307 12479 12479 I AccountManagerService: getTypesVisibleToCaller: isPermitted? true
12-11 23:34:25.321 13486 13497 D EGL_emulation: eglCreateContext: 0xae4d4f00: maj 2 min 0 rcv 2
12-11 23:34:25.324 13486 13497 D EGL_emulation: eglMakeCurrent: 0xae4d4f00: ver 2 0 (tinfo 0x9b77f260)
12-11 23:34:25.325 12910 12962 I ContactsProvider: Accounts changed
12-11 23:34:25.370 12479 12829 I AccountManagerService: getTypesVisibleToCaller: isPermitted? true
12-11 23:34:25.398 13486 13497 D EGL_emulation: eglCreateContext: 0xae4d5500: maj 2 min 0 rcv 2
12-11 23:34:25.401 13486 13497 D EGL_emulation: eglMakeCurrent: 0xae4d5500: ver 2 0 (tinfo 0x9b77f260)
12-11 23:34:25.419 12479 12492 I ActivityManager: Start proc 13942:com.google.android.apps.photos/u0a44 for service com.google.android.apps.photos/.downsync.GooglePhotoDownsyncService
12-11 23:34:25.463 13026 13026 I iu.SyncManager: account change detect - update database
12-11 23:34:25.466 13026 13508 I iu.SyncManager: SYNC; picasa accounts
12-11 23:34:25.478 13942 13942 W System  : ClassLoader referenced unknown path: /system/app/Photos/lib/x86
12-11 23:34:25.488 12479 12614 I AccountManagerService: getTypesVisibleToCaller: isPermitted? true
12-11 23:34:25.567 12479 13051 I AccountManagerService: getTypesVisibleToCaller: isPermitted? true
12-11 23:34:25.568 13026 13963 I PmtsSwAccountIntentOp: Processing intent action=android.accounts.LOGIN_ACCOUNTS_CHANGED
12-11 23:34:25.568 13026 13963 I PmtsSwAccountIntentOp: Device isn't of sufficient API level
12-11 23:34:25.569 13497 13497 W Binder_1: type=1400 audit(0.0:168): avc: denied { search } for name="12201" dev="proc" ino=81638 scontext=u:r:untrusted_app:s0:c512,c768 tcontext=u:r:zygote:s0 tclass=dir permissive=0
12-11 23:34:25.636 12479 13051 I ActivityManager: Start proc 13969:com.android.browser/u0a20 for broadcast com.android.browser/.AccountsChangedReceiver
12-11 23:34:25.637 12479 13046 I AccountManagerService: getTypesVisibleToCaller: isPermitted? true
12-11 23:34:25.647 12816 13928 I Auth    : [BroadcastManager] Broadcasting account change.
12-11 23:34:25.648 12816 13928 W WakefulBroadcastReceiv.: No active wake lock id #1
12-11 23:34:25.670 12479 12614 I AccountManagerService: getTypesVisibleToCaller: isPermitted? true
12-11 23:34:25.679 12816 12828 I Auth    : [BroadcastManager] Broadcasting account services changed.
12-11 23:34:25.696 12935 13975 I NowOptInSettings: onAccountChanged() : Account {name=kbr552.testscript@gmail.com, type=com.google}
12-11 23:34:25.736 13969 13969 W System  : ClassLoader referenced unknown path: /system/app/Browser/lib/x86
12-11 23:34:25.729 13497 13497 W Binder_1: type=1400 audit(0.0:169): avc: denied { read } for name="/" dev="tmpfs" ino=32 scontext=u:r:untrusted_app:s0:c512,c768 tcontext=u:object_r:device:s0 tclass=dir permissive=0
12-11 23:34:25.830 12479 13051 I AccountManagerService: getTypesVisibleToCaller: isPermitted? true
12-11 23:34:25.830 13443 13443 I Exchange: Accounts changed - requesting FolderSync for unsynced accounts
12-11 23:34:25.844 13419 13999 I Email   : System accounts updated.
12-11 23:34:25.844 12479 12865 I ActivityManager: Start proc 14001:com.google.android.apps.maps/u0a39 for broadcast com.google.android.apps.maps/com.google.android.apps.gmm.ulr.UlrSettingsReceiver
12-11 23:34:25.850 12479 13045 I AccountManagerService: getTypesVisibleToCaller: isPermitted? true
12-11 23:34:25.850 12479 12490 I AccountManagerService: getTypesVisibleToCaller: isPermitted? true
12-11 23:34:25.865 13443 13443 I Exchange: EasService.onCreate
12-11 23:34:25.884 13419 13999 I NotifActionUtils: resendNotifications account: null, folder: null
12-11 23:34:25.886 12816 13562 W GLSUser : [AppCertManager] IOException while requesting key: 
12-11 23:34:25.886 12816 13562 W GLSUser : java.io.IOException: Invalid device key response.
12-11 23:34:25.886 12816 13562 W GLSUser : 	at eyw.a(:com.google.android.gms@11743470:14)
12-11 23:34:25.886 12816 13562 W GLSUser : 	at eyw.a(:com.google.android.gms@11743470:65)
12-11 23:34:25.886 12816 13562 W GLSUser : 	at eyu.a(:com.google.android.gms@11743470:8)
12-11 23:34:25.886 12816 13562 W GLSUser : 	at eyq.a(:com.google.android.gms@11743470:1)
12-11 23:34:25.886 12816 13562 W GLSUser : 	at eyp.a(:com.google.android.gms@11743470:10)
12-11 23:34:25.886 12816 13562 W GLSUser : 	at com.google.android.gms.auth.account.be.legacy.AuthCronChimeraService.b(:com.google.android.gms@11743470:7)
12-11 23:34:25.886 12816 13562 W GLSUser : 	at edr.call(:com.google.android.gms@11743470:3)
12-11 23:34:25.886 12816 13562 W GLSUser : 	at java.util.concurrent.FutureTask.run(FutureTask.java:237)
12-11 23:34:25.886 12816 13562 W GLSUser : 	at mmu.run(:com.google.android.gms@11743470:26)
12-11 23:34:25.886 12816 13562 W GLSUser : 	at java.util.concurrent.ThreadPoolExecutor.runWorker(ThreadPoolExecutor.java:1113)
12-11 23:34:25.886 12816 13562 W GLSUser : 	at java.util.concurrent.ThreadPoolExecutor$Worker.run(ThreadPoolExecutor.java:588)
12-11 23:34:25.886 12816 13562 W GLSUser : 	at mse.run(:com.google.android.gms@11743470)
12-11 23:34:25.886 12816 13562 W GLSUser : 	at java.lang.Thread.run(Thread.java:818)
12-11 23:34:25.895 13443 14014 I Exchange: RestartPingTask
12-11 23:34:25.900 12479 13046 I AccountManagerService: getTypesVisibleToCaller: isPermitted? false
12-11 23:34:25.902 13835 13913 I Auth    : [AddAccountTask] DmStatus=null
12-11 23:34:25.908 13419 14015 I NotifUtils: resendNotifications cancelExisting: false, account: null, folder: null
12-11 23:34:25.922 12935 13991 W art     : Verification of void com.google.android.apps.gsa.extradex.backgroundtasks.a.<init>(android.content.Context, com.google.android.apps.gsa.shared.util.l, com.google.android.apps.gsa.search.core.b.n, com.google.android.apps.gsa.search.core.b.u, com.google.android.apps.gsa.search.core.d.b.n, com.google.android.search.core.google.ah, com.google.android.apps.gsa.shared.j.f, com.google.android.velvet.a, com.google.android.apps.gsa.search.core.j.k, com.google.android.apps.gsa.shared.util.c.w, com.google.android.search.core.ca, com.google.android.search.core.google.v, boolean, com.google.android.apps.gsa.shared.util.c.q) took 113.641ms
12-11 23:34:25.933 12479 13050 I AccountManagerService: getTypesVisibleToCaller: isPermitted? true
12-11 23:34:25.943 12479 12600 I AccountManagerService: getTypesVisibleToCaller: isPermitted? false
12-11 23:34:25.967 14001 14001 W System  : ClassLoader referenced unknown path: /system/app/Maps/lib/x86
12-11 23:34:25.999 12935 13991 I WebViewFactory: Loading com.android.webview version 44.0.2403.119 (code 246011910)
12-11 23:34:26.012 12935 13987 W LocationOracleImpl: Best location was null
12-11 23:34:26.027 12910 12962 D ContactDirectoryManager: Found com.android.exchange.directory.provider
12-11 23:34:26.134 13443 13443 I Exchange: RestartPingsTask did not start any pings.
12-11 23:34:26.134 13443 13443 I Exchange: PSS stopIfIdle
12-11 23:34:26.134 13443 13443 I Exchange: PSS has no active accounts; stopping service.
12-11 23:34:26.135 13443 13443 I Exchange: onDestroy
12-11 23:34:26.148 12479 12865 I AccountManagerService: getTypesVisibleToCaller: isPermitted? true
12-11 23:34:26.150 12479 12912 I AccountManagerService: getTypesVisibleToCaller: isPermitted? false
12-11 23:34:26.163 12935 13991 W System  : ClassLoader referenced unknown path: /system/app/webview/lib/x86
12-11 23:34:26.188 12935 13991 I LibraryLoader: Time to load native libraries: 1 ms (timestamps 3136-3137)
12-11 23:34:26.188 12935 13991 I LibraryLoader: Expected native library version number "",actual native library version number ""
12-11 23:34:26.198 12816 13524 I Auth    : [BroadcastManager] Broadcasting account services changed.
12-11 23:34:26.203 12935 13991 W art     : Attempt to remove non-JNI local reference, dumping thread
12-11 23:34:26.232 13349 13349 I CalendarProvider2: Sending notification intent: Intent { act=android.intent.action.PROVIDER_CHANGED dat=content://com.android.calendar }
12-11 23:34:26.232 13349 13349 W ContentResolver: Failed to get type for: content://com.android.calendar (Unknown URL content://com.android.calendar)
12-11 23:34:26.235 12816 13084 V Backup  : [GmsBackupTransport] network is up
12-11 23:34:26.236 12816 13084 V Backup  : [GmsBackupTransport] no backup now: [OperationScheduler: enabledState=true moratoriumSet=2017-12-11/23:34:25 moratorium=1969-12-31/18:00:00]
12-11 23:34:26.239 12910 12962 I ContactDirectoryManager: deleted 0 stale rows which don't have any relevant directory
12-11 23:34:26.244 12935 13987 W Search.SearchUrlHelper: Auth token not ready, no auth header set.
12-11 23:34:26.246 12935 13991 W Search.SearchUrlHelper: Auth token not ready, no auth header set.
12-11 23:34:26.253 13835 13913 I Auth    : [AddAccountTask] Added account successfully.
12-11 23:34:26.258 12910 12962 I ContactDirectoryManager: Discovered 0 contact directories in 458ms
12-11 23:34:26.264 13835 13835 I Auth    : [AddAccountTask] Delivering result.
12-11 23:34:26.264 13835 13835 I Auth    : [AddAccountLoader] Got result: ghm@987970a
12-11 23:34:26.265 12479 12614 I AccountManagerService: getTypesVisibleToCaller: isPermitted? true
12-11 23:34:26.265 12479 12912 I AccountManagerService: getTypesVisibleToCaller: isPermitted? true
12-11 23:34:26.266 12479 12865 I AccountManagerService: getTypesVisibleToCaller: isPermitted? true
12-11 23:34:26.267 12479 13052 I ActivityManager: START u0 {flg=0x2000000 cmp=com.google.android.gms/.auth.uiflows.addaccount.GoogleServicesActivity (has extras)} from uid 10008 on display 0
12-11 23:34:26.289 12816 12831 V Backup  : [GmsBackupTransport] network is up
12-11 23:34:26.290 12816 12831 V Backup  : [GmsBackupTransport] no backup now: [OperationScheduler: enabledState=true moratoriumSet=2017-12-11/23:34:25 moratorium=1969-12-31/18:00:00]
12-11 23:34:26.300 12479 12600 I AccountManagerService: getTypesVisibleToCaller: isPermitted? true
12-11 23:34:26.319 12479 12490 I AccountManagerService: getTypesVisibleToCaller: isPermitted? true
