--------- beginning of main
12-11 14:46:38.913  5852  5852 D MonkeyStub: translateCommand: wake
12-11 14:46:38.959  5852  5852 D MonkeyStub: translateCommand: tap 545 1839
12-11 14:46:38.966  2184  2605 D EGL_emulation: eglMakeCurrent: 0xae454a80: ver 2 0 (tinfo 0xa23c3350)
--------- beginning of system
12-11 14:46:38.970  1897  1961 I ActivityManager: START u0 {act=android.intent.action.MAIN cat=[android.intent.category.HOME] flg=0x10200000 cmp=com.android.launcher3/.Launcher (has extras)} from uid 1000 on display 0
12-11 14:46:39.964  5852  5852 D MonkeyStub: translateCommand: tap 545 1630
12-11 14:46:40.033  1624  1933 D AudioFlinger: mixer(0xb4300000) throttle end: throttle time(4)
12-11 14:46:41.969  5852  5852 D MonkeyStub: translateCommand: tap 179 704
12-11 14:46:41.988  1897  2132 I ActivityManager: START u0 {act=android.intent.action.MAIN cat=[android.intent.category.LAUNCHER] flg=0x10200000 cmp=com.android.calendar/.AllInOneActivity (has extras)} from uid 10009 on display 0
12-11 14:46:41.998  1897  1911 W BroadcastQueue: Permission Denial: broadcasting Intent { act=com.android.launcher3.action.LAUNCH flg=0x10 (has extras) } from com.android.launcher3 (pid=3191, uid=10009) requires com.google.android.launcher.permission.RECEIVE_LAUNCH_BROADCASTS due to receiver com.google.android.gms/.icing.proxy.ApplicationLauncherReceiver
12-11 14:46:41.998  1897  1911 W BroadcastQueue: Permission Denial: receiving Intent { act=com.android.launcher3.action.LAUNCH flg=0x10 (has extras) } to com.google.android.gms/.chimera.GmsIntentOperationService$GmsExternalReceiver requires com.android.launcher3.permission.RECEIVE_LAUNCH_BROADCASTS due to sender com.android.launcher3 (uid 10009)
12-11 14:46:41.998  1897  1911 W BroadcastQueue: Permission Denial: broadcasting Intent { act=com.android.launcher3.action.LAUNCH flg=0x10 (has extras) } from com.android.launcher3 (pid=3191, uid=10009) requires com.google.android.launcher.permission.RECEIVE_LAUNCH_BROADCASTS due to receiver com.google.android.googlequicksearchbox/com.google.android.search.core.icingsync.ApplicationLaunchReceiver
12-11 14:46:42.015  1897  2131 I ActivityManager: Start proc 5867:com.android.providers.calendar/u0a1 for content provider com.android.providers.calendar/.CalendarProvider2
12-11 14:46:42.027  1234  2490 D gralloc_ranchu: gralloc_alloc: Creating ashmem region of size 7675904
12-11 14:46:42.052  1624  1933 D AudioFlinger: mixer(0xb4300000) throttle end: throttle time(4)
12-11 14:46:42.059  5867  5873 I art     : Debugger is no longer active
12-11 14:46:42.103  3100  3110 I art     : Background sticky concurrent mark sweep GC freed 935(41KB) AllocSpace objects, 1(84KB) LOS objects, 13% free, 2014KB/2MB, paused 5.337ms total 21.877ms
12-11 14:46:42.115  5867  5867 W System  : ClassLoader referenced unknown path: /system/priv-app/CalendarProvider/lib/x86
12-11 14:46:42.153  5867  5867 I CalendarDatabaseHelper: Bootstrapping database
12-11 14:46:42.153  1234  2346 D gralloc_ranchu: gralloc_alloc: Creating ashmem region of size 7675904
12-11 14:46:42.183  3100  4006 D EGL_emulation: eglMakeCurrent: 0xaa9c8520: ver 2 0 (tinfo 0xb40dcf80)
12-11 14:46:42.216  5867  5867 I CalendarProvider2: Created com.android.providers.calendar.CalendarAlarmManager@e8ccdfd(com.android.providers.calendar.CalendarProvider2@764faf2)
12-11 14:46:42.244  1897  3883 I AccountManagerService: getTypesVisibleToCaller: isPermitted? true
12-11 14:46:42.323  2184  2605 D EGL_emulation: eglMakeCurrent: 0xae454a80: ver 2 0 (tinfo 0xa23c3350)
12-11 14:46:42.337  1897  1916 I ActivityManager: Displayed com.android.calendar/.AllInOneActivity: +338ms
12-11 14:46:42.342  2184  2605 D EGL_emulation: eglMakeCurrent: 0xae454a80: ver 2 0 (tinfo 0xa23c3350)
12-11 14:46:42.381  2184  2605 D EGL_emulation: eglMakeCurrent: 0xae454a80: ver 2 0 (tinfo 0xa23c3350)
12-11 14:46:42.383  3191  3234 D EGL_emulation: eglMakeCurrent: 0xaa9c6a20: ver 2 0 (tinfo 0xaa9e1180)
12-11 14:46:42.385  3191  3234 E Surface : getSlotFromBufferLocked: unknown buffer: 0xaa28c320
12-11 14:46:42.387  2184  2605 D EGL_emulation: eglMakeCurrent: 0xae454a80: ver 2 0 (tinfo 0xa23c3350)
12-11 14:46:42.400  2184  2605 D EGL_emulation: eglMakeCurrent: 0xae454a80: ver 2 0 (tinfo 0xa23c3350)
12-11 14:46:42.405  2184  2605 D EGL_emulation: eglMakeCurrent: 0xae454a80: ver 2 0 (tinfo 0xa23c3350)
12-11 14:46:42.412  1897  2043 I ActivityManager: START u0 {act=com.google.android.gms.ui.UNPACKING_REDIRECT dat=intent://com.google.android.gms.auth.uiflows.common/9b95a914-a17f-4a17-a0de-a18255db9244 pkg=com.google.android.gms cmp=com.google.android.gms/.auth.uiflows.common.UnpackingRedirectActivity (has extras)} from uid 10022 on display 0
12-11 14:46:42.418  2184  2605 D EGL_emulation: eglMakeCurrent: 0xae454a80: ver 2 0 (tinfo 0xa23c3350)
12-11 14:46:42.421  2184  2605 D EGL_emulation: eglMakeCurrent: 0xae454a80: ver 2 0 (tinfo 0xa23c3350)
12-11 14:46:42.433  2184  2605 D EGL_emulation: eglMakeCurrent: 0xae454a80: ver 2 0 (tinfo 0xa23c3350)
12-11 14:46:42.436  2184  2605 D EGL_emulation: eglMakeCurrent: 0xae454a80: ver 2 0 (tinfo 0xa23c3350)
12-11 14:46:42.452  2184  2605 D EGL_emulation: eglMakeCurrent: 0xae454a80: ver 2 0 (tinfo 0xa23c3350)
12-11 14:46:42.455  2184  2605 D EGL_emulation: eglMakeCurrent: 0xae454a80: ver 2 0 (tinfo 0xa23c3350)
12-11 14:46:42.463  1234  1307 D gralloc_ranchu: gralloc_alloc: Creating ashmem region of size 1327104
12-11 14:46:42.471  1234  1234 E EGL_emulation: tid 1234: eglCreateSyncKHR(1881): error 0x3004 (EGL_BAD_ATTRIBUTE)
12-11 14:46:42.477  2184  2605 D EGL_emulation: eglMakeCurrent: 0xae454a80: ver 2 0 (tinfo 0xa23c3350)
12-11 14:46:42.484  2184  2605 D EGL_emulation: eglMakeCurrent: 0xae454a80: ver 2 0 (tinfo 0xa23c3350)
12-11 14:46:42.499  2184  2605 D EGL_emulation: eglMakeCurrent: 0xae454a80: ver 2 0 (tinfo 0xa23c3350)
12-11 14:46:42.505  2184  2605 D EGL_emulation: eglMakeCurrent: 0xae454a80: ver 2 0 (tinfo 0xa23c3350)
12-11 14:46:42.521  1897  1909 I ActivityManager: START u0 {cat=[categoryhack:821bf76d-ac6c-4c30-bd44-35229f8e4ed8] flg=0x2000000 cmp=com.google.android.gms/.auth.uiflows.addaccount.AccountIntroActivity (has extras)} from uid 10008 on display 0
12-11 14:46:42.522  2184  2605 D EGL_emulation: eglMakeCurrent: 0xae454a80: ver 2 0 (tinfo 0xa23c3350)
12-11 14:46:42.536  2184  2605 D EGL_emulation: eglMakeCurrent: 0xae454a80: ver 2 0 (tinfo 0xa23c3350)
12-11 14:46:42.543  2184  2605 D EGL_emulation: eglMakeCurrent: 0xae454a80: ver 2 0 (tinfo 0xa23c3350)
12-11 14:46:42.545  1897  2133 I ActivityManager: START u0 {flg=0x2000000 cmp=com.google.android.gms/.auth.uiflows.addaccount.PreAddAccountActivity (has extras)} from uid 10008 on display 0
12-11 14:46:42.619  2733  2928 W Auth    : [FactoryResetProtectionManager] Factory reset protection is not supported!
12-11 14:46:42.633  2184  2184 D PhoneStatusBar: disable: < expand icons alerts system_info BACK* home recent clock search quick_settings >
12-11 14:46:42.644  2184  2605 D EGL_emulation: eglMakeCurrent: 0xae454a80: ver 2 0 (tinfo 0xa23c3350)
12-11 14:46:42.663  3495  4011 D EGL_emulation: eglMakeCurrent: 0xaa9c7aa0: ver 2 0 (tinfo 0xaab04ff0)
12-11 14:46:42.686  1897  3448 I ActivityManager: START u0 {flg=0x2000000 cmp=com.google.android.gms/.auth.uiflows.minutemaid.MinuteMaidActivity (has extras)} from uid 10008 on display 0
12-11 14:46:42.777  3495  3495 W art     : Attempt to remove non-JNI local reference, dumping thread
12-11 14:46:42.777  3495  3495 W AwContents: onDetachedFromWindow called when already detached. Ignoring
12-11 14:46:42.800  2184  2184 D PhoneStatusBar: disable: < expand icons alerts system_info back* home recent clock search quick_settings >
12-11 14:46:42.817  3495  4011 D EGL_emulation: eglMakeCurrent: 0xaa9c7aa0: ver 2 0 (tinfo 0xaab04ff0)
12-11 14:46:42.833  3495  4011 D EGL_emulation: eglMakeCurrent: 0xaa9c7aa0: ver 2 0 (tinfo 0xaab04ff0)
12-11 14:46:42.844  3495  4011 D EGL_emulation: eglMakeCurrent: 0xaa9c7aa0: ver 2 0 (tinfo 0xaab04ff0)
12-11 14:46:42.862  1897  1916 I ActivityManager: Displayed com.google.android.gms/.auth.uiflows.minutemaid.MinuteMaidActivity: +122ms (total +353ms)
12-11 14:46:42.867  3495  4011 D EGL_emulation: eglMakeCurrent: 0xaa9c7aa0: ver 2 0 (tinfo 0xaab04ff0)
12-11 14:46:42.876  2184  2605 D EGL_emulation: eglMakeCurrent: 0xae454a80: ver 2 0 (tinfo 0xa23c3350)
12-11 14:46:42.876  3100  4006 D EGL_emulation: eglMakeCurrent: 0xaa9c8520: ver 2 0 (tinfo 0xb40dcf80)
12-11 14:46:42.877  3495  4011 D EGL_emulation: eglMakeCurrent: 0xaa9c7aa0: ver 2 0 (tinfo 0xaab04ff0)
12-11 14:46:42.877  3100  4006 E Surface : getSlotFromBufferLocked: unknown buffer: 0xb40fe240
12-11 14:46:42.882  2184  2605 D EGL_emulation: eglMakeCurrent: 0xae454a80: ver 2 0 (tinfo 0xa23c3350)
12-11 14:46:42.902  3495  4011 E Surface : getSlotFromBufferLocked: unknown buffer: 0x9463a400
12-11 14:46:42.906  2184  2605 D EGL_emulation: eglMakeCurrent: 0xae454a80: ver 2 0 (tinfo 0xa23c3350)
12-11 14:46:42.908  1234  1234 W SurfaceFlinger: couldn't log to binary event log: overflow.
12-11 14:46:42.914  2184  2605 D EGL_emulation: eglMakeCurrent: 0xae454a80: ver 2 0 (tinfo 0xa23c3350)
12-11 14:46:42.925  2184  2605 D EGL_emulation: eglMakeCurrent: 0xae454a80: ver 2 0 (tinfo 0xa23c3350)
12-11 14:46:42.929  1897  2131 I AccountManagerService: getTypesVisibleToCaller: isPermitted? true
12-11 14:46:42.934  2184  2605 D EGL_emulation: eglMakeCurrent: 0xae454a80: ver 2 0 (tinfo 0xa23c3350)
12-11 14:46:42.941  2184  2605 D EGL_emulation: eglMakeCurrent: 0xae454a80: ver 2 0 (tinfo 0xa23c3350)
12-11 14:46:42.946  2184  2605 D EGL_emulation: eglMakeCurrent: 0xae454a80: ver 2 0 (tinfo 0xa23c3350)
12-11 14:46:42.958  3495  3495 E BluetoothAdapter: Bluetooth binder is null
12-11 14:46:42.959  2184  2605 D EGL_emulation: eglMakeCurrent: 0xae454a80: ver 2 0 (tinfo 0xa23c3350)
12-11 14:46:42.964  2184  2605 D EGL_emulation: eglMakeCurrent: 0xae454a80: ver 2 0 (tinfo 0xa23c3350)
12-11 14:46:42.969  2184  2605 D EGL_emulation: eglMakeCurrent: 0xae454a80: ver 2 0 (tinfo 0xa23c3350)
12-11 14:46:42.978  3495  3495 W Auth    : [MinuteMaid,MinuteMaidFragment] com.google.android.androidforwork is not installed on system.
12-11 14:46:42.979  2184  2605 D EGL_emulation: eglMakeCurrent: 0xae454a80: ver 2 0 (tinfo 0xa23c3350)
12-11 14:46:42.990  2184  2605 D EGL_emulation: eglMakeCurrent: 0xae454a80: ver 2 0 (tinfo 0xa23c3350)
12-11 14:46:42.994  3495  3495 I Auth    : [BrowserSignInFragment] onPageStarted: Host: accounts.google.com Path: /embedded/setup/android
12-11 14:46:42.994  3495  3495 W art     : Attempt to remove non-JNI local reference, dumping thread
12-11 14:46:42.994  3495  3495 W art     : Attempt to remove non-JNI local reference, dumping thread
12-11 14:46:42.999  3495  4045 D EGL_emulation: eglCreateContext: 0xaa9dd4c0: maj 2 min 0 rcv 2
12-11 14:46:43.000  2184  2605 D EGL_emulation: eglMakeCurrent: 0xae454a80: ver 2 0 (tinfo 0xa23c3350)
12-11 14:46:43.002  3495  4045 D EGL_emulation: eglMakeCurrent: 0xaa9dd4c0: ver 2 0 (tinfo 0x9877e9f0)
12-11 14:46:43.013  2184  2605 D EGL_emulation: eglMakeCurrent: 0xae454a80: ver 2 0 (tinfo 0xa23c3350)
12-11 14:46:43.019  2184  2605 D EGL_emulation: eglMakeCurrent: 0xae454a80: ver 2 0 (tinfo 0xa23c3350)
12-11 14:46:43.050  2184  2605 D EGL_emulation: eglMakeCurrent: 0xae454a80: ver 2 0 (tinfo 0xa23c3350)
12-11 14:46:43.054  2184  2605 D EGL_emulation: eglMakeCurrent: 0xae454a80: ver 2 0 (tinfo 0xa23c3350)
12-11 14:46:43.064  2184  2605 D EGL_emulation: eglMakeCurrent: 0xae454a80: ver 2 0 (tinfo 0xa23c3350)
12-11 14:46:43.074  3495  4045 D EGL_emulation: eglCreateContext: 0xaa9dde80: maj 2 min 0 rcv 2
12-11 14:46:43.074  2184  2605 D EGL_emulation: eglMakeCurrent: 0xae454a80: ver 2 0 (tinfo 0xa23c3350)
12-11 14:46:43.077  3495  4045 D EGL_emulation: eglMakeCurrent: 0xaa9dde80: ver 2 0 (tinfo 0x9877e9f0)
12-11 14:46:43.088  2184  2605 D EGL_emulation: eglMakeCurrent: 0xae454a80: ver 2 0 (tinfo 0xa23c3350)
12-11 14:46:43.260  3495  3495 W BindingManager: Cannot call determinedVisibility() - never saw a connection for the pid: 3495
12-11 14:46:43.272  5867  5867 I CalendarProvider2: Sending notification intent: Intent { act=android.intent.action.PROVIDER_CHANGED dat=content://com.android.calendar }
12-11 14:46:43.273  5867  5867 W ContentResolver: Failed to get type for: content://com.android.calendar (Unknown URL content://com.android.calendar)
12-11 14:46:43.280  3100  3100 D AlertReceiver: onReceive: a=android.intent.action.PROVIDER_CHANGED Intent { act=android.intent.action.PROVIDER_CHANGED dat=content://com.android.calendar flg=0x10 cmp=com.android.calendar/.alerts.AlertReceiver }
12-11 14:46:43.283  2749  5892 I IcingInternalCorpora: Received calendar change notification.
12-11 14:46:43.293  3100  5893 D AlertService: 0 Action = android.intent.action.PROVIDER_CHANGED
12-11 14:46:43.321  3589  3589 W Binder_4: type=1400 audit(0.0:87): avc: denied { read } for name="/" dev="tmpfs" ino=3916 scontext=u:r:untrusted_app:s0:c512,c768 tcontext=u:object_r:device:s0 tclass=dir permissive=0
12-11 14:46:43.381  3589  3589 W Binder_4: type=1400 audit(0.0:88): avc: denied { search } for name="1627" dev="proc" ino=5831 scontext=u:r:untrusted_app:s0:c512,c768 tcontext=u:r:zygote:s0 tclass=dir permissive=0
12-11 14:46:43.418  3495  4045 D EGL_emulation: eglMakeCurrent: 0xaa9dd4c0: ver 2 0 (tinfo 0x9877e9f0)
12-11 14:46:43.420  3452  3589 D EGL_emulation: eglCreateContext: 0xae4550e0: maj 2 min 0 rcv 2
12-11 14:46:43.427  3452  3589 D EGL_emulation: eglMakeCurrent: 0xae4550e0: ver 2 0 (tinfo 0xae452cb0)
12-11 14:46:43.432  3495  4045 D EGL_emulation: eglMakeCurrent: 0xaa9dde80: ver 2 0 (tinfo 0x9877e9f0)
12-11 14:46:43.507  3452  3589 D EGL_emulation: eglCreateContext: 0xae4559e0: maj 2 min 0 rcv 2
12-11 14:46:43.512  3452  3589 D EGL_emulation: eglMakeCurrent: 0xae4559e0: ver 2 0 (tinfo 0xae452cb0)
12-11 14:46:43.772  3495  3495 I Auth    : [BrowserSignInFragment] onPageFinished: Host: accounts.google.com Path: /embedded/setup/android
12-11 14:46:43.815  3495  3495 W BindingManager: Cannot call determinedVisibility() - never saw a connection for the pid: 3495
12-11 14:46:43.815  3495  3495 I Auth    : [BrowserSignInFragment] onPageFinished: Host: accounts.google.com Path: /embedded/setup/android
12-11 14:46:43.818  3495  3495 W BindingManager: Cannot call determinedVisibility() - never saw a connection for the pid: 3495
12-11 14:46:43.819  3495  3495 I Auth    : [BrowserSignInFragment] onPageFinished: Host: accounts.google.com Path: /embedded/setup/android
12-11 14:46:43.909  3495  3495 W BindingManager: Cannot call determinedVisibility() - never saw a connection for the pid: 3495
12-11 14:46:43.935  3495  3495 W BindingManager: Cannot call determinedVisibility() - never saw a connection for the pid: 3495
12-11 14:46:43.935  3495  3495 I Auth    : [BrowserSignInFragment] onPageFinished: Host: accounts.google.com Path: /embedded/setup/android/identifier
12-11 14:46:43.992  3495  4045 D EGL_emulation: eglMakeCurrent: 0xaa9dd4c0: ver 2 0 (tinfo 0x9877e9f0)
12-11 14:46:44.298  3495  4011 E chromium: [ERROR:buffer_manager.cc(340)] [GroupMarkerNotSet(crbug.com/242999)!:7CEC2F96]GL ERROR :GL_INVALID_OPERATION : glBufferData: <- error from previous GL command
12-11 14:46:44.359  2749  5675 I IcingInternalCorpora: EventIndexer: starting incremental update
12-11 14:46:44.359  2749  5675 I IcingInternalCorpora: EventIndexer: 0 added, 0 removed, 0 changed, 0 unchanged, 0 errors.
12-11 14:46:44.359  2749  5675 I IcingInternalCorpora: EventIndexer: finished after 0 ms.
12-11 14:46:45.125  1624  1933 W audio_hw_generic: Not supplying enough data to HAL, expected position 13683706 , only wrote 13414334
12-11 14:46:47.974  5852  5852 D MonkeyStub: translateCommand: tap 122 1273
12-11 14:46:47.996  2330  2330 I LatinIME: Starting input. Cursor position = 0,0
12-11 14:46:48.058  2184  2605 D EGL_emulation: eglMakeCurrent: 0xae454a80: ver 2 0 (tinfo 0xa23c3350)
12-11 14:46:48.083  2330  4309 D EGL_emulation: eglMakeCurrent: 0xaa9dbf60: ver 2 0 (tinfo 0xb40adfe0)
12-11 14:46:48.328  3100  5893 I GlobalDismissManager: no sender configured
12-11 14:46:48.328  3100  5893 D AlertService: Beginning updateAlertNotification
12-11 14:46:48.343  3100  5893 D AlertService: No fired or scheduled alerts
12-11 14:46:48.379  3100  5893 D AlertService: Scheduling next alarm with AlarmScheduler. sEventReminderReceived: null
12-11 14:46:48.384  3100  5893 D AlarmScheduler: No events found starting within 1 week.
12-11 14:46:49.980  5852  5852 D MonkeyStub: translateCommand: type kbr552.testscript@gmail.com
12-11 14:46:49.988  3495  4037 W chromium: [WARNING:keycode_converter.cc(91)] empty code string
12-11 14:46:50.018  3495  4037 W chromium: [WARNING:keycode_converter.cc(91)] empty code string
12-11 14:46:50.023  3495  4037 W chromium: [WARNING:keycode_converter.cc(91)] empty code string
12-11 14:46:50.029  3495  4037 W chromium: [WARNING:keycode_converter.cc(91)] empty code string
12-11 14:46:50.034  3495  4037 W chromium: [WARNING:keycode_converter.cc(91)] empty code string
12-11 14:46:50.050  3495  4037 W chromium: [WARNING:keycode_converter.cc(91)] empty code string
12-11 14:46:50.071  3495  4037 W chromium: [WARNING:keycode_converter.cc(91)] empty code string
12-11 14:46:50.085  3495  4037 W chromium: [WARNING:keycode_converter.cc(91)] empty code string
12-11 14:46:50.109  3495  4037 W chromium: [WARNING:keycode_converter.cc(91)] empty code string
12-11 14:46:50.121  3495  4037 W chromium: [WARNING:keycode_converter.cc(91)] empty code string
12-11 14:46:50.134  3495  4037 W chromium: [WARNING:keycode_converter.cc(91)] empty code string
12-11 14:46:50.164  3495  4037 W chromium: [WARNING:keycode_converter.cc(91)] empty code string
12-11 14:46:50.191  3495  4037 W chromium: [WARNING:keycode_converter.cc(91)] empty code string
12-11 14:46:50.218  3495  4037 W chromium: [WARNING:keycode_converter.cc(91)] empty code string
12-11 14:46:50.231  3495  4037 W chromium: [WARNING:keycode_converter.cc(91)] empty code string
12-11 14:46:50.239  3495  4037 W chromium: [WARNING:keycode_converter.cc(91)] empty code string
12-11 14:46:50.249  3495  4037 W chromium: [WARNING:keycode_converter.cc(91)] empty code string
12-11 14:46:50.256  3495  4037 W chromium: [WARNING:keycode_converter.cc(91)] empty code string
12-11 14:46:50.257  3495  4037 W chromium: [WARNING:keycode_converter.cc(91)] empty code string
12-11 14:46:50.268  3495  4037 W chromium: [WARNING:keycode_converter.cc(91)] empty code string
12-11 14:46:50.275  3495  4037 W chromium: [WARNING:keycode_converter.cc(91)] empty code string
12-11 14:46:50.284  3495  4037 W chromium: [WARNING:keycode_converter.cc(91)] empty code string
12-11 14:46:50.290  3495  4037 W chromium: [WARNING:keycode_converter.cc(91)] empty code string
12-11 14:46:50.296  3495  4037 W chromium: [WARNING:keycode_converter.cc(91)] empty code string
12-11 14:46:50.301  3495  4037 W chromium: [WARNING:keycode_converter.cc(91)] empty code string
12-11 14:46:50.306  3495  4037 W chromium: [WARNING:keycode_converter.cc(91)] empty code string
12-11 14:46:50.317  3495  4037 W chromium: [WARNING:keycode_converter.cc(91)] empty code string
12-11 14:46:50.322  3495  4037 W chromium: [WARNING:keycode_converter.cc(91)] empty code string
12-11 14:46:50.986  5852  5852 D MonkeyStub: translateCommand: press KEYCODE_ENTER
12-11 14:46:51.006  2330  4309 D EGL_emulation: eglMakeCurrent: 0xaa9dbf60: ver 2 0 (tinfo 0xb40adfe0)
12-11 14:46:51.007  2330  4309 E Surface : getSlotFromBufferLocked: unknown buffer: 0xb40fd520
12-11 14:46:51.011  1897  3448 I AccountManagerService: getTypesVisibleToCaller: isPermitted? true
12-11 14:46:51.945  3495  3495 W BindingManager: Cannot call determinedVisibility() - never saw a connection for the pid: 3495
12-11 14:46:52.154  2184  2605 D EGL_emulation: eglMakeCurrent: 0xae454a80: ver 2 0 (tinfo 0xa23c3350)
12-11 14:46:52.650  2330  2330 I LatinIME: Starting input. Cursor position = 0,0
12-11 14:46:52.670  2184  2605 D EGL_emulation: eglMakeCurrent: 0xae454a80: ver 2 0 (tinfo 0xa23c3350)
12-11 14:46:52.682  2330  4309 D EGL_emulation: eglMakeCurrent: 0xaa9dbf60: ver 2 0 (tinfo 0xb40adfe0)
12-11 14:46:52.992  5852  5852 D MonkeyStub: translateCommand: type KgX-Ere-caw-BU3
12-11 14:46:52.996  3495  4037 W chromium: [WARNING:keycode_converter.cc(91)] empty code string
12-11 14:46:52.996  3495  4037 W chromium: [WARNING:keycode_converter.cc(91)] empty code string
12-11 14:46:53.013  3495  4037 W chromium: [WARNING:keycode_converter.cc(91)] empty code string
12-11 14:46:53.033  3495  4037 W chromium: [WARNING:keycode_converter.cc(91)] empty code string
12-11 14:46:53.035  3495  4037 W chromium: [WARNING:keycode_converter.cc(91)] empty code string
12-11 14:46:53.047  3495  4037 W chromium: [WARNING:keycode_converter.cc(91)] empty code string
12-11 14:46:53.065  3495  4037 W chromium: [WARNING:keycode_converter.cc(91)] empty code string
12-11 14:46:53.070  3495  4037 W chromium: [WARNING:keycode_converter.cc(91)] empty code string
12-11 14:46:53.090  3495  4037 W chromium: [WARNING:keycode_converter.cc(91)] empty code string
12-11 14:46:53.094  3495  4037 W chromium: [WARNING:keycode_converter.cc(91)] empty code string
12-11 14:46:53.105  3495  4037 W chromium: [WARNING:keycode_converter.cc(91)] empty code string
12-11 14:46:53.111  3495  4037 W chromium: [WARNING:keycode_converter.cc(91)] empty code string
12-11 14:46:53.115  3495  4037 W chromium: [WARNING:keycode_converter.cc(91)] empty code string
12-11 14:46:53.120  3495  4037 W chromium: [WARNING:keycode_converter.cc(91)] empty code string
12-11 14:46:53.131  3495  4037 W chromium: [WARNING:keycode_converter.cc(91)] empty code string
12-11 14:46:53.136  3495  4037 W chromium: [WARNING:keycode_converter.cc(91)] empty code string
12-11 14:46:53.136  3495  4037 W chromium: [WARNING:keycode_converter.cc(91)] empty code string
12-11 14:46:53.142  3495  4037 W chromium: [WARNING:keycode_converter.cc(91)] empty code string
12-11 14:46:53.143  3495  4037 W chromium: [WARNING:keycode_converter.cc(91)] empty code string
12-11 14:46:53.148  3495  4037 W chromium: [WARNING:keycode_converter.cc(91)] empty code string
12-11 14:46:54.000  5852  5852 D MonkeyStub: translateCommand: press KEYCODE_ENTER
12-11 14:46:54.025  2330  4309 D EGL_emulation: eglMakeCurrent: 0xaa9dbf60: ver 2 0 (tinfo 0xb40adfe0)
12-11 14:46:54.027  2330  4309 E Surface : getSlotFromBufferLocked: unknown buffer: 0xb40fd5c0
12-11 14:46:54.309  3495  3495 W BindingManager: Cannot call determinedVisibility() - never saw a connection for the pid: 3495
12-11 14:46:55.007  5852  5852 D MonkeyStub: translateCommand: tap 813 1718
12-11 14:46:55.370  3495  3495 W BindingManager: Cannot call determinedVisibility() - never saw a connection for the pid: 3495
12-11 14:46:55.370  3495  3495 I Auth    : [BrowserSignInFragment] onPageFinished: Host: accounts.google.com Path: /embedded/setup/android/signinconsent
12-11 14:46:55.372  1897  2043 I ActivityManager: START u0 {flg=0x2000000 cmp=com.google.android.gms/.auth.uiflows.addaccount.AddAccountActivity (has extras)} from uid 10008 on display 0
12-11 14:46:55.488  2184  2184 D PhoneStatusBar: disable: < expand icons alerts system_info BACK* home recent clock search quick_settings >
12-11 14:46:55.502  3495  4011 D EGL_emulation: eglMakeCurrent: 0xaa9c7aa0: ver 2 0 (tinfo 0xaab04ff0)
12-11 14:46:55.515  3495  4011 D EGL_emulation: eglMakeCurrent: 0xaa9c7aa0: ver 2 0 (tinfo 0xaab04ff0)
12-11 14:46:55.557  3495  4064 W Auth    : [FrpUnlockTask] FRP not required. Device was not locked.
12-11 14:46:55.560  3495  4011 D EGL_emulation: eglMakeCurrent: 0xaa9c7aa0: ver 2 0 (tinfo 0xaab04ff0)
12-11 14:46:55.579  3495  4011 D EGL_emulation: eglMakeCurrent: 0xaa9c7aa0: ver 2 0 (tinfo 0xaab04ff0)
12-11 14:46:55.582  1897  1916 I ActivityManager: Displayed com.google.android.gms/.auth.uiflows.addaccount.AddAccountActivity: +171ms
12-11 14:46:55.620  3495  4011 D EGL_emulation: eglMakeCurrent: 0xaa9c7aa0: ver 2 0 (tinfo 0xaab04ff0)
12-11 14:46:55.630  3495  4011 D EGL_emulation: eglMakeCurrent: 0xaa9c7aa0: ver 2 0 (tinfo 0xaab04ff0)
12-11 14:46:55.665  3495  4011 D EGL_emulation: eglMakeCurrent: 0xaa9c7aa0: ver 2 0 (tinfo 0xaab04ff0)
12-11 14:46:55.683  3495  4011 E Surface : getSlotFromBufferLocked: unknown buffer: 0x9463ad60
12-11 14:46:55.702  1897  2135 I AccountManagerService: getTypesVisibleToCaller: isPermitted? true
12-11 14:46:55.855  3452  3464 D EGL_emulation: eglCreateContext: 0xaa9c7020: maj 2 min 0 rcv 2
12-11 14:46:55.857  3452  3464 D EGL_emulation: eglMakeCurrent: 0xaa9c7020: ver 2 0 (tinfo 0xae861e30)
12-11 14:46:55.908  3452  3464 D EGL_emulation: eglCreateContext: 0xaa9c6e40: maj 2 min 0 rcv 2
12-11 14:46:55.909  3452  3464 D EGL_emulation: eglMakeCurrent: 0xaa9c6e40: ver 2 0 (tinfo 0xae861e30)
12-11 14:46:55.961  3464  3464 W Binder_2: type=1400 audit(0.0:89): avc: denied { search } for name="1627" dev="proc" ino=5831 scontext=u:r:untrusted_app:s0:c512,c768 tcontext=u:r:zygote:s0 tclass=dir permissive=0
12-11 14:46:55.981  3464  3464 W Binder_2: type=1400 audit(0.0:90): avc: denied { read } for name="/" dev="tmpfs" ino=3916 scontext=u:r:untrusted_app:s0:c512,c768 tcontext=u:object_r:device:s0 tclass=dir permissive=0
12-11 14:46:56.029  1234  1234 W SurfaceFlinger: couldn't log to binary event log: overflow.
12-11 14:46:56.097  2733  2929 W Conscrypt: Could not set socket write timeout:
12-11 14:46:56.097  2733  2929 W Conscrypt:    java.lang.reflect.Method.invoke(Native Method)
12-11 14:46:56.097  2733  2929 W Conscrypt:    com.google.android.gms.org.conscrypt.Platform.setSocketWriteTimeout(:com.google.android.gms@11743470:13)
12-11 14:46:56.161  2733  2929 W Conscrypt: Could not set socket write timeout:
12-11 14:46:56.162  2733  2929 W Conscrypt:    java.lang.reflect.Method.invoke(Native Method)
12-11 14:46:56.162  2733  2929 W Conscrypt:    com.google.android.gms.org.conscrypt.Platform.setSocketWriteTimeout(:com.google.android.gms@11743470:13)
12-11 14:46:56.176  3495  4045 D EGL_emulation: eglMakeCurrent: 0xaa9dde80: ver 2 0 (tinfo 0x9877e9f0)
12-11 14:46:56.191  3495  3495 I art     : Starting a blocking GC Explicit
12-11 14:46:56.196  3495  3495 I art     : Explicit concurrent mark sweep GC freed 3041(172KB) AllocSpace objects, 5(820KB) LOS objects, 29% free, 9MB/13MB, paused 120us total 5.290ms
12-11 14:46:56.198  3495  3495 I art     : Starting a blocking GC Explicit
12-11 14:46:56.204  3495  3495 I art     : Explicit concurrent mark sweep GC freed 380(15KB) AllocSpace objects, 0(0B) LOS objects, 29% free, 9MB/13MB, paused 119us total 5.445ms
12-11 14:46:56.204  3495  3495 I art     : Starting a blocking GC Explicit
12-11 14:46:56.210  3495  3495 I art     : Explicit concurrent mark sweep GC freed 3(96B) AllocSpace objects, 0(0B) LOS objects, 29% free, 9MB/13MB, paused 118us total 5.890ms
12-11 14:46:56.323  3495  4045 D EGL_emulation: eglMakeCurrent: 0xaa9dd4c0: ver 2 0 (tinfo 0x9877e9f0)
12-11 14:46:56.325  3495  4045 D EGL_emulation: eglMakeCurrent: 0xaa9dde80: ver 2 0 (tinfo 0x9877e9f0)
12-11 14:46:56.327  3495  4045 E chromium: [ERROR:gles2_cmd_decoder.cc(2009)] [GroupMarkerNotSet(crbug.com/242999)!:7C4C589B]GL ERROR :GL_INVALID_OPERATION : BackFramebuffer::Destroy: <- error from previous GL command
12-11 14:46:56.332  3495  4045 D EGL_emulation: eglMakeCurrent: 0xaa9dd4c0: ver 2 0 (tinfo 0x9877e9f0)
12-11 14:46:56.477  2749  5675 I Icing   : Performing maintenance.
12-11 14:46:56.485  2749  5675 W Icing   : Observed a flag change without accompanying experimentId change
12-11 14:46:56.502  1897  2133 I AccountManagerService: the accounts changed, sending broadcast of android.accounts.LOGIN_ACCOUNTS_CHANGED
12-11 14:46:56.503  1897  1897 I AccountManagerService: getTypesVisibleToCaller: isPermitted? true
12-11 14:46:56.503  1897  3883 I AccountManagerService: getTypesVisibleToCaller: isPermitted? true
12-11 14:46:56.503  2733  2733 V Backup  : [GmsBackupTransport] accounts changed
12-11 14:46:56.503  2733  2733 I Backup  : [GmsBackupAccountManager] Backup account not found in gmscore.
12-11 14:46:56.508  1897  2131 I AccountManagerService: getTypesVisibleToCaller: isPermitted? false
12-11 14:46:56.509  1897  2044 I AccountManagerService: getTypesVisibleToCaller: isPermitted? false
12-11 14:46:56.516  1897  1909 I AccountManagerService: getTypesVisibleToCaller: isPermitted? true
12-11 14:46:56.518  1897  2134 I AccountManagerService: getTypesVisibleToCaller: isPermitted? true
12-11 14:46:56.521  1897  2684 I AccountManagerService: getTypesVisibleToCaller: isPermitted? true
12-11 14:46:56.536  2733  2733 V Backup  : [GmsBackupTransport] network is up
12-11 14:46:56.536  2733  2733 V Backup  : [GmsBackupTransport] no backup now: [OperationScheduler: enabledState=true moratoriumSet=2017-12-11/14:46:56 moratorium=1969-12-31/18:00:00]
12-11 14:46:56.536  1897  2135 I AccountManagerService: getTypesVisibleToCaller: isPermitted? true
12-11 14:46:56.540  2141  2161 I ContactsProvider: Accounts changed
12-11 14:46:56.557  1897  3883 I AccountManagerService: getTypesVisibleToCaller: isPermitted? true
12-11 14:46:56.560  1897  2044 I AccountManagerService: the accounts changed, sending broadcast of android.accounts.LOGIN_ACCOUNTS_CHANGED
12-11 14:46:56.566  1897  2134 I AccountManagerService: getTypesVisibleToCaller: isPermitted? true
12-11 14:46:56.567  1897  3448 I AccountManagerService: getTypesVisibleToCaller: isPermitted? false
12-11 14:46:56.568  1897  2044 I AccountManagerService: getTypesVisibleToCaller: isPermitted? true
12-11 14:46:56.568  1897  3883 I AccountManagerService: getTypesVisibleToCaller: isPermitted? true
12-11 14:46:56.569  1897  5539 I AccountManagerService: getTypesVisibleToCaller: isPermitted? true
12-11 14:46:56.569  2733  2733 V Backup  : [GmsBackupTransport] accounts changed
12-11 14:46:56.570  2733  2733 I Backup  : [GmsBackupAccountManager] Backup account not found in gmscore.
12-11 14:46:56.572  1897  3883 I AccountManagerService: getTypesVisibleToCaller: isPermitted? true
12-11 14:46:56.575  1897  2133 I AccountManagerService: getTypesVisibleToCaller: isPermitted? false
12-11 14:46:56.618  2733  2929 I Auth    : [BroadcastManager] Broadcasting account services changed.
12-11 14:46:56.626  3495  4013 I Auth    : [AddAccountTask] DmStatus=null
12-11 14:46:56.627  1897  2131 I AccountManagerService: getTypesVisibleToCaller: isPermitted? true
12-11 14:46:56.721  1897  3626 I AccountManagerService: getTypesVisibleToCaller: isPermitted? true
12-11 14:46:56.733  2733  2733 V Backup  : [GmsBackupTransport] network is up
12-11 14:46:56.733  2733  2733 V Backup  : [GmsBackupTransport] no backup now: [OperationScheduler: enabledState=true moratoriumSet=2017-12-11/14:46:56 moratorium=1969-12-31/18:00:00]
12-11 14:46:56.739  1897  3883 I AccountManagerService: getTypesVisibleToCaller: isPermitted? true
12-11 14:46:56.747  2749  2749 I iu.SyncManager: account change detect - update database
12-11 14:46:56.747  2749  3285 I iu.SyncManager: SYNC; picasa accounts
12-11 14:46:56.806  2733  2928 V Backup  : [GmsBackupTransport] network is up
12-11 14:46:56.806  2733  2928 V Backup  : [GmsBackupTransport] no backup now: [OperationScheduler: enabledState=true moratoriumSet=2017-12-11/14:46:56 moratorium=1969-12-31/18:00:00]
12-11 14:46:56.817  1897  2133 I AccountManagerService: getTypesVisibleToCaller: isPermitted? true
12-11 14:46:56.829  2733  2745 V Backup  : [GmsBackupTransport] network is up
12-11 14:46:56.829  2733  2745 V Backup  : [GmsBackupTransport] no backup now: [OperationScheduler: enabledState=true moratoriumSet=2017-12-11/14:46:56 moratorium=1969-12-31/18:00:00]
12-11 14:46:56.849  2749  2749 I iu.SyncManager: account change detect - update database
12-11 14:46:56.849  2749  3285 I iu.SyncManager: SYNC; picasa accounts
12-11 14:46:56.859  1897  2135 I AccountManagerService: getTypesVisibleToCaller: isPermitted? true
12-11 14:46:56.886  1897  2133 I AccountManagerService: getTypesVisibleToCaller: isPermitted? true
12-11 14:46:56.905  1897  1909 I AccountManagerService: getTypesVisibleToCaller: isPermitted? true
12-11 14:46:56.916  1897  2044 I AccountManagerService: getTypesVisibleToCaller: isPermitted? false
12-11 14:46:56.924  1897  1908 I AccountManagerService: getTypesVisibleToCaller: isPermitted? true
12-11 14:46:56.925  5614  5614 I Exchange: Accounts changed - requesting FolderSync for unsynced accounts
12-11 14:46:56.925  2749  2916 W Icing   : MDD SharedFileManager: Download failed for file a: "https://www.gstatic.com/icing/idd/cld3-model/cld3-model_1490397177"
12-11 14:46:56.925  2749  2916 W Icing   : b: 350247
12-11 14:46:56.925  2749  2916 W Icing   : c: "fe26f13a98e5593ce40c9ac364d2b1186b9710ac"
12-11 14:46:56.925  2749  2916 W Icing   : d: true
12-11 14:46:56.925  2749  2916 W Icing   : : null
12-11 14:46:56.938  1897  3626 I AccountManagerService: getTypesVisibleToCaller: isPermitted? false
12-11 14:46:56.939  1897  3883 I AccountManagerService: getTypesVisibleToCaller: isPermitted? true
12-11 14:46:56.941  2141  2161 I ContactsProvider: Accounts changed
12-11 14:46:56.942  1897  3448 I AccountManagerService: getTypesVisibleToCaller: isPermitted? true
12-11 14:46:56.944  2749  5936 I PmtsSwAccountIntentOp: Processing intent action=android.accounts.LOGIN_ACCOUNTS_CHANGED
12-11 14:46:56.944  2749  5936 I PmtsSwAccountIntentOp: Device isn't of sufficient API level
12-11 14:46:56.984  5553  5939 I Email   : System accounts updated.
12-11 14:46:57.006  2475  5932 I NowOptInSettings: onAccountChanged() : Account {name=kbr552.testscript@gmail.com, type=com.google}
12-11 14:46:57.019  2733  2745 W Conscrypt: Could not set socket write timeout:
12-11 14:46:57.019  2733  2745 W Conscrypt:    java.lang.reflect.Method.invoke(Native Method)
12-11 14:46:57.019  2733  2745 W Conscrypt:    com.google.android.gms.org.conscrypt.Platform.setSocketWriteTimeout(:com.google.android.gms@11743470:13)
12-11 14:46:57.032  1897  2135 I AccountManagerService: getTypesVisibleToCaller: isPermitted? true
12-11 14:46:57.036  1897  2684 I AccountManagerService: getTypesVisibleToCaller: isPermitted? true
12-11 14:46:57.045  2733  2745 W Conscrypt: Could not set socket write timeout:
12-11 14:46:57.045  2733  2745 W Conscrypt:    java.lang.reflect.Method.invoke(Native Method)
12-11 14:46:57.045  2733  2745 W Conscrypt:    com.google.android.gms.org.conscrypt.Platform.setSocketWriteTimeout(:com.google.android.gms@11743470:13)
12-11 14:46:57.052  2749  5938 I PmtsSwAccountIntentOp: Processing intent action=android.accounts.LOGIN_ACCOUNTS_CHANGED
12-11 14:46:57.052  2749  5938 I PmtsSwAccountIntentOp: Device isn't of sufficient API level
12-11 14:46:57.068  2733  4456 V Backup  : [GmsBackupTransport] network is up
12-11 14:46:57.069  2733  4456 V Backup  : [GmsBackupTransport] no backup now: [OperationScheduler: enabledState=true moratoriumSet=2017-12-11/14:46:56 moratorium=1969-12-31/18:00:00]
12-11 14:46:57.087  1897  2043 I AccountManagerService: getTypesVisibleToCaller: isPermitted? true
12-11 14:46:57.121  1897  2131 I AccountManagerService: getTypesVisibleToCaller: isPermitted? true
12-11 14:46:57.128  1897  1897 I AccountManagerService: getTypesVisibleToCaller: isPermitted? true
12-11 14:46:57.159  2749  2916 W Icing   : MDD SharedFileManager: Download failed for file a: "https://www.gstatic.com/icing/idd/saft-segmenter-model/transition-model_1478232719"
12-11 14:46:57.159  2749  2916 W Icing   : b: 628544
12-11 14:46:57.159  2749  2916 W Icing   : c: "2f01619043c593dd3bf8dd238c4b58c99d1414d8"
12-11 14:46:57.159  2749  2916 W Icing   : d: true
12-11 14:46:57.159  2749  2916 W Icing   : : null
12-11 14:46:57.160  2733  2929 V Backup  : [GmsBackupTransport] network is up
12-11 14:46:57.160  2733  2929 V Backup  : [GmsBackupTransport] no backup now: [OperationScheduler: enabledState=true moratoriumSet=2017-12-11/14:46:56 moratorium=1969-12-31/18:00:00]
12-11 14:46:57.193  2733  2929 V Backup  : [GmsBackupTransport] network is up
12-11 14:46:57.194  2733  2929 V Backup  : [GmsBackupTransport] no backup now: [OperationScheduler: enabledState=true moratoriumSet=2017-12-11/14:46:56 moratorium=1969-12-31/18:00:00]
12-11 14:46:57.198  1897  1909 I AccountManagerService: getTypesVisibleToCaller: isPermitted? false
12-11 14:46:57.232  1897  2132 I AccountManagerService: getTypesVisibleToCaller: isPermitted? true
12-11 14:46:57.232  2733  2929 V Backup  : [GmsBackupTransport] network is up
12-11 14:46:57.232  2733  2929 V Backup  : [GmsBackupTransport] no backup now: [OperationScheduler: enabledState=true moratoriumSet=2017-12-11/14:46:56 moratorium=1969-12-31/18:00:00]
12-11 14:46:57.254  1897  2684 I AccountManagerService: getTypesVisibleToCaller: isPermitted? false
12-11 14:46:57.256  2733  5920 I Auth    : [BroadcastManager] Broadcasting account change.
12-11 14:46:57.283  2733  2929 V Backup  : [GmsBackupTransport] network is up
12-11 14:46:57.283  2733  2929 V Backup  : [GmsBackupTransport] no backup now: [OperationScheduler: enabledState=true moratoriumSet=2017-12-11/14:46:56 moratorium=1969-12-31/18:00:00]
12-11 14:46:57.301  2733  2929 V Backup  : [GmsBackupTransport] network is up
12-11 14:46:57.301  2733  2929 V Backup  : [GmsBackupTransport] no backup now: [OperationScheduler: enabledState=true moratoriumSet=2017-12-11/14:46:56 moratorium=1969-12-31/18:00:00]
12-11 14:46:57.315  2733  2929 V Backup  : [GmsBackupTransport] network is up
12-11 14:46:57.315  2733  2929 V Backup  : [GmsBackupTransport] no backup now: [OperationScheduler: enabledState=true moratoriumSet=2017-12-11/14:46:56 moratorium=1969-12-31/18:00:00]
12-11 14:46:57.316  2733  2929 V Backup  : [GmsBackupTransport] network is up
12-11 14:46:57.316  2733  2929 V Backup  : [GmsBackupTransport] no backup now: [OperationScheduler: enabledState=true moratoriumSet=2017-12-11/14:46:56 moratorium=1969-12-31/18:00:00]
12-11 14:46:57.368  2733  5920 W WakefulBroadcastReceiv.: No active wake lock id #9
12-11 14:46:57.368  1897  2134 I AccountManagerService: getTypesVisibleToCaller: isPermitted? true
12-11 14:46:57.369  5553  5939 I NotifActionUtils: resendNotifications account: null, folder: null
12-11 14:46:57.374  1897  2131 I AccountManagerService: getTypesVisibleToCaller: isPermitted? true
12-11 14:46:57.376  1897  3883 I BroadcastQueue: Delay finish: com.android.email/.service.EmailBroadcastReceiver
12-11 14:46:57.385  1897  1909 I AccountManagerService: getTypesVisibleToCaller: isPermitted? true
12-11 14:46:57.387  1897  2043 I AccountManagerService: getTypesVisibleToCaller: isPermitted? true
12-11 14:46:57.389  1897  2135 I AccountManagerService: getTypesVisibleToCaller: isPermitted? true
12-11 14:46:57.399  5553  5954 I NotifUtils: resendNotifications cancelExisting: false, account: null, folder: null
12-11 14:46:57.407  2733  5920 W WakefulBroadcastReceiv.: No active wake lock id #10
12-11 14:46:57.409  2475  5948 W art     : Long monitor contention event with owner method=boolean android.os.BinderProxy.transactNative(int, android.os.Parcel, android.os.Parcel, int) from Binder.java:4294967294 waiters=0 for 312ms
12-11 14:46:57.416  2749  2916 W Icing   : MDD SharedFileManager: Download failed for file a: "https://www.gstatic.com/icing/idd/address_data/us-city-names.bloomfilter_1489699003.gen"
12-11 14:46:57.416  2749  2916 W Icing   : b: 65592
12-11 14:46:57.416  2749  2916 W Icing   : c: "8f515ffef110ad98848a0c64b111cfc6836c9155"
12-11 14:46:57.416  2749  2916 W Icing   : d: true
12-11 14:46:57.416  2749  2916 W Icing   : : null
12-11 14:46:57.443  1897  2131 I BroadcastQueue: Resuming delayed broadcast
12-11 14:46:57.443  5553  5939 I Email   : System accounts updated.
12-11 14:46:57.447  1897  1908 I AccountManagerService: getTypesVisibleToCaller: isPermitted? true
12-11 14:46:57.454  5614  5614 I Exchange: Accounts changed - requesting FolderSync for unsynced accounts
12-11 14:46:57.456  1897  2133 I AccountManagerService: getTypesVisibleToCaller: isPermitted? true
12-11 14:46:57.463  1897  2133 I AccountManagerService: getTypesVisibleToCaller: isPermitted? true
12-11 14:46:57.471  1897  1908 I AccountManagerService: getTypesVisibleToCaller: isPermitted? true
12-11 14:46:57.484  2475  5941 W Search.SearchUrlHelper: Auth token not ready, no auth header set.
12-11 14:46:57.493  2749  2916 W Icing   : MDD SharedFileManager: Download failed for file a: "https://www.gstatic.com/icing/idd/address_data/us-street-names.bloomfilter_1489699003.gen"
12-11 14:46:57.493  2749  2916 W Icing   : b: 262200
12-11 14:46:57.493  2749  2916 W Icing   : c: "890fa006aebfafcbc4573e3bdfbd124c8b75d397"
12-11 14:46:57.493  2749  2916 W Icing   : d: true
12-11 14:46:57.493  2749  2916 W Icing   : : null
12-11 14:46:57.495  2749  2916 W Icing   : MDD SharedFileManager: Download failed for file a: "https://www.gstatic.com/icing/idd/address_data/us-token-type-data-file_1489699003.gen"
12-11 14:46:57.495  2749  2916 W Icing   : b: 7218
12-11 14:46:57.495  2749  2916 W Icing   : c: "f639c9d7ca9c93922b927b416f4865c3eb430f7b"
12-11 14:46:57.495  2749  2916 W Icing   : d: true
12-11 14:46:57.495  2749  2916 W Icing   : : null
12-11 14:46:57.504  1897  3626 I AccountManagerService: getTypesVisibleToCaller: isPermitted? true
12-11 14:46:57.537  5553  5939 I NotifActionUtils: resendNotifications account: null, folder: null
12-11 14:46:57.553  5553  5961 I NotifUtils: resendNotifications cancelExisting: false, account: null, folder: null
12-11 14:46:57.555  2749  2916 W Icing   : MDD SharedFileManager: Download failed for file a: "https://www.gstatic.com/icing/idd/nicknames-mapping/nicknames-list-global_1481328343.txt"
12-11 14:46:57.555  2749  2916 W Icing   : b: 21188
12-11 14:46:57.555  2749  2916 W Icing   : c: "3268675a7103ab915dc86d7ee0fbbe50e55c128e"
12-11 14:46:57.555  2749  2916 W Icing   : d: true
12-11 14:46:57.555  2749  2916 W Icing   : : null
12-11 14:46:57.564  2141  2161 D ContactDirectoryManager: Found com.android.exchange.directory.provider
12-11 14:46:57.593  2749  5675 I Icing   : updateResources: need to parse uaz{com.google.android.gms}
12-11 14:46:57.596  2749  2916 W Icing   : MDD SharedFileManager: Download failed for file a: "https://www.gstatic.com/icing/idd/nicknames-mapping/nicknames-mapping-global_1481328343.txt"
12-11 14:46:57.596  2749  2916 W Icing   : b: 19450
12-11 14:46:57.596  2749  2916 W Icing   : c: "159c5a15146a446ffba144c8b2e05c9b5969bd91"
12-11 14:46:57.596  2749  2916 W Icing   : d: true
12-11 14:46:57.596  2749  2916 W Icing   : : null
12-11 14:46:57.621  5867  5867 I CalendarProvider2: Sending notification intent: Intent { act=android.intent.action.PROVIDER_CHANGED dat=content://com.android.calendar }
12-11 14:46:57.622  5867  5867 W ContentResolver: Failed to get type for: content://com.android.calendar (Unknown URL content://com.android.calendar)
12-11 14:46:57.623  2749  2916 W Icing   : MDD SharedFileManager: Download failed for file a: "https://www.gstatic.com/icing/idd/cld3-model/cld3-model_1490397177"
12-11 14:46:57.623  2749  2916 W Icing   : b: 350247
12-11 14:46:57.623  2749  2916 W Icing   : c: "fe26f13a98e5593ce40c9ac364d2b1186b9710ac"
12-11 14:46:57.623  2749  2916 W Icing   : d: true
12-11 14:46:57.623  2749  2916 W Icing   : : null
12-11 14:46:57.629  2749  2916 W Icing   : MDD SharedFileManager: Download failed for file a: "https://www.gstatic.com/icing/idd/address_data/us-city-names.bloomfilter_1489699003.gen"
12-11 14:46:57.629  2749  2916 W Icing   : b: 65592
12-11 14:46:57.629  2749  2916 W Icing   : c: "8f515ffef110ad98848a0c64b111cfc6836c9155"
12-11 14:46:57.629  2749  2916 W Icing   : d: true
12-11 14:46:57.629  2749  2916 W Icing   : : null
12-11 14:46:57.660  1897  2044 I AccountManagerService: getTypesVisibleToCaller: isPermitted? true
12-11 14:46:57.672  2749  2916 W Icing   : MDD SharedFileManager: Download failed for file a: "https://www.gstatic.com/icing/idd/address_data/us-street-names.bloomfilter_1489699003.gen"
12-11 14:46:57.672  2749  2916 W Icing   : b: 262200
12-11 14:46:57.672  2749  2916 W Icing   : c: "890fa006aebfafcbc4573e3bdfbd124c8b75d397"
12-11 14:46:57.672  2749  2916 W Icing   : d: true
12-11 14:46:57.672  2749  2916 W Icing   : : null
12-11 14:46:57.703  2749  2749 E ChimeraProxyRslvr: Failed to instantiate com.google.android.gms.mdm.receivers.GoogleAccountsAddedChimeraReceiver: java.lang.ClassCastException: com.google.android.gms.mdm.receivers.GoogleAccountsAddedChimeraReceiver cannot be cast to com.google.android.chimera.BroadcastReceiver
12-11 14:46:57.703  2749  2749 E ChimeraRcvrProxy: com.google.android.gms.mdm.receivers.GoogleAccountsAddedReceiver dropping broadcast com.google.android.gms.auth.GOOGLE_ACCOUNT_CHANGE
12-11 14:46:57.704  2733  5950 V Backup  : [GmsBackupTransport] network is up
12-11 14:46:57.705  2733  5950 V Backup  : [GmsBackupTransport] no backup now: [OperationScheduler: enabledState=true moratoriumSet=2017-12-11/14:46:56 moratorium=1969-12-31/18:00:00]
12-11 14:46:57.739  2749  5936 I Auth    : [FRP,FrpUpdateIntentOperation] Frp is not supported for this device / user
12-11 14:46:57.751  2733  5930 I Authzen : [AccountChangeProcessingIntentOperation] Received onHandleIntent() call: Intent { act=com.google.android.gms.auth.GOOGLE_ACCOUNT_CHANGE cat=[com.google.android.gms.auth.category.ACCOUNT_ADDED] flg=0x10 cmp=com.google.android.gms/.chimera.GmsIntentOperationService$PersistentInternalReceiver (has extras) }
12-11 14:46:57.751  2733  5930 I Authzen : [AccountChangeProcessingIntentOperation] Handling added account: <ELLIDED:-1951064893>
12-11 14:46:57.751  2733  5930 I Authzen : [SyncManager] Sync requested for event 100, account kbr552.testscript@gmail.com, and components 3, with reason 7
12-11 14:46:57.751  2733  5930 I Authzen : [SyncManager] Triggering AuthZen registration...
12-11 14:46:57.752  3100  3100 D AlertReceiver: onReceive: a=android.intent.action.PROVIDER_CHANGED Intent { act=android.intent.action.PROVIDER_CHANGED dat=content://com.android.calendar flg=0x10 cmp=com.android.calendar/.alerts.AlertReceiver }
12-11 14:46:57.769  2733  5928 I GCoreUlr: Starting service, intent=Intent { act=com.google.android.location.reporting.ACTION_UPDATE_WORLD cmp=com.google.android.gms/com.google.android.location.reporting.service.DispatchingService (has extras) }, extras=Bundle[{receiverAction=com.google.android.gms.auth.GOOGLE_ACCOUNT_CHANGE, accountsAdded=[Account {name=kbr552.testscript@gmail.com, type=com.google}]}]
12-11 14:46:57.772  2749  2916 W Icing   : MDD SharedFileManager: Download failed for file a: "https://www.gstatic.com/icing/idd/address_data/us-token-type-data-file_1489699003.gen"
12-11 14:46:57.772  2749  2916 W Icing   : b: 7218
12-11 14:46:57.772  2749  2916 W Icing   : c: "f639c9d7ca9c93922b927b416f4865c3eb430f7b"
12-11 14:46:57.772  2749  2916 W Icing   : d: true
12-11 14:46:57.772  2749  2916 W Icing   : : null
12-11 14:46:57.774  2749  2916 W Icing   : MDD SharedFileManager: Download failed for file a: "https://www.gstatic.com/icing/idd/saft-segmenter-model/transition-model_1478232719"
12-11 14:46:57.774  2749  2916 W Icing   : b: 628544
12-11 14:46:57.774  2749  2916 W Icing   : c: "2f01619043c593dd3bf8dd238c4b58c99d1414d8"
12-11 14:46:57.774  2749  2916 W Icing   : d: true
12-11 14:46:57.774  2749  2916 W Icing   : : null
12-11 14:46:57.804  3100  5964 D AlertService: 0 Action = android.intent.action.PROVIDER_CHANGED
12-11 14:46:57.808  2733  2733 E BluetoothAdapter: Bluetooth binder is null
12-11 14:46:57.809  2749  2916 W Icing   : MDD SharedFileManager: Download failed for file a: "https://www.gstatic.com/icing/idd/nicknames-mapping/nicknames-list-global_1481328343.txt"
12-11 14:46:57.809  2749  2916 W Icing   : b: 21188
12-11 14:46:57.809  2749  2916 W Icing   : c: "3268675a7103ab915dc86d7ee0fbbe50e55c128e"
12-11 14:46:57.809  2749  2916 W Icing   : d: true
12-11 14:46:57.809  2749  2916 W Icing   : : null
12-11 14:46:57.811  1897  2135 I AccountManagerService: getTypesVisibleToCaller: isPermitted? true
12-11 14:46:57.817  2749  5945 I Ads     : Accounts have changed: com.google.android.gms.auth.GOOGLE_ACCOUNT_CHANGE
12-11 14:46:57.820  1897  2134 I AccountManagerService: getTypesVisibleToCaller: isPermitted? true
12-11 14:46:57.822  2749  2916 W Icing   : MDD SharedFileManager: Download failed for file a: "https://www.gstatic.com/icing/idd/nicknames-mapping/nicknames-mapping-global_1481328343.txt"
12-11 14:46:57.822  2749  2916 W Icing   : b: 19450
12-11 14:46:57.822  2749  2916 W Icing   : c: "159c5a15146a446ffba144c8b2e05c9b5969bd91"
12-11 14:46:57.822  2749  2916 W Icing   : d: true
12-11 14:46:57.822  2749  2916 W Icing   : : null
12-11 14:46:57.822  2749  2916 E Icing   : File /data/user/0/com.google.android.gms/files/gms_icing_mdd_garbage_file not found.
12-11 14:46:57.832  2749  3040 I EventLogChimeraService: Accumulating logs since 1513023493069
12-11 14:46:57.849  1897  5253 I AccountManagerService: getTypesVisibleToCaller: isPermitted? true
12-11 14:46:57.849  2749  5938 I IcingInternalCorpora: Received calendar change notification.
12-11 14:46:57.851  2733  5930 I Authzen : [RegistrationManager] Fetching signing key...
12-11 14:46:57.855  2733  5930 I Authzen : [RegistrationManager] Signing key fetched successfully!
12-11 14:46:57.865  2733  5930 I Authzen : [RegistrationManager] Starting Enrollment...
12-11 14:46:57.884  2141  2161 I ContactDirectoryManager: deleted 0 stale rows which don't have any relevant directory
12-11 14:46:57.925  2141  2161 I ContactDirectoryManager: Discovered 0 contact directories in 538ms
12-11 14:46:57.944  1897  2684 I AccountManagerService: getTypesVisibleToCaller: isPermitted? true
12-11 14:46:57.962  2749  5938 I MS_RegisterService: RegisterService intent:Intent { act=com.google.android.gms.matchstick.register_intent_google_account_change cat=[targeted_intent_op_prefix:com.google.android.libraries.matchstick.net.SilentRegisterIntentOperation] cmp=com.google.android.gms/.chimera.GmsIntentOperationService } isPeriodic:false
