12-11 14:48:03.701  1624  1933 D AudioFlinger: mixer(0xb4300000) throttle end: throttle time(7)
12-11 14:48:03.713  4117  4132 D EGL_emulation: eglMakeCurrent: 0xaa9dcec0: ver 2 0 (tinfo 0xaab04920)
12-11 14:48:03.715  4117  4132 D EGL_emulation: eglMakeCurrent: 0xaa9dcec0: ver 2 0 (tinfo 0xaab04920)
12-11 14:48:03.736  4117  4132 D EGL_emulation: eglMakeCurrent: 0xaa9dcec0: ver 2 0 (tinfo 0xaab04920)
12-11 14:48:03.747  4117  4132 D EGL_emulation: eglMakeCurrent: 0xaa9dcec0: ver 2 0 (tinfo 0xaab04920)
12-11 14:48:03.757  4117  4132 D EGL_emulation: eglMakeCurrent: 0xaa9dcec0: ver 2 0 (tinfo 0xaab04920)
12-11 14:48:03.765  4117  4132 D EGL_emulation: eglMakeCurrent: 0xaa9dcec0: ver 2 0 (tinfo 0xaab04920)
12-11 14:48:03.779  4117  4132 D EGL_emulation: eglMakeCurrent: 0xaa9dcec0: ver 2 0 (tinfo 0xaab04920)
12-11 14:48:03.785  4117  4132 D EGL_emulation: eglMakeCurrent: 0xaa9dcec0: ver 2 0 (tinfo 0xaab04920)
12-11 14:48:03.815  4117  4132 D EGL_emulation: eglMakeCurrent: 0xaa9dcec0: ver 2 0 (tinfo 0xaab04920)
12-11 14:48:03.824  4117  4132 D EGL_emulation: eglMakeCurrent: 0xaa9dcec0: ver 2 0 (tinfo 0xaab04920)
12-11 14:48:04.051  4117  4132 D EGL_emulation: eglMakeCurrent: 0xaa9dcec0: ver 2 0 (tinfo 0xaab04920)
12-11 14:48:04.054  4117  4132 E Surface : getSlotFromBufferLocked: unknown buffer: 0xa113b1c0
12-11 14:48:04.059  4117  4132 D OpenGLRenderer: endAllStagingAnimators on 0xae848900 (ListPopupWindow$DropDownListView) with handle 0xa147c2b0
12-11 14:48:05.280  4117  4132 D EGL_emulation: eglMakeCurrent: 0xaa9dcec0: ver 2 0 (tinfo 0xaab04920)
12-11 14:48:05.574  5852  5852 D MonkeyStub: translateCommand: tap 760 1116
12-11 14:48:05.597  4117  4132 D EGL_emulation: eglMakeCurrent: 0xaa9dcec0: ver 2 0 (tinfo 0xaab04920)
12-11 14:48:05.598  4117  4132 E Surface : getSlotFromBufferLocked: unknown buffer: 0xa113a720
12-11 14:48:05.602  1897  3883 I AccountManagerService: the accounts changed, sending broadcast of android.accounts.LOGIN_ACCOUNTS_CHANGED
12-11 14:48:05.604  1897  1911 W BroadcastQueue: Permission Denial: broadcasting Intent { act=android.accounts.LOGIN_ACCOUNTS_CHANGED flg=0x4000010 } from android (pid=0, uid=10030) is not exported from uid 10008 due to receiver com.google.android.gms/.auth.account.be.accountstate.LoginAccountsChangedWakefulBroadcastReceiver
12-11 14:48:05.605  1897  3448 I AccountManagerService: getTypesVisibleToCaller: isPermitted? true
12-11 14:48:05.605  1897  2133 I AccountManagerService: getTypesVisibleToCaller: isPermitted? false
12-11 14:48:05.605  1897  1909 I AccountManagerService: getTypesVisibleToCaller: isPermitted? true
12-11 14:48:05.609  1897  3626 I AccountManagerService: getTypesVisibleToCaller: isPermitted? true
12-11 14:48:05.610  1897  5539 I AccountManagerService: getTypesVisibleToCaller: isPermitted? true
12-11 14:48:05.610  1897  5952 I AccountManagerService: getTypesVisibleToCaller: isPermitted? true
12-11 14:48:05.615  2733  2733 V Backup  : [GmsBackupTransport] accounts changed
12-11 14:48:05.616  1897  1909 I AccountManagerService: getTypesVisibleToCaller: isPermitted? true
12-11 14:48:05.617  1897  1897 I AccountManagerService: getTypesVisibleToCaller: isPermitted? true
12-11 14:48:05.617  1897  2684 I AccountManagerService: getTypesVisibleToCaller: isPermitted? true
12-11 14:48:05.618  1897  2131 I AccountManagerService: getTypesVisibleToCaller: isPermitted? true
12-11 14:48:05.622  1897  2133 I AccountManagerService: getTypesVisibleToCaller: isPermitted? false
12-11 14:48:05.633  1897  5539 I AccountManagerService: getTypesVisibleToCaller: isPermitted? true
12-11 14:48:05.633  1897  3626 W ActivityManager: Duplicate finish request for ActivityRecord{98dd3e2 u0 com.android.settings/.SubSettings t20 f}
12-11 14:48:05.635  1897  5952 W InputMethodManagerService: Window already focused, ignoring focus gain of: com.android.internal.view.IInputMethodClient$Stub$Proxy@1cceb42 attribute=null, token = android.os.BinderProxy@8851ff4
12-11 14:48:05.640  2749  2749 I iu.SyncManager: account change detect - update database
12-11 14:48:05.640  2749  3285 I iu.SyncManager: SYNC; picasa accounts
12-11 14:48:05.642  1624  1933 D AudioFlinger: mixer(0xb4300000) throttle end: throttle time(11)
12-11 14:48:05.651  2733  2733 V Backup  : [GmsBackupTransport] network is up
12-11 14:48:05.651  2733  2733 V Backup  : [GmsBackupTransport] no backup now: [OperationScheduler: enabledState=true moratoriumSet=2017-12-11/14:48:05 moratorium=1969-12-31/18:00:00]
12-11 14:48:05.658  2141  2161 I ContactsProvider: Accounts changed
12-11 14:48:05.661  4117  4132 D EGL_emulation: eglMakeCurrent: 0xaa9dcec0: ver 2 0 (tinfo 0xaab04920)
12-11 14:48:05.676  1897  3883 I AccountManagerService: getTypesVisibleToCaller: isPermitted? true
12-11 14:48:05.683  1897  3626 I AccountManagerService: getTypesVisibleToCaller: isPermitted? true
12-11 14:48:05.741  1897  5253 I AccountManagerService: getTypesVisibleToCaller: isPermitted? true
12-11 14:48:05.758  1897  3448 I AccountManagerService: getTypesVisibleToCaller: isPermitted? false
12-11 14:48:05.774  2749  6176 I PmtsSwAccountIntentOp: Processing intent action=android.accounts.LOGIN_ACCOUNTS_CHANGED
12-11 14:48:05.774  2749  6176 I PmtsSwAccountIntentOp: Device isn't of sufficient API level
12-11 14:48:05.780  1897  3448 I AccountManagerService: getTypesVisibleToCaller: isPermitted? true
12-11 14:48:05.790  1897  2134 I AccountManagerService: getTypesVisibleToCaller: isPermitted? false
12-11 14:48:05.791  5553  6177 I Email   : System accounts updated.
12-11 14:48:05.794  1897  5952 I AccountManagerService: getTypesVisibleToCaller: isPermitted? true
12-11 14:48:05.801  5614  5614 I Exchange: Accounts changed - requesting FolderSync for unsynced accounts
12-11 14:48:05.813  1897  2044 I AccountManagerService: getTypesVisibleToCaller: isPermitted? true
12-11 14:48:05.819  1897  2043 I AccountManagerService: getTypesVisibleToCaller: isPermitted? true
12-11 14:48:05.828  1897  3448 I AccountManagerService: getTypesVisibleToCaller: isPermitted? true
12-11 14:48:05.831  1897  2684 I AccountManagerService: getTypesVisibleToCaller: isPermitted? true
12-11 14:48:05.877  2749  6128 I Icing   : updateResources: need to parse uaz{com.google.android.gms}
12-11 14:48:05.891  2141  2161 I ContactsProvider: Accounts changed
12-11 14:48:05.898  1624  2004 D NuPlayerDriver: stop(0xb4821240)
12-11 14:48:05.898  1624  2004 D NuPlayerDriver: notifyListener_l(0xb4821240), (8, 0, 0)
12-11 14:48:05.901  1897  2132 I AccountManagerService: getTypesVisibleToCaller: isPermitted? true
12-11 14:48:05.902  1624  1936 D NuPlayerDriver: reset(0xb4821240)
12-11 14:48:05.904  1624  6153 W AMessage: failed to post message as target looper for handler 0 is gone.
12-11 14:48:05.908  1624  6153 D NuPlayerDriver: notifyResetComplete(0xb4821240)
12-11 14:48:05.912  1897  5253 I AccountManagerService: getTypesVisibleToCaller: isPermitted? true
12-11 14:48:05.921  5553  6177 D Email   : Delete: content://com.android.email.provider/uiaccount/3
12-11 14:48:05.923  1897  1909 I AccountManagerService: getTypesVisibleToCaller: isPermitted? true
12-11 14:48:05.931  5553  6177 D Email   : Delete: content://com.android.email.provider/mailbox
12-11 14:48:05.965  4117  4132 D EGL_emulation: eglMakeCurrent: 0xaa9dcec0: ver 2 0 (tinfo 0xaab04920)
12-11 14:48:06.003  2733  6184 I Auth    : [AccountStateSyncAdapter] performSync(account=<ELLIDED:-1951064893>)
12-11 14:48:06.018  1897  3883 I AccountManagerService: getTypesVisibleToCaller: isPermitted? true
12-11 14:48:06.024  1897  5539 I AccountManagerService: getTypesVisibleToCaller: isPermitted? true
12-11 14:48:06.040  4117  4132 E Surface : getSlotFromBufferLocked: unknown buffer: 0xa1139960
12-11 14:48:06.051  4117  4117 I art     : Starting a blocking GC Explicit
12-11 14:48:06.061  4117  4117 I art     : Explicit concurrent mark sweep GC freed 6605(388KB) AllocSpace objects, 1(24KB) LOS objects, 28% free, 10MB/14MB, paused 165us total 9.865ms
12-11 14:48:06.066  4117  4117 I art     : Starting a blocking GC Explicit
12-11 14:48:06.078  4117  4117 I art     : Explicit concurrent mark sweep GC freed 2971(202KB) AllocSpace objects, 2(88KB) LOS objects, 28% free, 9MB/13MB, paused 124us total 11.539ms
12-11 14:48:06.078  4117  4117 I art     : Starting a blocking GC Explicit
12-11 14:48:06.086  4117  4117 I art     : Explicit concurrent mark sweep GC freed 5(160B) AllocSpace objects, 0(0B) LOS objects, 28% free, 9MB/13MB, paused 81us total 7.568ms
12-11 14:48:06.288  4117  4117 I art     : Starting a blocking GC Explicit
12-11 14:48:06.299  4117  4117 I art     : Explicit concurrent mark sweep GC freed 134(9KB) AllocSpace objects, 0(0B) LOS objects, 28% free, 9MB/13MB, paused 82us total 10.092ms
12-11 14:48:06.301  4117  4117 I art     : Starting a blocking GC Explicit
12-11 14:48:06.311  4117  4117 I art     : Explicit concurrent mark sweep GC freed 150(6KB) AllocSpace objects, 0(0B) LOS objects, 28% free, 9MB/13MB, paused 88us total 9.589ms
12-11 14:48:06.311  4117  4117 I art     : Starting a blocking GC Explicit
12-11 14:48:06.319  4117  4117 I art     : Explicit concurrent mark sweep GC freed 3(96B) AllocSpace objects, 0(0B) LOS objects, 28% free, 9MB/13MB, paused 96us total 7.001ms
12-11 14:48:06.414  1897  3883 I AccountManagerService: getTypesVisibleToCaller: isPermitted? true
12-11 14:48:06.418  5553  5580 I NotifUtils: resendNotifications cancelExisting: false, account: null, folder: null
12-11 14:48:06.477  2733  6184 I Auth    : [AccountStateSyncAdapter] Skipping rename because the lookup contains the same email.
12-11 14:48:06.495  2749  6189 I EventLogChimeraService: Aggregate from 1513025217840 (log), 1513023493069 (data)
12-11 14:48:06.552  2141  2161 D ContactDirectoryManager: Found com.android.exchange.directory.provider
12-11 14:48:06.560  5553  6177 D Email   : Delete: content://com.android.email.provider/account/3
12-11 14:48:06.562  1897  2133 I AccountManagerService: getTypesVisibleToCaller: isPermitted? true
12-11 14:48:06.568  2141  2161 I ContactDirectoryManager: deleted 0 stale rows which don't have any relevant directory
12-11 14:48:06.612  2733  4456 W GLSUser : [DeviceKeyStore] Cannot load key: Device key file not found.
12-11 14:48:06.621  2749  6191 E Auth.Api.Credentials: [CredentialSyncAdapter] Unknown sync event.
12-11 14:48:06.625  1897  2132 I AccountManagerService: getTypesVisibleToCaller: isPermitted? true
12-11 14:48:06.626  2141  2161 I ContactDirectoryManager: Discovered 0 contact directories in 196ms
12-11 14:48:06.640  5553  5580 I Email   : Unregistering notifications for account 3
12-11 14:48:06.643  1897  1908 W ActivityManager: Unable to start service Intent { cmp=com.android.email/.service.AttachmentService } U=0: not found
12-11 14:48:06.648  5553  6177 I Email   : Restarting because account deleted
12-11 14:48:06.654  5553  6177 I art     : System.exit called, status: -1
12-11 14:48:06.654  5553  6177 I AndroidRuntime: VM exiting with result code -1, cleanup skipped.
12-11 14:48:06.656  5614  5614 I art     : System.exit called, status: -1
12-11 14:48:06.656  5614  5614 I AndroidRuntime: VM exiting with result code -1, cleanup skipped.
12-11 14:48:06.697  1897  5539 D GraphicsStats: Buffer count: 8
12-11 14:48:06.699  1627  1627 I Zygote  : Process 5553 exited cleanly (255)
12-11 14:48:06.704  1897  5952 I ActivityManager: Process com.android.email (pid 5553) has died
12-11 14:48:06.704  1897  5952 W ActivityManager: Scheduling restart of crashed service com.android.email/.service.EmailBroadcastProcessorService in 1882ms
12-11 14:48:06.712  1627  1627 I Zygote  : Process 5614 exited cleanly (255)
12-11 14:48:06.717  1897  3448 I ActivityManager: Process com.android.exchange (pid 5614) has died
12-11 14:48:06.718  1897  3448 W ActivityManager: Scheduling restart of crashed service com.android.exchange/.service.EasService in 11868ms
12-11 14:48:06.718  1897  3448 W ActivityManager: Scheduling restart of crashed service com.android.exchange/.service.EmailSyncAdapterService in 21868ms
12-11 14:48:06.777  5867  5867 I CalendarProvider2: Sending notification intent: Intent { act=android.intent.action.PROVIDER_CHANGED dat=content://com.android.calendar }
12-11 14:48:06.777  5867  5867 W ContentResolver: Failed to get type for: content://com.android.calendar (Unknown URL content://com.android.calendar)
12-11 14:48:06.780  2749  6173 I IcingInternalCorpora: Received calendar change notification.
12-11 14:48:06.782  3100  3100 D AlertReceiver: onReceive: a=android.intent.action.PROVIDER_CHANGED Intent { act=android.intent.action.PROVIDER_CHANGED dat=content://com.android.calendar flg=0x10 cmp=com.android.calendar/.alerts.AlertReceiver }
12-11 14:48:06.784  3100  6197 D AlertService: 0 Action = android.intent.action.PROVIDER_CHANGED
12-11 14:48:06.830  3452  3464 D EGL_emulation: eglCreateContext: 0xaa9c7560: maj 2 min 0 rcv 2
12-11 14:48:06.832  3452  3464 D EGL_emulation: eglMakeCurrent: 0xaa9c7560: ver 2 0 (tinfo 0xae861e30)
12-11 14:48:06.868  3452  3464 D EGL_emulation: eglCreateContext: 0xaa9c7c80: maj 2 min 0 rcv 2
12-11 14:48:06.869  3452  3464 D EGL_emulation: eglMakeCurrent: 0xaa9c7c80: ver 2 0 (tinfo 0xae861e30)
12-11 14:48:06.891  3464  3464 W Binder_2: type=1400 audit(0.0:95): avc: denied { search } for name="1627" dev="proc" ino=5831 scontext=u:r:untrusted_app:s0:c512,c768 tcontext=u:r:zygote:s0 tclass=dir permissive=0
12-11 14:48:06.901  3464  3464 W Binder_2: type=1400 audit(0.0:96): avc: denied { read } for name="/" dev="tmpfs" ino=3916 scontext=u:r:untrusted_app:s0:c512,c768 tcontext=u:object_r:device:s0 tclass=dir permissive=0
12-11 14:48:07.016  2733  4456 W GLSUser : [AppCertManager] IOException while requesting key: 
12-11 14:48:07.016  2733  4456 W GLSUser : java.io.IOException: Invalid device key response.
12-11 14:48:07.016  2733  4456 W GLSUser : 	at eyw.a(:com.google.android.gms@11743470:14)
12-11 14:48:07.016  2733  4456 W GLSUser : 	at eyw.a(:com.google.android.gms@11743470:65)
12-11 14:48:07.016  2733  4456 W GLSUser : 	at eyw.a(:com.google.android.gms@11743470:22)
12-11 14:48:07.016  2733  4456 W GLSUser : 	at eyu.a(:com.google.android.gms@11743470:4)
12-11 14:48:07.016  2733  4456 W GLSUser : 	at eyu.onTransact(:com.google.android.gms@11743470:4)
12-11 14:48:07.016  2733  4456 W GLSUser : 	at android.os.Binder.transact(Binder.java:387)
12-11 14:48:07.016  2733  4456 W GLSUser : 	at bvg.onTransact(:com.google.android.gms@11743470:3)
12-11 14:48:07.016  2733  4456 W GLSUser : 	at android.os.Binder.execTransact(Binder.java:453)
12-11 14:48:07.017  2733  4456 W GLSUser : [DeviceKeyStore] Cannot load key: Device key file not found.
12-11 14:48:07.019  2733  6196 W art     : Long monitor contention event with owner method=java.lang.String eyw.a(java.lang.String) from :com.google.android.gms@11743470:21 waiters=0 for 354ms
12-11 14:48:07.019  2733  6196 W GLSUser : [DeviceKeyStore] Cannot load key: Device key file not found.
12-11 14:48:07.020  2733  6196 W GLSUser : [DeviceKeyStore] Cannot load key: Device key file not found.
12-11 14:48:07.124  2733  2745 W GLSUser : [DeviceKeyStore] Cannot load key: Device key file not found.
12-11 14:48:07.124  2733  2745 W GLSUser : [DeviceKeyStore] Cannot load key: Device key file not found.
12-11 14:48:07.138  2733  6196 I GCoreUlr: Starting service, intent=Intent { act=com.google.android.location.reporting.ACTION_UPDATE_ACTIVE_STATE cmp=com.google.android.gms/com.google.android.location.reporting.service.DispatchingService (has extras) }, extras=Bundle[{source=sync_server_wins}]
12-11 14:48:07.145  2733  6196 I GCoreUlr: AutoEnableManager setIneligible for account#-19#
12-11 14:48:07.160  2733  2733 E BluetoothAdapter: Bluetooth binder is null
12-11 14:48:07.172  2733  5655 I GCoreUlr: DispatchingService.updateActiveState+sync_server_wins: Ensuring that reporting is stopped because of reasons: {account#-19#=[InactiveReason{mIdentifier=6, mName='ReportingNotEnabled'}, InactiveReason{mIdentifier=14, mName='HistoryNotEnabled'}]}
12-11 14:48:07.176  2733  5655 I GCoreUlr: Unbound from all location providers
12-11 14:48:07.176  2733  5655 I GCoreUlr: Place inference reporting - stop
12-11 14:48:07.187  2733  2733 I GCoreUlr: Stopping handler for UlrDispSvcFast
12-11 14:48:07.189  2733  2733 I GCoreUlr: Unbound from all location providers
12-11 14:48:07.189  2733  2733 I GCoreUlr: Place inference reporting - stop
12-11 14:48:07.207  2733  2745 W GLSUser : [DeviceKeyStore] Cannot load key: Device key file not found.
12-11 14:48:07.207  2733  2745 W GLSUser : [DeviceKeyStore] Cannot load key: Device key file not found.
12-11 14:48:07.316  2733  6202 E ReauthClient: Error deserializing reauth settings response.
12-11 14:48:07.316  2733  6202 E ReauthClient: org.json.JSONException: Value  of type java.lang.String cannot be converted to JSONObject
12-11 14:48:07.316  2733  6202 E ReauthClient: 	at org.json.JSON.typeMismatch(JSON.java:111)
12-11 14:48:07.316  2733  6202 E ReauthClient: 	at org.json.JSONObject.<init>(JSONObject.java:160)
12-11 14:48:07.316  2733  6202 E ReauthClient: 	at org.json.JSONObject.<init>(JSONObject.java:173)
12-11 14:48:07.316  2733  6202 E ReauthClient: 	at eea.a(:com.google.android.gms@11743470:21)
12-11 14:48:07.316  2733  6202 E ReauthClient: 	at edm.a(:com.google.android.gms@11743470:9)
12-11 14:48:07.316  2733  6202 E ReauthClient: 	at mlv.onPerformSync(:com.google.android.gms@11743470:5)
12-11 14:48:07.316  2733  6202 E ReauthClient: 	at android.content.AbstractThreadedSyncAdapter$SyncThread.run(AbstractThreadedSyncAdapter.java:272)
12-11 14:48:07.337  2749  6204 I RemindersSync: Found sync condition that we don't recognize, aborting. [T SyncAdapterThread-16:id=860:priority=5:group=main]
12-11 14:48:07.356  2749  6205 I GoogleURLConnFactory: Using platform SSLCertificateSocketFactory
12-11 14:48:07.403  1897  2134 I AccountManagerService: getTypesVisibleToCaller: isPermitted? true
12-11 14:48:07.404  1897  2132 I AccountManagerService: getTypesVisibleToCaller: isPermitted? true
12-11 14:48:07.404  1897  3626 I AccountManagerService: getTypesVisibleToCaller: isPermitted? true
12-11 14:48:07.426  1897  1909 I AccountManagerService: getTypesVisibleToCaller: isPermitted? true
12-11 14:48:07.429  2749  6207 V AccountUtils: 0 accounts found with uca feature
12-11 14:48:07.429  2749  6207 I GamesSyncAdapter: Starting sync for 99491965
12-11 14:48:07.431  1897  3883 I AccountManagerService: getTypesVisibleToCaller: isPermitted? true
12-11 14:48:07.453  1897  3883 I ActivityManager: Start proc 6208:com.google.android.play.games.ui/u0a46 for service com.google.android.play.games/com.google.android.gms.games.service.PlayGamesBridgeService
12-11 14:48:07.468  6208  6208 E art     : Failed to send JDWP packet APNM to debugger (-1 of 91): Broken pipe
12-11 14:48:07.468  6208  6214 I art     : Debugger is no longer active
12-11 14:48:07.475  6208  6208 W System  : ClassLoader referenced unknown path: /system/app/PlayGames/lib/x86
12-11 14:48:07.500  2749  6207 I GamesSyncAdapter: Sync duration for 99491965: 70
12-11 14:48:07.502  1897  2132 I AccountManagerService: getTypesVisibleToCaller: isPermitted? true
12-11 14:48:07.503  2749  6207 E PopupManager: No content view usable to display popups. Popups will not be displayed in response to this client's calls. Use setViewForPopups() to set your content view.
12-11 14:48:07.515  2749  4565 W GamesServiceBroker: Client connected with SDK 8487000, Services 11743470, and Games 37240070
12-11 14:48:07.524  1897  3883 I AccountManagerService: getTypesVisibleToCaller: isPermitted? true
12-11 14:48:07.537  1897  3883 I AccountManagerService: getTypesVisibleToCaller: isPermitted? true
12-11 14:48:07.544  2749  6228 V AccountUtils: 0 accounts found with uca feature
12-11 14:48:07.544  2749  6228 I GamesSyncAdapter: Starting sync for 99491965
12-11 14:48:07.544  1897  2133 I AccountManagerService: getTypesVisibleToCaller: isPermitted? true
12-11 14:48:07.545  2749  6228 I GamesSyncAdapter: Sync duration for 99491965: 1
12-11 14:48:07.547  1897  5952 I AccountManagerService: getTypesVisibleToCaller: isPermitted? true
12-11 14:48:07.547  2749  6228 E PopupManager: No content view usable to display popups. Popups will not be displayed in response to this client's calls. Use setViewForPopups() to set your content view.
12-11 14:48:07.550  2749  4564 W GamesServiceBroker: Client connected with SDK 8487000, Services 11743470, and Games 37240070
12-11 14:48:07.582  5852  5852 D MonkeyStub: translateCommand: tap 423 358
12-11 14:48:07.665  1897  3626 I ActivityManager: START u0 {act=android.intent.action.MAIN cmp=com.android.settings/.SubSettings (has extras)} from uid 1000 on display 0
12-11 14:48:07.717  4117  4117 D SubSettings: Launching fragment com.android.settings.accounts.AccountSyncSettings
12-11 14:48:07.719  1897  2044 I AccountManagerService: getTypesVisibleToCaller: isPermitted? true
12-11 14:48:07.725  1624  1933 D AudioFlinger: mixer(0xb4300000) throttle end: throttle time(11)
12-11 14:48:07.730  1897  2043 I AccountManagerService: getTypesVisibleToCaller: isPermitted? true
12-11 14:48:07.747  1897  2043 I AccountManagerService: getTypesVisibleToCaller: isPermitted? true
12-11 14:48:07.826  4117  4132 D EGL_emulation: eglMakeCurrent: 0xaa9dcec0: ver 2 0 (tinfo 0xaab04920)
12-11 14:48:07.828  4117  4132 D EGL_emulation: eglMakeCurrent: 0xaa9dcec0: ver 2 0 (tinfo 0xaab04920)
12-11 14:48:07.876  4117  4132 D EGL_emulation: eglMakeCurrent: 0xaa9dcec0: ver 2 0 (tinfo 0xaab04920)
12-11 14:48:07.895  4117  4132 D EGL_emulation: eglMakeCurrent: 0xaa9dcec0: ver 2 0 (tinfo 0xaab04920)
12-11 14:48:07.908  1897  1916 I ActivityManager: Displayed com.android.settings/.SubSettings: +222ms
12-11 14:48:07.931  4117  4132 D EGL_emulation: eglMakeCurrent: 0xaa9dcec0: ver 2 0 (tinfo 0xaab04920)
12-11 14:48:07.944  4117  4132 E Surface : getSlotFromBufferLocked: unknown buffer: 0xa113a4a0
12-11 14:48:07.948  4117  4132 D OpenGLRenderer: endAllStagingAnimators on 0xae842a80 (ListView) with handle 0xa11a65f0
12-11 14:48:08.590  5852  5852 D MonkeyStub: translateCommand: tap 1004 153
12-11 14:48:08.599  1897  1911 I ActivityManager: Start proc 6229:com.android.email/u0a30 for service com.android.email/.service.EmailBroadcastProcessorService
12-11 14:48:08.624  6229  6229 W System  : ClassLoader referenced unknown path: /system/app/Email/lib/x86
12-11 14:48:08.652  4117  4132 D EGL_emulation: eglMakeCurrent: 0xaa9dcec0: ver 2 0 (tinfo 0xaab04920)
12-11 14:48:08.657  1897  5253 I ActivityManager: Start proc 6244:com.android.exchange/u0a32 for service com.android.exchange/.service.EasService
12-11 14:48:08.664  4117  4132 D EGL_emulation: eglMakeCurrent: 0xaa9dcec0: ver 2 0 (tinfo 0xaab04920)
12-11 14:48:08.672  6244  6250 E art     : Failed sending reply to debugger: Broken pipe
12-11 14:48:08.672  6244  6250 I art     : Debugger is no longer active
12-11 14:48:08.675  4117  4132 D EGL_emulation: eglMakeCurrent: 0xaa9dcec0: ver 2 0 (tinfo 0xaab04920)
12-11 14:48:08.686  4117  4132 D EGL_emulation: eglMakeCurrent: 0xaa9dcec0: ver 2 0 (tinfo 0xaab04920)
12-11 14:48:08.697  4117  4132 D EGL_emulation: eglMakeCurrent: 0xaa9dcec0: ver 2 0 (tinfo 0xaab04920)
12-11 14:48:08.708  4117  4132 D EGL_emulation: eglMakeCurrent: 0xaa9dcec0: ver 2 0 (tinfo 0xaab04920)
12-11 14:48:08.713  6244  6244 W System  : ClassLoader referenced unknown path: /system/app/Exchange2/lib/x86
12-11 14:48:08.716  6229  6257 D ActivityThread: Loading provider com.android.email.provider;com.android.email.notifier: com.android.email.provider.EmailProvider
12-11 14:48:08.732  4117  4132 D EGL_emulation: eglMakeCurrent: 0xaa9dcec0: ver 2 0 (tinfo 0xaab04920)
12-11 14:48:08.748  1897  2133 I AccountManagerService: getTypesVisibleToCaller: isPermitted? true
12-11 14:48:08.749  1897  5952 I AccountManagerService: getTypesVisibleToCaller: isPermitted? true
12-11 14:48:08.765  6229  6264 I Email   : System accounts updated.
12-11 14:48:08.775  1897  3626 I AccountManagerService: getTypesVisibleToCaller: isPermitted? true
12-11 14:48:08.777  1897  2134 I AccountManagerService: getTypesVisibleToCaller: isPermitted? true
12-11 14:48:08.782  6244  6244 I Exchange: EasService.onCreate
12-11 14:48:08.785  1897  2044 W ActivityManager: Unable to start service Intent { cmp=com.android.email/.service.AttachmentService } U=0: not found
12-11 14:48:08.788  1897  1908 W ActivityManager: Unable to start service Intent { cmp=com.android.email/.service.AttachmentService } U=0: not found
12-11 14:48:08.791  6229  6265 I Email   : Observing account changes for notifications
12-11 14:48:08.799  6244  6267 I Exchange: RestartPingTask
12-11 14:48:08.809  6244  6244 I art     : System.exit called, status: -1
12-11 14:48:08.809  6244  6244 I AndroidRuntime: VM exiting with result code -1, cleanup skipped.
12-11 14:48:08.816  1897  5952 I AccountManagerService: getTypesVisibleToCaller: isPermitted? true
12-11 14:48:08.816  1897  2043 I AccountManagerService: getTypesVisibleToCaller: isPermitted? true
12-11 14:48:08.820  4117  4132 D EGL_emulation: eglMakeCurrent: 0xaa9dcec0: ver 2 0 (tinfo 0xaab04920)
12-11 14:48:08.827  1897  2133 E JavaBinder: !!! FAILED BINDER TRANSACTION !!!  (parcel size = 264)
12-11 14:48:08.828  1627  1627 I Zygote  : Process 6244 exited cleanly (255)
12-11 14:48:08.834  4117  4132 D EGL_emulation: eglMakeCurrent: 0xaa9dcec0: ver 2 0 (tinfo 0xaab04920)
12-11 14:48:08.834  1897  2043 I ActivityManager: Process com.android.exchange (pid 6244) has died
12-11 14:48:08.834  1897  2043 W ActivityManager: Scheduling restart of crashed service com.android.exchange/.service.EasService in 1000ms
12-11 14:48:08.835  1897  2043 W ActivityManager: Scheduling restart of crashed service com.android.exchange/.service.EmailSyncAdapterService in 11000ms
12-11 14:48:08.836  1897  2132 I AccountManagerService: getTypesVisibleToCaller: isPermitted? true
12-11 14:48:08.838  6229  6264 I NotifActionUtils: resendNotifications account: null, folder: null
12-11 14:48:08.846  6229  6263 E EmailServiceProxy: RemoteException thrown running mTask!
12-11 14:48:08.846  6229  6263 E EmailServiceProxy: android.os.DeadObjectException
12-11 14:48:08.846  6229  6263 E EmailServiceProxy: 	at android.os.BinderProxy.transactNative(Native Method)
12-11 14:48:08.846  6229  6263 E EmailServiceProxy: 	at android.os.BinderProxy.transact(Binder.java:503)
12-11 14:48:08.846  6229  6263 E EmailServiceProxy: 	at com.android.emailcommon.service.IEmailService$Stub$Proxy.setLogging(IEmailService.java:428)
12-11 14:48:08.846  6229  6263 E EmailServiceProxy: 	at com.android.emailcommon.service.EmailServiceProxy$5.run(EmailServiceProxy.java:228)
12-11 14:48:08.846  6229  6263 E EmailServiceProxy: 	at com.android.emailcommon.service.ServiceProxy$ProxyConnection$1.doInBackground(ServiceProxy.java:115)
12-11 14:48:08.846  6229  6263 E EmailServiceProxy: 	at com.android.emailcommon.service.ServiceProxy$ProxyConnection$1.doInBackground(ServiceProxy.java:113)
12-11 14:48:08.846  6229  6263 E EmailServiceProxy: 	at android.os.AsyncTask$2.call(AsyncTask.java:295)
12-11 14:48:08.846  6229  6263 E EmailServiceProxy: 	at java.util.concurrent.FutureTask.run(FutureTask.java:237)
12-11 14:48:08.846  6229  6263 E EmailServiceProxy: 	at android.os.AsyncTask$SerialExecutor$1.run(AsyncTask.java:234)
12-11 14:48:08.846  6229  6263 E EmailServiceProxy: 	at java.util.concurrent.ThreadPoolExecutor.runWorker(ThreadPoolExecutor.java:1113)
12-11 14:48:08.846  6229  6263 E EmailServiceProxy: 	at java.util.concurrent.ThreadPoolExecutor$Worker.run(ThreadPoolExecutor.java:588)
12-11 14:48:08.846  6229  6263 E EmailServiceProxy: 	at java.lang.Thread.run(Thread.java:818)
12-11 14:48:08.848  1897  5253 I AccountManagerService: getTypesVisibleToCaller: isPermitted? true
12-11 14:48:08.851  6229  6270 I NotifUtils: resendNotifications cancelExisting: false, account: null, folder: null
12-11 14:48:08.857  6229  6229 E ActivityThread: Service com.android.email.service.EmailBroadcastProcessorService has leaked ServiceConnection com.android.emailcommon.service.ServiceProxy$ProxyConnection@72e6669 that was originally bound here
12-11 14:48:08.857  6229  6229 E ActivityThread: android.app.ServiceConnectionLeaked: Service com.android.email.service.EmailBroadcastProcessorService has leaked ServiceConnection com.android.emailcommon.service.ServiceProxy$ProxyConnection@72e6669 that was originally bound here
12-11 14:48:08.857  6229  6229 E ActivityThread: 	at android.app.LoadedApk$ServiceDispatcher.<init>(LoadedApk.java:1092)
12-11 14:48:08.857  6229  6229 E ActivityThread: 	at android.app.LoadedApk.getServiceDispatcher(LoadedApk.java:986)
12-11 14:48:08.857  6229  6229 E ActivityThread: 	at android.app.ContextImpl.bindServiceCommon(ContextImpl.java:1303)
12-11 14:48:08.857  6229  6229 E ActivityThread: 	at android.app.ContextImpl.bindService(ContextImpl.java:1286)
12-11 14:48:08.857  6229  6229 E ActivityThread: 	at android.content.ContextWrapper.bindService(ContextWrapper.java:604)
12-11 14:48:08.857  6229  6229 E ActivityThread: 	at com.android.emailcommon.service.ServiceProxy.setTask(ServiceProxy.java:181)
12-11 14:48:08.857  6229  6229 E ActivityThread: 	at com.android.emailcommon.service.ServiceProxy.test(ServiceProxy.java:224)
12-11 14:48:08.857  6229  6229 E ActivityThread: 	at com.android.email.service.EmailServiceUtils.isServiceAvailable(EmailServiceUtils.java:160)
12-11 14:48:08.857  6229  6229 E ActivityThread: 	at com.android.email.provider.AccountReconciler.reconcileAccountsInternal(AccountReconciler.java:171)
12-11 14:48:08.857  6229  6229 E ActivityThread: 	at com.android.email.provider.AccountReconciler.reconcileAccounts(AccountReconciler.java:115)
12-11 14:48:08.857  6229  6229 E ActivityThread: 	at com.android.email.service.EmailBroadcastProcessorService.reconcileAndStartServices(EmailBroadcastProcessorService.java:305)
12-11 14:48:08.857  6229  6229 E ActivityThread: 	at com.android.email.service.EmailBroadcastProcessorService.onSystemAccountChanged(EmailBroadcastProcessorService.java:369)
12-11 14:48:08.857  6229  6229 E ActivityThread: 	at com.android.email.service.EmailBroadcastProcessorService.onHandleIntent(EmailBroadcastProcessorService.java:132)
12-11 14:48:08.857  6229  6229 E ActivityThread: 	at android.app.IntentService$ServiceHandler.handleMessage(IntentService.java:66)
12-11 14:48:08.857  6229  6229 E ActivityThread: 	at android.os.Handler.dispatchMessage(Handler.java:102)
12-11 14:48:08.857  6229  6229 E ActivityThread: 	at android.os.Looper.loop(Looper.java:148)
12-11 14:48:08.857  6229  6229 E ActivityThread: 	at android.os.HandlerThread.run(HandlerThread.java:61)
12-11 14:48:08.862  6229  6263 E EmailServiceProxy: RuntimeException when trying to unbind from service
12-11 14:48:08.862  6229  6263 E EmailServiceProxy: java.lang.IllegalArgumentException: Service not registered: com.android.emailcommon.service.ServiceProxy$ProxyConnection@72e6669
12-11 14:48:08.862  6229  6263 E EmailServiceProxy: 	at android.app.LoadedApk.forgetServiceDispatcher(LoadedApk.java:1044)
12-11 14:48:08.862  6229  6263 E EmailServiceProxy: 	at android.app.ContextImpl.unbindService(ContextImpl.java:1337)
12-11 14:48:08.862  6229  6263 E EmailServiceProxy: 	at android.content.ContextWrapper.unbindService(ContextWrapper.java:616)
12-11 14:48:08.862  6229  6263 E EmailServiceProxy: 	at com.android.emailcommon.service.ServiceProxy$ProxyConnection$1.doInBackground(ServiceProxy.java:124)
12-11 14:48:08.862  6229  6263 E EmailServiceProxy: 	at com.android.emailcommon.service.ServiceProxy$ProxyConnection$1.doInBackground(ServiceProxy.java:113)
12-11 14:48:08.862  6229  6263 E EmailServiceProxy: 	at android.os.AsyncTask$2.call(AsyncTask.java:295)
12-11 14:48:08.862  6229  6263 E EmailServiceProxy: 	at java.util.concurrent.FutureTask.run(FutureTask.java:237)
12-11 14:48:08.862  6229  6263 E EmailServiceProxy: 	at android.os.AsyncTask$SerialExecutor$1.run(AsyncTask.java:234)
12-11 14:48:08.862  6229  6263 E EmailServiceProxy: 	at java.util.concurrent.ThreadPoolExecutor.runWorker(ThreadPoolExecutor.java:1113)
12-11 14:48:08.862  6229  6263 E EmailServiceProxy: 	at java.util.concurrent.ThreadPoolExecutor$Worker.run(ThreadPoolExecutor.java:588)
12-11 14:48:08.862  6229  6263 E EmailServiceProxy: 	at java.lang.Thread.run(Thread.java:818)
12-11 14:48:08.885  1897  2134 I ActivityManager: Start proc 6271:com.android.exchange/u0a32 for service com.android.exchange/.service.EasService
12-11 14:48:08.912  6271  6271 W System  : ClassLoader referenced unknown path: /system/app/Exchange2/lib/x86
12-11 14:48:08.923  6271  6271 I Exchange: EasService.onCreate
12-11 14:48:08.930  6271  6286 I Exchange: RestartPingTask
12-11 14:48:08.936  6271  6271 I art     : System.exit called, status: -1
12-11 14:48:08.936  6271  6271 I AndroidRuntime: VM exiting with result code -1, cleanup skipped.
12-11 14:48:08.968  4117  4132 D EGL_emulation: eglMakeCurrent: 0xaa9dcec0: ver 2 0 (tinfo 0xaab04920)
12-11 14:48:08.988  1627  1627 I Zygote  : Process 6271 exited cleanly (255)
12-11 14:48:08.994  1897  3448 I ActivityManager: Process com.android.exchange (pid 6271) has died
12-11 14:48:08.995  1897  3448 W ActivityManager: Canceling start item Intent { act=com.android.email.EXCHANGE_INTENT pkg=com.android.exchange (has extras) } in service ComponentInfo{com.android.exchange/com.android.exchange.service.EasService}
12-11 14:48:08.995  1897  3448 W ActivityManager: Scheduling restart of crashed service com.android.exchange/.service.EasService in 1000ms
12-11 14:48:08.995  1897  3448 W ActivityManager: Scheduling restart of crashed service com.android.exchange/.service.EmailSyncAdapterService in 11000ms
12-11 14:48:09.595  5852  5852 D MonkeyStub: translateCommand: tap 707 301
12-11 14:48:09.618  4117  4132 D EGL_emulation: eglMakeCurrent: 0xaa9dcec0: ver 2 0 (tinfo 0xaab04920)
12-11 14:48:09.629  4117  4132 D EGL_emulation: eglMakeCurrent: 0xaa9dcec0: ver 2 0 (tinfo 0xaab04920)
12-11 14:48:09.636  4117  4132 D EGL_emulation: eglMakeCurrent: 0xaa9dcec0: ver 2 0 (tinfo 0xaab04920)
12-11 14:48:09.647  4117  4132 D EGL_emulation: eglMakeCurrent: 0xaa9dcec0: ver 2 0 (tinfo 0xaab04920)
12-11 14:48:09.654  4117  4132 D EGL_emulation: eglMakeCurrent: 0xaa9dcec0: ver 2 0 (tinfo 0xaab04920)
12-11 14:48:09.665  4117  4132 D EGL_emulation: eglMakeCurrent: 0xaa9dcec0: ver 2 0 (tinfo 0xaab04920)
12-11 14:48:09.671  4117  4132 D EGL_emulation: eglMakeCurrent: 0xaa9dcec0: ver 2 0 (tinfo 0xaab04920)
12-11 14:48:09.762  4117  4132 D EGL_emulation: eglMakeCurrent: 0xaa9dcec0: ver 2 0 (tinfo 0xaab04920)
12-11 14:48:09.764  4117  4132 D EGL_emulation: eglMakeCurrent: 0xaa9dcec0: ver 2 0 (tinfo 0xaab04920)
12-11 14:48:09.791  4117  4132 D EGL_emulation: eglMakeCurrent: 0xaa9dcec0: ver 2 0 (tinfo 0xaab04920)
12-11 14:48:09.807  4117  4132 D EGL_emulation: eglMakeCurrent: 0xaa9dcec0: ver 2 0 (tinfo 0xaab04920)
12-11 14:48:09.812  4117  4132 D EGL_emulation: eglMakeCurrent: 0xaa9dcec0: ver 2 0 (tinfo 0xaab04920)
12-11 14:48:09.825  4117  4132 D EGL_emulation: eglMakeCurrent: 0xaa9dcec0: ver 2 0 (tinfo 0xaab04920)
12-11 14:48:09.844  4117  4132 D EGL_emulation: eglMakeCurrent: 0xaa9dcec0: ver 2 0 (tinfo 0xaab04920)
12-11 14:48:09.852  4117  4132 D EGL_emulation: eglMakeCurrent: 0xaa9dcec0: ver 2 0 (tinfo 0xaab04920)
12-11 14:48:09.862  4117  4132 D EGL_emulation: eglMakeCurrent: 0xaa9dcec0: ver 2 0 (tinfo 0xaab04920)
12-11 14:48:09.875  4117  4132 D EGL_emulation: eglMakeCurrent: 0xaa9dcec0: ver 2 0 (tinfo 0xaab04920)
12-11 14:48:10.011  1897  1911 I ActivityManager: Start proc 6288:com.android.exchange/u0a32 for service com.android.exchange/.service.EasService
12-11 14:48:10.054  6288  6288 W System  : ClassLoader referenced unknown path: /system/app/Exchange2/lib/x86
12-11 14:48:10.069  6288  6288 I Exchange: EasService.onCreate
12-11 14:48:10.075  6288  6302 I Exchange: RestartPingTask
12-11 14:48:10.103  4117  4132 D EGL_emulation: eglMakeCurrent: 0xaa9dcec0: ver 2 0 (tinfo 0xaab04920)
12-11 14:48:10.105  4117  4132 E Surface : getSlotFromBufferLocked: unknown buffer: 0xa113a860
12-11 14:48:10.108  4117  4132 D OpenGLRenderer: endAllStagingAnimators on 0xa1112480 (ListPopupWindow$DropDownListView) with handle 0xa147c660
12-11 14:48:10.136  6288  6288 I Exchange: RestartPingsTask did not start any pings.
12-11 14:48:10.136  6288  6288 I Exchange: PSS stopIfIdle
12-11 14:48:10.136  6288  6288 I Exchange: PSS has no active accounts; stopping service.
12-11 14:48:10.600  5852  5852 D MonkeyStub: translateCommand: tap 716 1111
12-11 14:48:10.605  4117  4132 D EGL_emulation: eglMakeCurrent: 0xaa9dcec0: ver 2 0 (tinfo 0xaab04920)
12-11 14:48:10.620  4117  4132 D EGL_emulation: eglMakeCurrent: 0xaa9dcec0: ver 2 0 (tinfo 0xaab04920)
12-11 14:48:10.621  4117  4132 E Surface : getSlotFromBufferLocked: unknown buffer: 0xa113ae00
12-11 14:48:10.633  1897  2044 W InputMethodManagerService: Window already focused, ignoring focus gain of: com.android.internal.view.IInputMethodClient$Stub$Proxy@574d3df attribute=null, token = android.os.BinderProxy@d406107
12-11 14:48:10.633  1897  3448 I AccountManagerService: the accounts changed, sending broadcast of android.accounts.LOGIN_ACCOUNTS_CHANGED
12-11 14:48:10.637  1897  2684 I AccountManagerService: getTypesVisibleToCaller: isPermitted? true
12-11 14:48:10.641  1897  5253 I AccountManagerService: getTypesVisibleToCaller: isPermitted? false
12-11 14:48:10.641  1897  2133 I AccountManagerService: getTypesVisibleToCaller: isPermitted? true
12-11 14:48:10.641  1897  3626 I AccountManagerService: getTypesVisibleToCaller: isPermitted? true
12-11 14:48:10.642  1897  3883 I AccountManagerService: getTypesVisibleToCaller: isPermitted? true
12-11 14:48:10.642  1897  5539 I AccountManagerService: getTypesVisibleToCaller: isPermitted? true
12-11 14:48:10.644  4117  4132 D EGL_emulation: eglMakeCurrent: 0xaa9dcec0: ver 2 0 (tinfo 0xaab04920)
12-11 14:48:10.646  1897  2135 I AccountManagerService: getTypesVisibleToCaller: isPermitted? true
12-11 14:48:10.646  1897  1897 I AccountManagerService: getTypesVisibleToCaller: isPermitted? true
12-11 14:48:10.649  2733  2733 V Backup  : [GmsBackupTransport] accounts changed
12-11 14:48:10.649  1897  2043 I AccountManagerService: getTypesVisibleToCaller: isPermitted? true
12-11 14:48:10.649  1897  2134 I AccountManagerService: getTypesVisibleToCaller: isPermitted? true
12-11 14:48:10.649  2733  2733 W Backup  : [GmsBackupAccountManager] No google accounts found!
12-11 14:48:10.649  2733  2733 W Backup  : [GmsBackupAccountManager] Backup account was not valid.
12-11 14:48:10.653  2749  2749 I iu.SyncManager: account change detect - update database
12-11 14:48:10.657  1897  2131 I AccountManagerService: getTypesVisibleToCaller: isPermitted? true
12-11 14:48:10.661  2749  3285 I iu.SyncManager: SYNC; picasa accounts
12-11 14:48:10.663  1897  1909 W ActivityManager: Duplicate finish request for ActivityRecord{ff7d9ed u0 com.android.settings/.SubSettings t20 f}
12-11 14:48:10.664  1897  2133 I AccountManagerService: getTypesVisibleToCaller: isPermitted? false
12-11 14:48:10.665  2141  2161 I ContactsProvider: Accounts changed
12-11 14:48:10.676  1624  1933 D AudioFlinger: mixer(0xb4300000) throttle end: throttle time(7)
12-11 14:48:10.703  2749  6128 I Icing   : updateResources: need to parse uaz{com.google.android.gms}
12-11 14:48:10.707  2733  2733 V Backup  : [GmsBackupTransport] network is up
12-11 14:48:10.707  2733  2733 V Backup  : [GmsBackupTransport] no backup now: [OperationScheduler: enabledState=true moratoriumSet=2017-12-11/14:48:10 moratorium=1969-12-31/18:00:00]
12-11 14:48:10.728  1897  5539 I AccountManagerService: getTypesVisibleToCaller: isPermitted? true
12-11 14:48:10.730  1897  2132 I AccountManagerService: getTypesVisibleToCaller: isPermitted? true
12-11 14:48:10.732  1897  1909 I AccountManagerService: getTypesVisibleToCaller: isPermitted? true
12-11 14:48:10.734  2733  6305 I Auth    : [BroadcastManager] Broadcasting account change.
12-11 14:48:10.736  2733  6305 W WakefulBroadcastReceiv.: No active wake lock id #12
12-11 14:48:10.736  1897  2135 I AccountManagerService: getTypesVisibleToCaller: isPermitted? true
12-11 14:48:10.739  2141  2161 I ContactsProvider: Accounts changed
12-11 14:48:10.751  1897  3448 I AccountManagerService: getTypesVisibleToCaller: isPermitted? true
12-11 14:48:10.756  2733  5950 W GLSUser : [DeviceKeyStore] Cannot load key: Device key file not found.
12-11 14:48:10.757  2733  5950 W GLSUser : [DeviceKeyStore] Cannot load key: Device key file not found.
12-11 14:48:10.757  4117  4132 D EGL_emulation: eglMakeCurrent: 0xaa9dcec0: ver 2 0 (tinfo 0xaab04920)
12-11 14:48:10.759  1897  1908 I AccountManagerService: getTypesVisibleToCaller: isPermitted? true
12-11 14:48:10.765  2749  6176 I PmtsSwAccountIntentOp: Processing intent action=android.accounts.LOGIN_ACCOUNTS_CHANGED
12-11 14:48:10.765  2749  6176 I PmtsSwAccountIntentOp: Device isn't of sufficient API level
12-11 14:48:10.766  1897  2135 I AccountManagerService: getTypesVisibleToCaller: isPermitted? true
12-11 14:48:10.780  1897  2044 I AccountManagerService: getTypesVisibleToCaller: isPermitted? true
12-11 14:48:10.819  1897  2133 I AccountManagerService: getTypesVisibleToCaller: isPermitted? false
12-11 14:48:10.841  1897  2133 I AccountManagerService: getTypesVisibleToCaller: isPermitted? true
12-11 14:48:10.843  6288  6288 I Exchange: Accounts changed - requesting FolderSync for unsynced accounts
12-11 14:48:10.843  1897  5952 I AccountManagerService: getTypesVisibleToCaller: isPermitted? true
12-11 14:48:10.854  1897  3448 I AccountManagerService: getTypesVisibleToCaller: isPermitted? false
12-11 14:48:10.857  2475  6312 I NowOptInSettings: onAccountChanged() : null
12-11 14:48:10.871  6229  6315 I Email   : System accounts updated.
12-11 14:48:10.878  4117  4132 E Surface : getSlotFromBufferLocked: unknown buffer: 0xa1139960
12-11 14:48:10.884  1897  2133 I AccountManagerService: getTypesVisibleToCaller: isPermitted? true
12-11 14:48:10.890  1897  2135 I AccountManagerService: getTypesVisibleToCaller: isPermitted? true
12-11 14:48:10.908  1897  2684 I BroadcastQueue: Delay finish: com.google.android.apps.photos/com.google.android.libraries.social.account.refresh.receiver.AccountsChangedReceiver
12-11 14:48:10.924  1897  2132 I BroadcastQueue: Resuming delayed broadcast
12-11 14:48:10.929  6229  6315 I NotifActionUtils: resendNotifications account: null, folder: null
12-11 14:48:10.942  6229  6323 I NotifUtils: resendNotifications cancelExisting: false, account: null, folder: null
12-11 14:48:10.957  1897  2135 I AccountManagerService: getTypesVisibleToCaller: isPermitted? true
12-11 14:48:10.999  2733  6310 I Authzen : [AccountChangeProcessingIntentOperation] Received onHandleIntent() call: Intent { act=com.google.android.gms.auth.GOOGLE_ACCOUNT_CHANGE cat=[com.google.android.gms.auth.category.ACCOUNT_REMOVED] flg=0x10 cmp=com.google.android.gms/.chimera.GmsIntentOperationService$PersistentInternalReceiver (has extras) }
12-11 14:48:10.999  2733  6310 I Authzen : [AccountChangeProcessingIntentOperation] Handling account removal event.
12-11 14:48:11.001  2733  6310 I Authzen : [PermitStore] Removing permit with permitId: <ELLIDED:1781316020>...
12-11 14:48:11.005  1897  5253 I AccountManagerService: getTypesVisibleToCaller: isPermitted? true
12-11 14:48:11.011  2733  6168 I GCoreUlr: Starting service, intent=Intent { act=com.google.android.location.reporting.ACTION_UPDATE_WORLD cmp=com.google.android.gms/com.google.android.location.reporting.service.DispatchingService (has extras) }, extras=Bundle[{receiverAction=com.google.android.gms.auth.GOOGLE_ACCOUNT_CHANGE}]
12-11 14:48:11.027  1897  5539 I AccountManagerService: getTypesVisibleToCaller: isPermitted? true
12-11 14:48:11.055  2733  2733 E BluetoothAdapter: Bluetooth binder is null
12-11 14:48:11.071  2749  2918 I EventLogChimeraService: Accumulating logs since 1513025286495
12-11 14:48:11.079  2475  5956 W Search.SearchUrlHelper: Auth token not ready, no auth header set.
12-11 14:48:11.085  2733  2733 E BluetoothAdapter: Bluetooth binder is null
12-11 14:48:11.091  1897  5253 I AccountManagerService: getTypesVisibleToCaller: isPermitted? true
12-11 14:48:11.101  1897  2134 I AccountManagerService: getTypesVisibleToCaller: isPermitted? true
12-11 14:48:11.111  2749  6174 I Auth    : [FRP,FrpUpdateIntentOperation] Frp is not supported for this device / user
12-11 14:48:11.118  2749  6309 I Ads     : Accounts have changed: com.google.android.gms.auth.GOOGLE_ACCOUNT_CHANGE
12-11 14:48:11.119  1897  1909 I AccountManagerService: getTypesVisibleToCaller: isPermitted? true
12-11 14:48:11.119  1897  1908 I AccountManagerService: getTypesVisibleToCaller: isPermitted? true
12-11 14:48:11.124  4117  4117 I art     : Starting a blocking GC Explicit
12-11 14:48:11.143  1897  1909 I AccountManagerService: getTypesVisibleToCaller: isPermitted? true
12-11 14:48:11.148  1897  3626 I AccountManagerService: getTypesVisibleToCaller: isPermitted? true
12-11 14:48:11.151  4117  4117 I art     : Explicit concurrent mark sweep GC freed 5640(365KB) AllocSpace objects, 0(0B) LOS objects, 27% free, 10MB/14MB, paused 174us total 25.712ms
12-11 14:48:11.153  2749  5989 I ContentMaintenance: Pruning caches...
12-11 14:48:11.155  2749  5989 I ContentMaintenance: Internal cache bytes used: 0; limit: 100000000; download size: 0
12-11 14:48:11.166  4117  4117 I art     : Starting a blocking GC Explicit
12-11 14:48:11.172  4117  4117 I art     : Explicit concurrent mark sweep GC freed 7233(459KB) AllocSpace objects, 2(168KB) LOS objects, 28% free, 9MB/13MB, paused 73us total 6.524ms
12-11 14:48:11.172  4117  4117 I art     : Starting a blocking GC Explicit
12-11 14:48:11.179  2749  6340 I MS_RegisterService: RegisterService intent:Intent { act=com.google.android.gms.matchstick.register_intent_google_account_change cat=[targeted_intent_op_prefix:com.google.android.libraries.matchstick.net.SilentRegisterIntentOperation] cmp=com.google.android.gms/.chimera.GmsIntentOperationService } isPeriodic:false
12-11 14:48:11.183  4117  4117 I art     : Explicit concurrent mark sweep GC freed 3(96B) AllocSpace objects, 0(0B) LOS objects, 28% free, 9MB/13MB, paused 99us total 11.021ms
12-11 14:48:11.191  3495  6343 I MagicTether: [HostValidator] InvalidHost. MobileData: true, Tethering: false, whitelist: false, ble: false
12-11 14:48:11.192  1897  1909 I AccountManagerService: getTypesVisibleToCaller: isPermitted? true
12-11 14:48:11.195  1897  2135 I AccountManagerService: getTypesVisibleToCaller: isPermitted? true
12-11 14:48:11.207  2749  6340 I MS_PhoneUtils: Phone type: 1
12-11 14:48:11.207  2141  2161 D ContactDirectoryManager: Found com.android.exchange.directory.provider
12-11 14:48:11.223  2749  2916 I Authzen : [PermitStore] Getting all permits...
12-11 14:48:11.223  2749  6340 I MS_RegisterService: Doing full registration.
12-11 14:48:11.242  2749  2918 I ProcessCheckinRequest: Get token from PseudonymousIdApi: 119=BCSLC-87DHtG3GHD7x8LFDGFIGUPeRMb-8lCDL_7ivVOnXzqUvVGTRV-EAswmUBeMw3diCp0GEXKZwPIGPbyLx1_pNRgWsRbIiEbFB87Pz7_DCnzsz4okx_vhsSIkxNO
12-11 14:48:11.242  2749  2918 I CheckinRequestBuilder: Checkin reason type: 4 attempt count: 1
12-11 14:48:11.243  1897  2131 I AccountManagerService: getTypesVisibleToCaller: isPermitted? true
12-11 14:48:11.243  1897  1908 I AccountManagerService: getTypesVisibleToCaller: isPermitted? true
12-11 14:48:11.245  2749  2918 E ActivityThread: Failed to find provider info for com.google.android.wearable.settings
12-11 14:48:11.259  2733  6337 I MagicTether: [HostValidator] InvalidHost. MobileData: true, Tethering: false, whitelist: false, ble: false
12-11 14:48:11.263  2733  6336 I GCoreUlr: WorldUpdater received intent Intent { act=com.google.android.location.reporting.ACTION_UPDATE_WORLD cmp=com.google.android.gms/com.google.android.location.reporting.service.DispatchingService (has extras) } with receiverAction com.google.android.gms.auth.GOOGLE_ACCOUNT_CHANGE
12-11 14:48:11.265  1897  2134 I AccountManagerService: getTypesVisibleToCaller: isPermitted? true
12-11 14:48:11.268  2141  2161 I ContactDirectoryManager: deleted 0 stale rows which don't have any relevant directory
12-11 14:48:11.271  2733  6336 I GCoreUlr: Dropping 11 UserPref keys; []
12-11 14:48:11.291  2141  2161 I ContactDirectoryManager: Discovered 0 contact directories in 349ms
12-11 14:48:11.293  2475  5956 W Search.OAuthCookieFetch: Failed to retrieve OAuth token and / or GAIA ID
12-11 14:48:11.294  2475  5956 W RefreshDomainCookieTask: OAuth cookie refresh failed. Falling back to WebView.
12-11 14:48:11.294  2475  5956 W Search.LoginHelper: blockingGetGaiaWebLoginLink: account null, returning.
12-11 14:48:11.342  2733  6336 I GCoreUlr: Starting service, intent=Intent { act=com.google.android.location.reporting.ACTION_UPDATE_ACTIVE_STATE cmp=com.google.android.gms/com.google.android.location.reporting.service.DispatchingService (has extras) }, extras=Bundle[{source=restrictTo}]
12-11 14:48:11.388  1897  2135 I AccountManagerService: getTypesVisibleToCaller: isPermitted? true
12-11 14:48:11.390  1897  1909 I AccountManagerService: getTypesVisibleToCaller: isPermitted? true
12-11 14:48:11.392  2749  5989 I ContentMaintenance: Cache pruning complete.
12-11 14:48:11.404  2733  6336 I GCoreUlr: WorldUpdater:com.google.android.gms.auth.GOOGLE_ACCOUNT_CHANGE: Ensuring that reporting is stopped because of reasons: (no Google accounts)
12-11 14:48:11.443  2733  5950 W GLSUser : [DeviceKeyStore] Cannot load key: Device key file not found.
12-11 14:48:11.443  2733  5950 W GLSUser : [DeviceKeyStore] Cannot load key: Device key file not found.
12-11 14:48:11.448  2749  5989 I ContentMaintenance: Beginning garbage collection.
12-11 14:48:11.456  2733  6336 I GCoreUlr: Unbound from all location providers
12-11 14:48:11.456  2733  6336 I GCoreUlr: Place inference reporting - stop
