12-11 14:46:57.980  1897  2133 I AccountManagerService: getTypesVisibleToCaller: isPermitted? true
12-11 14:46:58.012  2733  5950 W Conscrypt: Could not set socket write timeout:
12-11 14:46:58.013  2733  5950 W Conscrypt:    java.lang.reflect.Method.invoke(Native Method)
12-11 14:46:58.013  2733  5950 W Conscrypt:    com.google.android.gms.org.conscrypt.Platform.setSocketWriteTimeout(:com.google.android.gms@11743470:13)
12-11 14:46:58.043  1897  5253 I AccountManagerService: getTypesVisibleToCaller: isPermitted? true
12-11 14:46:58.045  2733  5950 W Conscrypt: Could not set socket write timeout:
12-11 14:46:58.046  2733  5950 W Conscrypt:    java.lang.reflect.Method.invoke(Native Method)
12-11 14:46:58.046  2733  5950 W Conscrypt:    com.google.android.gms.org.conscrypt.Platform.setSocketWriteTimeout(:com.google.android.gms@11743470:13)
12-11 14:46:58.051  1897  2044 I AccountManagerService: getTypesVisibleToCaller: isPermitted? true
12-11 14:46:58.064  2733  5930 I Authzen : [Enroller] Starting authzen enrollment
12-11 14:46:58.070  2733  2746 V Backup  : [GmsBackupTransport] network is up
12-11 14:46:58.071  2733  2746 V Backup  : [GmsBackupTransport] no backup now: [OperationScheduler: enabledState=true moratoriumSet=2017-12-11/14:46:56 moratorium=1969-12-31/18:00:00]
12-11 14:46:58.102  2749  5938 I MS_PhoneUtils: Phone type: 1
12-11 14:46:58.103  2733  5930 W GLSUser : [DeviceKeyStore] Cannot load key: Device key file not found.
12-11 14:46:58.105  2749  3040 I ProcessCheckinRequest: Get token from PseudonymousIdApi: 119=BCSLC-87DHtG3GHD7x8LFDGFIGUPeRMb-8lCDL_7ivVOnXzqUvVGTRV-EAswmUBeMw3diCp0GEXKZwPIGPbyLx1_pNRgWsRbIiEbFB87Pz7_DCnzsz4okx_vhsSIkxNO
12-11 14:46:58.111  2749  3040 I CheckinRequestBuilder: Checkin reason type: 4 attempt count: 1
12-11 14:46:58.133  1897  5539 I AccountManagerService: getTypesVisibleToCaller: isPermitted? true
12-11 14:46:58.160  1897  5539 I AccountManagerService: getTypesVisibleToCaller: isPermitted? true
12-11 14:46:58.165  1897  1909 I AccountManagerService: getTypesVisibleToCaller: isPermitted? true
12-11 14:46:58.182  2749  3040 E ActivityThread: Failed to find provider info for com.google.android.wearable.settings
12-11 14:46:58.182  3495  4013 I Auth    : [AddAccountTask] Added account successfully.
12-11 14:46:58.215  3495  3495 I Auth    : [AddAccountTask] Delivering result.
12-11 14:46:58.215  3495  3495 I Auth    : [AddAccountLoader] Got result: ghm@dd2f836
12-11 14:46:58.218  1897  2684 I AccountManagerService: getTypesVisibleToCaller: isPermitted? true
12-11 14:46:58.219  1897  2043 I AccountManagerService: getTypesVisibleToCaller: isPermitted? true
12-11 14:46:58.219  1897  2132 I AccountManagerService: getTypesVisibleToCaller: isPermitted? true
12-11 14:46:58.220  1897  3626 I ActivityManager: START u0 {flg=0x2000000 cmp=com.google.android.gms/.auth.uiflows.addaccount.GoogleServicesActivity (has extras)} from uid 10008 on display 0
12-11 14:46:58.266  1897  2043 I AccountManagerService: getTypesVisibleToCaller: isPermitted? true
12-11 14:46:58.267  1897  2132 I AccountManagerService: getTypesVisibleToCaller: isPermitted? true
12-11 14:46:58.267  1897  3448 I AccountManagerService: getTypesVisibleToCaller: isPermitted? true
12-11 14:46:58.268  1897  3883 I AccountManagerService: getTypesVisibleToCaller: isPermitted? true
12-11 14:46:58.269  1897  5952 I AccountManagerService: getTypesVisibleToCaller: isPermitted? true
12-11 14:46:58.269  1897  2135 I AccountManagerService: getTypesVisibleToCaller: isPermitted? true
12-11 14:46:58.287  2749  5938 I MS_RegisterService: Doing full registration.
12-11 14:46:58.292  2184  2184 D PhoneStatusBar: disable: < expand icons alerts system_info back* home recent clock search quick_settings >
12-11 14:46:58.323  3495  4011 D EGL_emulation: eglMakeCurrent: 0xaa9c7aa0: ver 2 0 (tinfo 0xaab04ff0)
12-11 14:46:58.360  3495  4011 D EGL_emulation: eglMakeCurrent: 0xaa9c7aa0: ver 2 0 (tinfo 0xaab04ff0)
12-11 14:46:58.372  2749  5945 W Conscrypt: Could not set socket write timeout:
12-11 14:46:58.372  2749  5945 W Conscrypt:    java.lang.reflect.Method.invoke(Native Method)
12-11 14:46:58.373  2749  5945 W Conscrypt:    com.google.android.gms.org.conscrypt.Platform.setSocketWriteTimeout(:com.google.android.gms@11743470:13)
12-11 14:46:58.382  3495  4011 D EGL_emulation: eglMakeCurrent: 0xaa9c7aa0: ver 2 0 (tinfo 0xaab04ff0)
12-11 14:46:58.411  1897  3626 I AccountManagerService: getTypesVisibleToCaller: isPermitted? true
12-11 14:46:58.429  1897  1916 I ActivityManager: Displayed com.google.android.gms/.auth.uiflows.addaccount.GoogleServicesActivity: +199ms
12-11 14:46:58.433  3495  4011 D EGL_emulation: eglMakeCurrent: 0xaa9c7aa0: ver 2 0 (tinfo 0xaab04ff0)
12-11 14:46:58.450  3495  4011 D EGL_emulation: eglMakeCurrent: 0xaa9c7aa0: ver 2 0 (tinfo 0xaab04ff0)
12-11 14:46:58.452  2733  5976 I Auth    : [AccountStateSyncAdapter] performSync(account=<ELLIDED:-1951064893>)
12-11 14:46:58.459  2749  5945 W Conscrypt: Could not set socket write timeout:
12-11 14:46:58.459  2749  5945 W Conscrypt:    java.lang.reflect.Method.invoke(Native Method)
12-11 14:46:58.459  2749  5945 W Conscrypt:    com.google.android.gms.org.conscrypt.Platform.setSocketWriteTimeout(:com.google.android.gms@11743470:13)
12-11 14:46:58.468  3495  4011 E Surface : getSlotFromBufferLocked: unknown buffer: 0x9463a540
12-11 14:46:58.475  2733  4457 V Backup  : [GmsBackupTransport] network is up
12-11 14:46:58.475  2733  4457 V Backup  : [GmsBackupTransport] no backup now: [OperationScheduler: enabledState=true moratoriumSet=2017-12-11/14:46:56 moratorium=1969-12-31/18:00:00]
12-11 14:46:58.523  2733  5656 I GCoreUlr: WorldUpdater received intent Intent { act=com.google.android.location.reporting.ACTION_UPDATE_WORLD cmp=com.google.android.gms/com.google.android.location.reporting.service.DispatchingService (has extras) } with receiverAction com.google.android.gms.auth.GOOGLE_ACCOUNT_CHANGE
12-11 14:46:58.541  3463  3463 W Binder_1: type=1400 audit(0.0:91): avc: denied { read } for name="/" dev="tmpfs" ino=3916 scontext=u:r:untrusted_app:s0:c512,c768 tcontext=u:object_r:device:s0 tclass=dir permissive=0
12-11 14:46:58.562  3452  3463 D EGL_emulation: eglCreateContext: 0xaa9c7ec0: maj 2 min 0 rcv 2
12-11 14:46:58.569  3452  3463 D EGL_emulation: eglMakeCurrent: 0xaa9c7ec0: ver 2 0 (tinfo 0xae8618b0)
12-11 14:46:58.590  2733  2929 V Backup  : [GmsBackupTransport] network is up
12-11 14:46:58.590  2733  2929 V Backup  : [GmsBackupTransport] no backup now: [OperationScheduler: enabledState=true moratoriumSet=2017-12-11/14:46:56 moratorium=1969-12-31/18:00:00]
12-11 14:46:58.627  2733  5655 W art     : Long monitor contention event with owner method=void tdc.a(tdj, taz) from :com.google.android.gms@11743470:105 waiters=0 for 456ms
12-11 14:46:58.634  2733  2747 V Backup  : [GmsBackupTransport] network is up
12-11 14:46:58.635  2733  2747 V Backup  : [GmsBackupTransport] no backup now: [OperationScheduler: enabledState=true moratoriumSet=2017-12-11/14:46:56 moratorium=1969-12-31/18:00:00]
12-11 14:46:58.637  2733  2747 V Backup  : [GmsBackupTransport] network is up
12-11 14:46:58.638  2733  2747 V Backup  : [GmsBackupTransport] no backup now: [OperationScheduler: enabledState=true moratoriumSet=2017-12-11/14:46:56 moratorium=1969-12-31/18:00:00]
12-11 14:46:58.664  3452  3463 D EGL_emulation: eglCreateContext: 0xaa9c7800: maj 2 min 0 rcv 2
12-11 14:46:58.665  3452  3463 D EGL_emulation: eglMakeCurrent: 0xaa9c7800: ver 2 0 (tinfo 0xae8618b0)
12-11 14:46:58.685  2733  4457 V Backup  : [GmsBackupTransport] network is up
12-11 14:46:58.685  2733  4457 V Backup  : [GmsBackupTransport] no backup now: [OperationScheduler: enabledState=true moratoriumSet=2017-12-11/14:46:56 moratorium=1969-12-31/18:00:00]
12-11 14:46:58.699  2733  4457 V Backup  : [GmsBackupTransport] network is up
12-11 14:46:58.699  2733  4457 V Backup  : [GmsBackupTransport] no backup now: [OperationScheduler: enabledState=true moratoriumSet=2017-12-11/14:46:56 moratorium=1969-12-31/18:00:00]
12-11 14:46:58.731  3463  3463 W Binder_1: type=1400 audit(0.0:92): avc: denied { search } for name="1627" dev="proc" ino=5831 scontext=u:r:untrusted_app:s0:c512,c768 tcontext=u:r:zygote:s0 tclass=dir permissive=0
12-11 14:46:58.817  2733  4456 V Backup  : [GmsBackupTransport] network is up
12-11 14:46:58.817  2733  4456 V Backup  : [GmsBackupTransport] no backup now: [OperationScheduler: enabledState=true moratoriumSet=2017-12-11/14:46:56 moratorium=1969-12-31/18:00:00]
12-11 14:46:58.822  1897  3626 I AccountManagerService: getTypesVisibleToCaller: isPermitted? true
12-11 14:46:58.851  2733  2747 V Backup  : [GmsBackupTransport] network is up
12-11 14:46:58.851  2733  2747 V Backup  : [GmsBackupTransport] no backup now: [OperationScheduler: enabledState=true moratoriumSet=2017-12-11/14:46:56 moratorium=1969-12-31/18:00:00]
12-11 14:46:58.866  1897  5539 I AccountManagerService: getTypesVisibleToCaller: isPermitted? true
12-11 14:46:58.872  1234  1234 W SurfaceFlinger: couldn't log to binary event log: overflow.
12-11 14:46:58.888  2733  2746 V Backup  : [GmsBackupTransport] network is up
12-11 14:46:58.888  2733  2746 V Backup  : [GmsBackupTransport] no backup now: [OperationScheduler: enabledState=true moratoriumSet=2017-12-11/14:46:56 moratorium=1969-12-31/18:00:00]
12-11 14:46:58.980  2749  5675 W Icing   : isOptedInForAppHistory: empty Account Name encountered
12-11 14:46:59.008  2733  5930 W GLSUser : [AppCertManager] IOException while requesting key: 
12-11 14:46:59.008  2733  5930 W GLSUser : java.io.IOException: Invalid device key response.
12-11 14:46:59.008  2733  5930 W GLSUser : 	at eyw.a(:com.google.android.gms@11743470:14)
12-11 14:46:59.008  2733  5930 W GLSUser : 	at eyw.a(:com.google.android.gms@11743470:65)
12-11 14:46:59.008  2733  5930 W GLSUser : 	at eyw.a(:com.google.android.gms@11743470:22)
12-11 14:46:59.008  2733  5930 W GLSUser : 	at eyu.a(:com.google.android.gms@11743470:4)
12-11 14:46:59.008  2733  5930 W GLSUser : 	at eyr.a(:com.google.android.gms@11743470:2)
12-11 14:46:59.008  2733  5930 W GLSUser : 	at eyp.a(:com.google.android.gms@11743470:10)
12-11 14:46:59.008  2733  5930 W GLSUser : 	at eyp.a(:com.google.android.gms@11743470:24)
12-11 14:46:59.008  2733  5930 W GLSUser : 	at mgf.d(:com.google.android.gms@11743470:3)
12-11 14:46:59.008  2733  5930 W GLSUser : 	at mgr.b(:com.google.android.gms@11743470:1)
12-11 14:46:59.008  2733  5930 W GLSUser : 	at mgr.a(:com.google.android.gms@11743470:10)
12-11 14:46:59.008  2733  5930 W GLSUser : 	at mgr.a(:com.google.android.gms@11743470:9)
12-11 14:46:59.008  2733  5930 W GLSUser : 	at fff.a(:com.google.android.gms@11743470:28)
12-11 14:46:59.008  2733  5930 W GLSUser : 	at ffi.a(:com.google.android.gms@11743470:25)
12-11 14:46:59.008  2733  5930 W GLSUser : 	at ffi.a(:com.google.android.gms@11743470:159)
12-11 14:46:59.008  2733  5930 W GLSUser : 	at fau.a(:com.google.android.gms@11743470:72)
12-11 14:46:59.008  2733  5930 W GLSUser : 	at fau.a(:com.google.android.gms@11743470:31)
12-11 14:46:59.008  2733  5930 W GLSUser : 	at fau.a(:com.google.android.gms@11743470:27)
12-11 14:46:59.008  2733  5930 W GLSUser : 	at com.google.android.gms.auth.authzen.cryptauth.AccountChangeProcessingIntentOperation.onHandleIntent(:com.google.android.gms@11743470:1)
12-11 14:46:59.008  2733  5930 W GLSUser : 	at com.google.android.chimera.IntentOperation.onHandleIntent(:com.google.android.gms@11743470:2)
12-11 14:46:59.008  2733  5930 W GLSUser : 	at bwo.run(:com.google.android.gms@11743470:10)
12-11 14:46:59.008  2733  5930 W GLSUser : 	at bwl.run(:com.google.android.gms@11743470:14)
12-11 14:46:59.008  2733  5930 W GLSUser : 	at java.util.concurrent.ThreadPoolExecutor.runWorker(ThreadPoolExecutor.java:1113)
12-11 14:46:59.008  2733  5930 W GLSUser : 	at java.util.concurrent.ThreadPoolExecutor$Worker.run(ThreadPoolExecutor.java:588)
12-11 14:46:59.008  2733  5930 W GLSUser : 	at java.lang.Thread.run(Thread.java:818)
12-11 14:46:59.008  2733  5930 W GLSUser : [DeviceKeyStore] Cannot load key: Device key file not found.
12-11 14:46:59.079  1897  5539 I AccountManagerService: getTypesVisibleToCaller: isPermitted? true
12-11 14:46:59.091  2733  5656 I GCoreUlr: WorldUpdater:com.google.android.gms.auth.GOOGLE_ACCOUNT_CHANGE: Ensuring that reporting is stopped because of reasons: {account#-19#=[InactiveReason{mIdentifier=6, mName='ReportingNotEnabled'}, InactiveReason{mIdentifier=14, mName='HistoryNotEnabled'}]}
12-11 14:46:59.092  1897  1909 I AccountManagerService: getTypesVisibleToCaller: isPermitted? true
12-11 14:46:59.093  1897  2132 I AccountManagerService: getTypesVisibleToCaller: isPermitted? true
12-11 14:46:59.102  3452  3463 D EGL_emulation: eglCreateContext: 0xaa9c81c0: maj 2 min 0 rcv 2
12-11 14:46:59.104  3452  3463 D EGL_emulation: eglMakeCurrent: 0xaa9c81c0: ver 2 0 (tinfo 0xae8618b0)
12-11 14:46:59.111  2733  2929 W GLSUser : [DeviceKeyStore] Cannot load key: Device key file not found.
12-11 14:46:59.111  2733  2929 W GLSUser : [DeviceKeyStore] Cannot load key: Device key file not found.
12-11 14:46:59.125  2749  5675 I Icing   : Performing maintenance usage 1644541 budget 941155326 free 99.825% index free 99.989% purge? false target 658808728
12-11 14:46:59.129  2733  5656 I GCoreUlr: Unbound from all location providers
12-11 14:46:59.129  2733  5656 I GCoreUlr: Place inference reporting - stop
12-11 14:46:59.151  2733  3247 W art     : Long monitor contention event with owner method=void tdc.a(tbn, boolean) from :com.google.android.gms@11743470:98 waiters=0 for 112ms
12-11 14:46:59.159  3452  3463 D EGL_emulation: eglCreateContext: 0xaa9c8580: maj 2 min 0 rcv 2
12-11 14:46:59.161  3452  3463 D EGL_emulation: eglMakeCurrent: 0xaa9c8580: ver 2 0 (tinfo 0xae8618b0)
12-11 14:46:59.166  1897  1908 I AccountManagerService: getTypesVisibleToCaller: isPermitted? true
12-11 14:46:59.198  2733  2733 I GCoreUlr: Stopping handler for UlrDispSvcFast
12-11 14:46:59.200  2733  2733 I GCoreUlr: Unbound from all location providers
12-11 14:46:59.200  2733  2733 I GCoreUlr: Place inference reporting - stop
12-11 14:46:59.207  2733  5976 I Auth    : [AccountStateSyncAdapter] Skipping rename because the lookup contains the same email.
12-11 14:46:59.222  2749  5675 I IcingInternalCorpora: Scheduling FileGroupUpdate internal method
12-11 14:46:59.223  2749  4729 I IcingInternalCorpora: FileGroupUpdate internal method executing
12-11 14:46:59.221  3463  3463 W Binder_1: type=1400 audit(0.0:93): avc: denied { read } for name="/" dev="tmpfs" ino=3916 scontext=u:r:untrusted_app:s0:c512,c768 tcontext=u:object_r:device:s0 tclass=dir permissive=0
12-11 14:46:59.240  2749  2891 W Conscrypt: Could not set socket write timeout:
12-11 14:46:59.240  2749  2891 W Conscrypt:    java.lang.reflect.Method.invoke(Native Method)
12-11 14:46:59.240  2749  2891 W Conscrypt:    com.google.android.gms.org.conscrypt.Platform.setSocketWriteTimeout(:com.google.android.gms@11743470:13)
12-11 14:46:59.264  2749  2916 I Icing   : IndexChimeraService.getServiceInterface callingPackage=com.google.android.gms componentName=Suggest2GCorpus serviceId=36
12-11 14:46:59.264  2749  2918 I Icing   : IndexChimeraService.getServiceInterface callingPackage=com.google.android.gms componentName=Suggest2GCorpus serviceId=32
12-11 14:46:59.281  2733  5655 W art     : Long monitor contention event with owner method=void tdc.a(tdj, taz) from :com.google.android.gms@11743470:105 waiters=0 for 116ms
12-11 14:46:59.251  3463  3463 W Binder_1: type=1400 audit(0.0:94): avc: denied { search } for name="1627" dev="proc" ino=5831 scontext=u:r:untrusted_app:s0:c512,c768 tcontext=u:r:zygote:s0 tclass=dir permissive=0
12-11 14:46:59.289  2733  5930 I Authzen : [Enroller] Enrollment phase1 complete.
12-11 14:46:59.291  2733  5930 I Authzen : [SqliteKeyStorage] Adding new credential
12-11 14:46:59.301  1897  5253 I AccountManagerService: getTypesVisibleToCaller: isPermitted? true
12-11 14:46:59.310  2733  2747 V Backup  : [GmsBackupTransport] network is up
12-11 14:46:59.311  2733  2747 V Backup  : [GmsBackupTransport] no backup now: [OperationScheduler: enabledState=true moratoriumSet=2017-12-11/14:46:56 moratorium=1969-12-31/18:00:00]
12-11 14:46:59.318  2749  3040 I CheckinUtil: Classify the device as Phone.
12-11 14:46:59.321  2733  5930 I Authzen : [Enroller] Successfully generated encryption key.
12-11 14:46:59.323  2733  2929 V Backup  : [GmsBackupTransport] network is up
12-11 14:46:59.323  2733  2929 V Backup  : [GmsBackupTransport] no backup now: [OperationScheduler: enabledState=true moratoriumSet=2017-12-11/14:46:56 moratorium=1969-12-31/18:00:00]
12-11 14:46:59.332  2733  5930 E BluetoothAdapter: Bluetooth binder is null
12-11 14:46:59.333  2733  5930 E BluetoothAdapter: Bluetooth binder is null
12-11 14:46:59.339  2733  5930 W GLSUser : [DeviceKeyStore] Cannot load key: Device key file not found.
12-11 14:46:59.339  2733  5930 W GLSUser : [DeviceKeyStore] Cannot load key: Device key file not found.
12-11 14:46:59.370  2749  2891 W Conscrypt: Could not set socket write timeout:
12-11 14:46:59.370  2749  2891 W Conscrypt:    java.lang.reflect.Method.invoke(Native Method)
12-11 14:46:59.370  2749  2891 W Conscrypt:    com.google.android.gms.org.conscrypt.Platform.setSocketWriteTimeout(:com.google.android.gms@11743470:13)
12-11 14:46:59.400  2749  3040 W System  : Ignoring header Cookie because its value was null.
12-11 14:46:59.400  2749  3040 I ProcessCheckinRequest: set cookie as: null
12-11 14:46:59.410  2733  5950 V Backup  : [GmsBackupTransport] network is up
12-11 14:46:59.410  2733  5950 V Backup  : [GmsBackupTransport] no backup now: [OperationScheduler: enabledState=true moratoriumSet=2017-12-11/14:46:56 moratorium=1969-12-31/18:00:00]
12-11 14:46:59.416  2733  5950 V Backup  : [GmsBackupTransport] network is up
12-11 14:46:59.416  2733  5950 V Backup  : [GmsBackupTransport] no backup now: [OperationScheduler: enabledState=true moratoriumSet=2017-12-11/14:46:56 moratorium=1969-12-31/18:00:00]
12-11 14:46:59.417  2733  5950 V Backup  : [GmsBackupTransport] network is up
12-11 14:46:59.417  2733  5950 V Backup  : [GmsBackupTransport] no backup now: [OperationScheduler: enabledState=true moratoriumSet=2017-12-11/14:46:56 moratorium=1969-12-31/18:00:00]
12-11 14:46:59.419  2733  5950 V Backup  : [GmsBackupTransport] network is up
12-11 14:46:59.419  2733  5950 V Backup  : [GmsBackupTransport] no backup now: [OperationScheduler: enabledState=true moratoriumSet=2017-12-11/14:46:56 moratorium=1969-12-31/18:00:00]
12-11 14:46:59.426  2749  3040 W Conscrypt: Could not set socket write timeout:
12-11 14:46:59.426  2749  3040 W Conscrypt:    java.lang.reflect.Method.invoke(Native Method)
12-11 14:46:59.426  2749  3040 W Conscrypt:    com.google.android.gms.org.conscrypt.Platform.setSocketWriteTimeout(:com.google.android.gms@11743470:13)
12-11 14:46:59.439  2733  4456 V Backup  : [GmsBackupTransport] network is up
12-11 14:46:59.439  2733  4456 V Backup  : [GmsBackupTransport] no backup now: [OperationScheduler: enabledState=true moratoriumSet=2017-12-11/14:46:56 moratorium=1969-12-31/18:00:00]
12-11 14:46:59.488  2733  2747 W GLSUser : [DeviceKeyStore] Cannot load key: Device key file not found.
12-11 14:46:59.488  2733  2747 W GLSUser : [DeviceKeyStore] Cannot load key: Device key file not found.
12-11 14:46:59.499  2749  3040 W Conscrypt: Could not set socket write timeout:
12-11 14:46:59.499  2749  3040 W Conscrypt:    java.lang.reflect.Method.invoke(Native Method)
12-11 14:46:59.499  2749  3040 W Conscrypt:    com.google.android.gms.org.conscrypt.Platform.setSocketWriteTimeout(:com.google.android.gms@11743470:13)
12-11 14:46:59.510  2733  2746 V Backup  : [GmsBackupTransport] network is up
12-11 14:46:59.511  2733  2746 V Backup  : [GmsBackupTransport] no backup now: [OperationScheduler: enabledState=true moratoriumSet=2017-12-11/14:46:56 moratorium=1969-12-31/18:00:00]
12-11 14:46:59.525  2733  2747 V Backup  : [GmsBackupTransport] network is up
12-11 14:46:59.526  2733  2747 V Backup  : [GmsBackupTransport] no backup now: [OperationScheduler: enabledState=true moratoriumSet=2017-12-11/14:46:56 moratorium=1969-12-31/18:00:00]
12-11 14:46:59.538  2749  3040 I ProcessCheckinRequest: REQUEST: b: "000000000000000"
12-11 14:46:59.538  2749  3040 I ProcessCheckinRequest: c: "020000000000"
12-11 14:46:59.538  2749  3040 I ProcessCheckinRequest: d: "wifi"
12-11 14:46:59.538  2749  3040 I ProcessCheckinRequest: g: 3806475998574952584
12-11 14:46:59.538  2749  3040 I ProcessCheckinRequest: h: -2463130791531982909
12-11 14:46:59.538  2749  3040 I ProcessCheckinRequest: i: "1-997122162a01b77864d88601db8550035b3a2467"
12-11 14:46:59.538  2749  3040 I ProcessCheckinRequest: j: "en_US"
12-11 14:46:59.538  2749  3040 I ProcessCheckinRequest: k <
12-11 14:46:59.538  2749  3040 I ProcessCheckinRequest:   a <
12-11 14:46:59.538  2749  3040 I ProcessCheckinRequest:     a: "Android/sdk_google_phone_x86/generic_x86:6.0/MASTER/4409279:userdebug/test-keys"
12-11 14:46:59.538  2749  3040 I ProcessCheckinRequest:     c: "unknown"
12-11 14:46:59.538  2749  3040 I ProcessCheckinRequest:     d: "ranchu"
12-11 14:46:59.538  2749  3040 I ProcessCheckinRequest:     e: "Android"
12-11 14:46:59.538  2749  3040 I ProcessCheckinRequest:     f: "android-google"
12-11 14:46:59.538  2749  3040 I ProcessCheckinRequest:     g: 1508538613
12-11 14:46:59.538  2749  3040 I ProcessCheckinRequest:     h: 11743470
12-11 14:46:59.538  2749  3040 I ProcessCheckinRequest:     i: 23
12-11 14:46:59.538  2749  3040 I ProcessCheckinRequest:     j: "generic_x86"
12-11 14:46:59.538  2749  3040 I ProcessCheckinRequest:     k: "Android SDK built for x86"
12-11 14:46:59.538  2749  3040 I ProcessCheckinRequest:     l: "unknown"
12-11 14:46:59.538  2749  3040 I ProcessCheckinRequest:     m: "sdk_google_phone_x86"
12-11 14:46:59.538  2749  3040 I ProcessCheckinRequest:     n: false
12-11 14:46:59.538  2749  3040 I ProcessCheckinRequest:     o <
12-11 14:46:59.538  2749  3040 I ProcessCheckinRequest:       a: 1
12-11 14:46:59.538  2749  3040 I ProcessCheckinRequest:       b: "android-google"
12-11 14:46:59.538  2749  3040 I ProcessCheckinRequest:     >
12-11 14:46:59.538  2749  3040 I ProcessCheckinRequest:     q: "2016-09-06"
12-11 14:46:59.538  2749  3040 I ProcessCheckinRequest:   >
12-11 14:46:59.538  2749  3040 I ProcessCheckinRequest:   b: 1513022274329
12-11 14:46:59.538  2749  3040 I ProcessCheckinRequest:   e: "310260"
12-11 14:46:59.538  2749  3040 I ProcessCheckinRequest:   f: "310260"
12-11 14:46:59.538  2749  3040 I ProcessCheckinRequest:   g: "MOBILE:LTE:"
12-11 14:46:59.538  2749  3040 I ProcessCheckinRequest:   h: true
12-11 14:46:59.538  2749  3040 I ProcessCheckinRequest:   i: 0
12-11 14:46:59.538  2749  3040 I ProcessCheckinRequest:   j: 2
12-11 14:46:59.538  2749  3040 I ProcessCheckinRequest:   k <
12-11 14:46:59.538  2749  3040 I ProcessCheckinRequest:     a: 4
12-11 14:46:59.538  2749  3040 I ProcessCheckinRequest:     b: 1
12-11 14:46:59.538  2749  3040 I ProcessCheckinRequest:     c: "unspecified"
12-11 14:46:59.538  2749  3040 I ProcessCheckinRequest:     d: ""
12-11 14:46:59.538  2749  3040 I ProcessCheckinRequest:     e: false
12-11 14:46:59.538  2749  3040 I ProcessCheckinRequest:   >
12-11 14:46:59.538  2749  3040 I ProcessCheckinRequest:   l <
12-11 14:46:59.538  2749  3040 I ProcessCheckinRequest:     a: "310260"
12-11 14:46:59.538  2749  3040 I ProcessCheckinRequest:     b: "Android"
12-11 14:46:59.538  2749  3040 I ProcessCheckinRequest:     c: "0"
12-11 14:46:59.538  2749  3040 I ProcessCheckinRequest:     d: 0
12-11 14:46:59.538  2749  3040 I ProcessCheckinRequest:     d: 1
12-11 14:46:59.538  2749  3040 I ProcessCheckinRequest:     d: 2
12-11 14:46:59.538  2749  3040 I ProcessCheckinRequest:     e: "310260000000000"
12-11 14:46:59.538  2749  3040 I ProcessCheckinRequest:     g: "\027L"
12-11 14:46:59.538  2749  3040 I ProcessCheckinRequest:   >
12-11 14:46:59.538  2749  3040 I ProcessCheckinRequest: >
12-11 14:46:59.538  2749  3040 I ProcessCheckinRequest: l: "[kbr552.testscript@gmail.com]"
12-11 14:46:59.538  2749  3040 I ProcessCheckinRequest: l: "ya29.GmYfBQ7lkJnfD9ILsAnDiAEeCeCr8joOG3iS8jmkYTlVshRAirzB2aL-V6qkukdKB6GEAJ9J6Wt4oho0XCltf4bzCZ9QcFeF2oLOfB6o-dPVTLGa-9kBH5QrCxVHD7sEf0_EPXaTKdg"
12-11 14:46:59.538  2749  3040 I ProcessCheckinRequest: m: "America/Chicago"
12-11 14:46:59.538  2749  3040 I ProcessCheckinRequest: n: 785681893831896180
12-11 14:46:59.538  2749  3040 I ProcessCheckinRequest: o: 3
12-11 14:46:59.538  2749  3040 I ProcessCheckinRequest: p: "71Q6Rn2DDZl1zPDVaaeEHItd+Yg="
12-11 14:46:59.538  2749  3040 I ProcessCheckinRequest: q <
12-11 14:46:59.538  2749  3040 I ProcessCheckinRequest:   a: 3
12-11 14:46:59.538  2749  3040 I ProcessCheckinRequest:   b: 1
12-11 14:46:59.538  2749  3040 I ProcessCheckinRequest:   c: 2
12-11 14:46:59.538  2749  3040 I ProcessCheckinRequest:   d: 2
12-11 14:46:59.538  2749  3040 I ProcessCheckinRequest:   e: false
12-11 14:46:59.538  2749  3040 I ProcessCheckinRequest:   f: true
12-11 14:46:59.538  2749  3040 I ProcessCheckinRequest:   g: 480
12-11 14:46:59.538  2749  3040 I ProcessCheckinRequest:   h: 1080
12-11 14:46:59.538  2749  3040 I ProcessCheckinRequest:   i: 1776
12-11 14:46:59.538  2749  3040 I ProcessCheckinRequest:   j: 131072
12-11 14:46:59.538  2749  3040 I ProcessCheckinRequest:   k: "android.test.runner"
12-11 14:46:59.538  2749  3040 I ProcessCheckinRequest:   k: "com.android.future.usb.accessory"
12-11 14:46:59.538  2749  3040 I ProcessCheckinRequest:   k: "com.android.location.provider"
12-11 14:46:59.538  2749  3040 I ProcessCheckinRequest:   k: "com.android.media.remotedisplay"
12-11 14:46:59.538  2749  3040 I ProcessCheckinRequest:   k: "com.android.mediadrm.signer"
12-11 14:46:59.538  2749  3040 I ProcessCheckinRequest:   k: "com.google.android.gms"
12-11 14:46:59.538  2749  3040 I ProcessCheckinRequest:   k: "com.google.android.maps"
12-11 14:46:59.538  2749  3040 I ProcessCheckinRequest:   k: "com.google.android.media.effects"
12-11 14:46:59.538  2749  3040 I ProcessCheckinRequest:   k: "javax.obex"
12-11 14:46:59.538  2749  3040 I ProcessCheckinRequest:   k: "org.apache.http.legacy"
12-11 14:46:59.538  2749  3040 I ProcessCheckinRequest:   l: "android.hardware.audio.output"
12-11 14:46:59.538  2749  3040 I ProcessCheckinRequest:   l: "android.hardware.camera"
12-11 14:46:59.538  2749  3040 I ProcessCheckinRequest:   l: "android.hardware.camera.any"
12-11 14:46:59.538  2749  3040 I ProcessCheckinRequest:   l: "android.hardware.faketouch"
12-11 14:46:59.538  2749  3040 I ProcessCheckinRequest:   l: "android.hardware.location"
12-11 14:46:59.538  2749  3040 I ProcessCheckinRequest:   l: "android.hardware.location.gps"
12-11 14:46:59.538  2749  3040 I ProcessCheckinRequest:   l: "android.hardware.location.network"
12-11 14:46:59.538  2749  3040 I ProcessCheckinRequest:   l: "android.hardware.microphone"
12-11 14:46:59.538  2749  3040 I ProcessCheckinRequest:   l: "android.hardware.screen.landscape"
12-11 14:46:59.538  2749  3040 I ProcessCheckinRequest:   l: "android.hardware.screen.portrait"
12-11 14:46:59.538  2749  3040 I ProcessCheckinRequest:   l: "android.hardware.sensor.accelerometer"
12-11 14:46:59.538  2749  3040 I ProcessCheckinRequest:   l: "android.hardware.sensor.ambient_temperature"
12-11 14:46:59.538  2749  3040 I ProcessCheckinRequest:   l: "android.hardware.sensor.barometer"
12-11 14:46:59.538  2749  3040 I ProcessCheckinRequest:   l: "android.hardware.sensor.compass"
12-11 14:46:59.538  2749  3040 I ProcessCheckinRequest:   l: "android.hardware.sensor.light"
12-11 14:46:59.538  2749  3040 I ProcessCheckinRequest:   l: "android.hardware.sensor.proximity"
12-11 14:46:59.538  2749  3040 I ProcessCheckinRequest:   l: "android.hardware.sensor.relative_humidity"
12-11 14:46:59.538  2749  3040 I ProcessCheckinRequest:   l: "android.hardware.telephony"
12-11 14:46:59.538  2749  3040 I ProcessCheckinRequest:   l: "android.hardware.telephony.gsm"
12-11 14:46:59.538  2749  3040 I ProcessCheckinRequest:   l: "android.hardware.touchscreen"
12-11 14:46:59.538  2749  3040 I ProcessCheckinRequest:   l: "android.hardware.touchscreen.multitouch"
12-11 14:46:59.538  2749  3040 I ProcessCheckinRequest:   l: "android.hardware.touchscreen.multitouch.distinct"
12-11 14:46:59.538  2749  3040 I ProcessCheckinRequest:   l: "android.hardware.touchscreen.multitouch.jazzhand"
12-11 14:46:59.538  2749  3040 I ProcessCheckinRequest:   l: "android.hardware.usb.accessory"
12-11 14:46:59.538  2749  3040 I ProcessCheckinRequest:   l: "android.software.app_widgets"
12-11 14:46:59.538  2749  3040 I ProcessCheckinRequest:   l: "android.software.backup"
12-11 14:46:59.538  2749  3040 I ProcessCheckinRequest:   l: "android.software.connectionservice"
12-11 14:46:59.538  2749  3040 I ProcessCheckinRequest:   l: "android.software.device_admin"
12-11 14:46:59.538  2749  3040 I ProcessCheckinRequest:   l: "android.software.home_screen"
12-11 14:46:59.538  2749  3040 I ProcessCheckinRequest:   l: "android.software.input_methods"
12-11 14:46:59.538  2749  3040 I ProcessCheckinRequest:   l: "android.software.live_wallpaper"
12-11 14:46:59.538  2749  3040 I ProcessCheckinRequest:   l: "android.software.managed_users"
12-11 14:46:59.538  2749  3040 I ProcessCheckinRequest:   l: "android.software.midi"
12-11 14:46:59.538  2749  3040 I ProcessCheckinRequest:   l: "android.software.print"
12-11 14:46:59.538  2749  3040 I ProcessCheckinRequest:   l: "android.software.voice_recognizers"
12-11 14:46:59.538  2749  3040 I ProcessCheckinRequest:   l: "android.software.webview"
12-11 14:46:59.538  2749  3040 I ProcessCheckinRequest:   m <
12-11 14:46:59.538  2749  3040 I ProcessCheckinRequest:     a: "android.hardware.audio.output"
12-11 14:46:59.538  2749  3040 I ProcessCheckinRequest:     b: 0
12-11 14:46:59.538  2749  3040 I ProcessCheckinRequest:   >
12-11 14:46:59.538  2749  3040 I ProcessCheckinRequest:   m <
12-11 14:46:59.538  2749  3040 I ProcessCheckinRequest:     a: "android.hardware.camera"
12-11 14:46:59.538  2749  3040 I ProcessCheckinRequest:     b: 0
12-11 14:46:59.538  2749  3040 I ProcessCheckinRequest:   >
12-11 14:46:59.538  2749  3040 I ProcessCheckinRequest:   m <
12-11 14:46:59.538  2749  3040 I ProcessCheckinRequest:     a: "android.hardware.camera.any"
12-11 14:46:59.538  2749  3040 I ProcessCheckinRequest:     b: 0
12-11 14:46:59.538  2749  3040 I ProcessCheckinRequest:   >
12-11 14:46:59.538  2749  3040 I ProcessCheckinRequest:   m <
12-11 14:46:59.538  2749  3040 I ProcessCheckinRequest:     a: "android.hardware.faketouch"
12-11 14:46:59.538  2749  3040 I ProcessCheckinRequest:     b: 0
12-11 14:46:59.538  2749  3040 I ProcessCheckinRequest:   >
12-11 14:46:59.538  2749  3040 I ProcessCheckinRequest:   m <
12-11 14:46:59.538  2749  3040 I ProcessCheckinRequest:     a: "android.hardware.location"
12-11 14:46:59.538  2749  3040 I ProcessCheckinRequest:     b: 0
12-11 14:46:59.538  2749  3040 I ProcessCheckinRequest:   >
12-11 14:46:59.538  2749  3040 I ProcessCheckinRequest:   m <
12-11 14:46:59.538  2749  3040 I ProcessCheckinRequest:     a: "android.hardware.location.gps"
12-11 14:46:59.538  2749  3040 I ProcessCheckinRequest:     b: 0
12-11 14:46:59.538  2749  3040 I ProcessCheckinRequest:   >
12-11 14:46:59.538  2749  3040 I ProcessCheckinRequest:   m <
12-11 14:46:59.538  2749  3040 I ProcessCheckinRequest:     a: "android.hardware.location.network"
12-11 14:46:59.538  2749  3040 I ProcessCheckinRequest:     b: 0
12-11 14:46:59.538  2749  3040 I ProcessCheckinRequest:   >
12-11 14:46:59.538  2749  3040 I ProcessCheckinRequest:   m <
12-11 14:46:59.538  2749  3040 I ProcessCheckinRequest:     a: "android.hardware.microphone"
12-11 14:46:59.538  2749  3040 I ProcessCheckinRequest:     b: 0
12-11 14:46:59.538  2749  3040 I ProcessCheckinRequest:   >
12-11 14:46:59.538  2749  3040 I ProcessCheckinRequest:   m <
12-11 14:46:59.538  2749  3040 I ProcessCheckinRequest:     a: "android.hardware.screen.landscape"
12-11 14:46:59.538  2749  3040 I ProcessCheckinRequest:     b: 0
12-11 14:46:59.538  2749  3040 I ProcessCheckinRequest:   >
12-11 14:46:59.538  2749  3040 I ProcessCheckinRequest:   m <
12-11 14:46:59.538  2749  3040 I ProcessCheckinRequest:     a: "android.hardware.screen.portrait"
12-11 14:46:59.538  2749  3040 I ProcessCheckinRequest:     b: 0
12-11 14:46:59.538  2749  3040 I ProcessCheckinRequest:   >
12-11 14:46:59.538  2749  3040 I ProcessCheckinRequest:   m <
12-11 14:46:59.538  2749  3040 I ProcessCheckinRequest:     a: "android.hardware.sensor.accelerometer"
12-11 14:46:59.538  2749  3040 I ProcessCheckinRequest:     b: 0
12-11 14:46:59.538  2749  3040 I ProcessCheckinRequest:   >
12-11 14:46:59.538  2749  3040 I ProcessCheckinRequest:   m <
12-11 14:46:59.538  2749  3040 I ProcessCheckinRequest:     a: "android.hardware.sensor.ambient_temperature"
12-11 14:46:59.538  2749  3040 I ProcessCheckinRequest:     b: 0
12-11 14:46:59.538  2749  3040 I ProcessCheckinRequest:   >
12-11 14:46:59.538  2749  3040 I ProcessCheckinRequest:   m <
12-11 14:46:59.538  2749  3040 I ProcessCheckinRequest:     a: "android.hardware.sensor.barometer"
12-11 14:46:59.538  2749  3040 I ProcessCheckinRequest:     b: 0
12-11 14:46:59.538  2749  3040 I ProcessCheckinRequest:   >
12-11 14:46:59.538  2749  3040 I ProcessCheckinRequest:   m <
12-11 14:46:59.538  2749  3040 I ProcessCheckinRequest:     a: "android.hardware.sensor.compass"
12-11 14:46:59.538  2749  3040 I ProcessCheckinRequest:     b: 0
12-11 14:46:59.538  2749  3040 I ProcessCheckinRequest:   >
12-11 14:46:59.538  2749  3040 I ProcessCheckinRequest:   m <
12-11 14:46:59.538  2749  3040 I ProcessCheckinRequest:     a: "android.hardware.sensor.light"
12-11 14:46:59.538  2749  3040 I ProcessCheckinRequest:     b: 0
12-11 14:46:59.538  2749  3040 I ProcessCheckinRequest:   >
12-11 14:46:59.538  2749  3040 I ProcessCheckinRequest:   m <
12-11 14:46:59.538  2749  3040 I ProcessCheckinRequest:     a: "android.hardware.sensor.proximity"
12-11 14:46:59.538  2749  3040 I ProcessCheckinRequest:     b: 0
12-11 14:46:59.538  2749  3040 I ProcessCheckinRequest:   >
12-11 14:46:59.538  2749  3040 I ProcessCheckinRequest:   m <
12-11 14:46:59.538  2749  3040 I ProcessCheckinRequest:     a: "android.hardware.sensor.relative_humidity"
12-11 14:46:59.538  2749  3040 I ProcessCheckinRequest:     b: 0
12-11 14:46:59.538  2749  3040 I ProcessCheckinRequest:   >
12-11 14:46:59.538  2749  3040 I ProcessCheckinRequest:   m <
12-11 14:46:59.538  2749  3040 I ProcessCheckinRequest:     a: "android.hardware.telephony"
12-11 14:46:59.538  2749  3040 I ProcessCheckinRequest:     b: 0
12-11 14:46:59.538  2749  3040 I ProcessCheckinRequest:   >
12-11 14:46:59.538  2749  3040 I ProcessCheckinRequest:   m <
12-11 14:46:59.538  2749  3040 I ProcessCheckinRequest:     a: "android.hard
12-11 14:46:59.549  2733  5950 V Backup  : [GmsBackupTransport] network is up
12-11 14:46:59.550  2733  5950 V Backup  : [GmsBackupTransport] no backup now: [OperationScheduler: enabledState=true moratoriumSet=2017-12-11/14:46:56 moratorium=1969-12-31/18:00:00]
12-11 14:46:59.586  2733  5996 E ReauthClient: Error deserializing reauth settings response.
12-11 14:46:59.586  2733  5996 E ReauthClient: org.json.JSONException: Value  of type java.lang.String cannot be converted to JSONObject
12-11 14:46:59.586  2733  5996 E ReauthClient: 	at org.json.JSON.typeMismatch(JSON.java:111)
12-11 14:46:59.586  2733  5996 E ReauthClient: 	at org.json.JSONObject.<init>(JSONObject.java:160)
12-11 14:46:59.586  2733  5996 E ReauthClient: 	at org.json.JSONObject.<init>(JSONObject.java:173)
12-11 14:46:59.586  2733  5996 E ReauthClient: 	at eea.a(:com.google.android.gms@11743470:21)
12-11 14:46:59.586  2733  5996 E ReauthClient: 	at edm.a(:com.google.android.gms@11743470:9)
12-11 14:46:59.586  2733  5996 E ReauthClient: 	at mlv.onPerformSync(:com.google.android.gms@11743470:5)
12-11 14:46:59.586  2733  5996 E ReauthClient: 	at android.content.AbstractThreadedSyncAdapter$SyncThread.run(AbstractThreadedSyncAdapter.java:272)
12-11 14:46:59.617  2749  6002 E ActivityThread: Failed to find provider info for com.android.contacts.metadata
12-11 14:46:59.633  2733  2747 W GLSUser : [DeviceKeyStore] Cannot load key: Device key file not found.
12-11 14:46:59.640  2733  2747 W GLSUser : [DeviceKeyStore] Cannot load key: Device key file not found.
12-11 14:46:59.642  2733  5930 I Authzen : [Enroller] Enrollment phase2 complete.
12-11 14:46:59.649  2733  5930 I Authzen : [Enroller] Increasing encryption key's expiration time to 1515617219642
12-11 14:46:59.649  2733  5930 I Authzen : [SqliteKeyStorage] Updating keys for account kbr552.testscript@gmail.com created at 1513025219291 with new expiary: 1515617219642
12-11 14:46:59.663  2733  5930 I Authzen : [RegistrationManager] Enrollment successful! Key metadata:  Handle: 3 Account: kbr552.testscript@gmail.com Creation Time: 1513025219291 Expiration Time: 1513025339291
12-11 14:46:59.673  2733  5930 I Authzen : [far] Syncing data for account <ELLIDED:-1723262619>
12-11 14:46:59.685  2733  2746 V Backup  : [GmsBackupTransport] network is up
12-11 14:46:59.685  2733  2746 V Backup  : [GmsBackupTransport] no backup now: [OperationScheduler: enabledState=true moratoriumSet=2017-12-11/14:46:56 moratorium=1969-12-31/18:00:00]
12-11 14:46:59.685  2733  5930 W GLSUser : [DeviceKeyStore] Cannot load key: Device key file not found.
12-11 14:46:59.685  2733  5930 W GLSUser : [DeviceKeyStore] Cannot load key: Device key file not found.
12-11 14:46:59.705  1897  1910 D SyncManager: failed sync operation kbr552.testscript@gmail.com u0 (com.google), com.android.contacts.metadata, POLL, currentRunTime 2985273, reason: AccountsUpdated, SyncResult: databaseError: true stats []
12-11 14:46:59.706  1897  1910 D SyncManager: not retrying sync operation because the error is a hard error: kbr552.testscript@gmail.com u0 (com.google), com.android.contacts.metadata, POLL, currentRunTime 3019223, reason: AccountsUpdated
12-11 14:46:59.707  2733  4456 V Backup  : [GmsBackupTransport] network is up
12-11 14:46:59.708  2733  4456 V Backup  : [GmsBackupTransport] no backup now: [OperationScheduler: enabledState=true moratoriumSet=2017-12-11/14:46:56 moratorium=1969-12-31/18:00:00]
12-11 14:46:59.733  1897  2132 I AccountManagerService: getTypesVisibleToCaller: isPermitted? true
12-11 14:46:59.736  2749  6005 V AccountUtils: 0 accounts found with uca feature
12-11 14:46:59.736  2749  6005 I GamesSyncAdapter: Starting sync for 99491965
12-11 14:46:59.742  2733  6006 I Auth    : [AccountStateSyncAdapter] performSync(account=<ELLIDED:-1951064893>)
12-11 14:46:59.758  2733  5950 V Backup  : [GmsBackupTransport] network is up
12-11 14:46:59.758  2733  5950 V Backup  : [GmsBackupTransport] no backup now: [OperationScheduler: enabledState=true moratoriumSet=2017-12-11/14:46:56 moratorium=1969-12-31/18:00:00]
12-11 14:46:59.788  2733  2929 V Backup  : [GmsBackupTransport] network is up
12-11 14:46:59.788  2733  2929 V Backup  : [GmsBackupTransport] no backup now: [OperationScheduler: enabledState=true moratoriumSet=2017-12-11/14:46:56 moratorium=1969-12-31/18:00:00]
12-11 14:46:59.791  2749  6005 I GamesSyncAdapter: Sync duration for 99491965: 50
12-11 14:46:59.794  1897  2135 I AccountManagerService: getTypesVisibleToCaller: isPermitted? true
12-11 14:46:59.795  2749  6005 E PopupManager: No content view usable to display popups. Popups will not be displayed in response to this client's calls. Use setViewForPopups() to set your content view.
12-11 14:46:59.808  2749  4564 W GamesServiceBroker: Client connected with SDK 8487000, Services 11743470, and Games 37240070
12-11 14:46:59.825  2733  2746 V Backup  : [GmsBackupTransport] network is up
12-11 14:46:59.825  2733  2746 V Backup  : [GmsBackupTransport] no backup now: [OperationScheduler: enabledState=true moratoriumSet=2017-12-11/14:46:56 moratorium=1969-12-31/18:00:00]
12-11 14:46:59.834  2733  5930 I Authzen : [far] Generating new permitaccess {"publicKey":"CAESRQohAL-EJYnzeRhC4tzrb9DUVJ7I6kPgjE-o8HnxAruwqC60EiAkbaJXO9VmuObxXiIfAj0uXv7vK8Ur4wIiSV7t8AZpeg==","pixelPhone":false,"beaconSeeds":[{"endTimeMillis":1513209600000,"startTimeMillis":1512000000000,"data":"qMfe_7fpqvy0R5jzM_6nGbAThosemPjmpKWue4TTi9U="},{"endTimeMillis":1514419200000,"startTimeMillis":1513209600000,"data":"b-Yca_DioL4ZOFVFtl94Xi41jTN1n3UFeU6zZQ-MtMs="},{"endTimeMillis":1515628800000,"startTimeMillis":1514419200000,"data":"Iu_vSqbZ0olWEKMklXKQJCfkJMuoqd7YVmK9GfqPXtI="},{"endTimeMillis":1516838400000,"startTimeMillis":1515628800000,"data":"2MAMMoK16VjrIskhgrCh3Bve_5Us6A0AGXRBcvAsSRI="}],"arcPlusPlus":false,"deviceType":"android","lastUpdateTimeMillis":1513015030824,"friendlyDeviceName":"Android SDK built for x86","unlockable":false,"mobileHotspotSupported":false,"unlockKey":false}.
12-11 14:46:59.834  2733  5930 I Authzen : [PermitStore] Removing permit with permitId: <ELLIDED:1781316020>...
12-11 14:46:59.848  2733  5930 I Authzen : [far] Saved permit permit://google.com/easyunlock/v1/kbr552testscript@gmail.com, with 1 requester access(es).
12-11 14:46:59.861  2733  2733 E BluetoothAdapter: Bluetooth binder is null
12-11 14:46:59.873  3495  6009 I MagicTether: [HostValidator] InvalidHost. MobileData: true, Tethering: false, whitelist: false, ble: false
12-11 14:46:59.879  2749  2914 I Authzen : [PermitStore] Getting all permits...
12-11 14:46:59.880  2733  5656 I MagicTether: [HostValidator] InvalidHost. MobileData: true, Tethering: false, whitelist: false, ble: false
12-11 14:46:59.903  2733  6006 I Auth    : [AccountStateSyncAdapter] Skipping rename because the lookup contains the same email.
12-11 14:46:59.917  2733  4457 V Backup  : [GmsBackupTransport] network is up
12-11 14:46:59.919  2733  4457 V Backup  : [GmsBackupTransport] no backup now: [OperationScheduler: enabledState=true moratoriumSet=2017-12-11/14:46:56 moratorium=1969-12-31/18:00:00]
12-11 14:46:59.928  1234  1294 D hwcomposer: hw_composer sent 704 syncs in 60s
12-11 14:46:59.956  2749  3040 I ProcessCheckinRequest: updateCheckinIdTokenFileFromResponse, Reading existing AID
12-11 14:46:59.957  2749  3040 I CheckinRequestBuilder: Checkin reason type: 4 attempt count: 1
12-11 14:46:59.959  1897  3626 I AccountManagerService: getTypesVisibleToCaller: isPermitted? true
12-11 14:46:59.959  1897  5539 I AccountManagerService: getTypesVisibleToCaller: isPermitted? true
12-11 14:46:59.963  2733  2745 W GLSUser : [DeviceKeyStore] Cannot load key: Device key file not found.
12-11 14:46:59.963  2749  3040 E ActivityThread: Failed to find provider info for com.google.android.wearable.settings
12-11 14:46:59.970  2733  2745 W GLSUser : [DeviceKeyStore] Cannot load key: Device key file not found.
12-11 14:47:00.009  2749  5938 E MS_RegisterService: Exception during register request.
12-11 14:47:00.009  2749  5938 E MS_RegisterService: bbtc: PERMISSION_DENIED: The caller does not have permission
12-11 14:47:00.009  2749  5938 E MS_RegisterService: 	at bbsy.c(:com.google.android.gms@11743470:3)
12-11 14:47:00.009  2749  5938 E MS_RegisterService: 	at mgw.a(:com.google.android.gms@11743470:82)
12-11 14:47:00.009  2749  5938 E MS_RegisterService: 	at com.google.android.libraries.matchstick.net.SilentRegisterIntentOperation.a(:com.google.android.gms@11743470:235)
12-11 14:47:00.009  2749  5938 E MS_RegisterService: 	at com.google.android.libraries.matchstick.net.SilentRegisterIntentOperation.onHandleIntent(:com.google.android.gms@11743470:329)
12-11 14:47:00.009  2749  5938 E MS_RegisterService: 	at com.google.android.chimera.IntentOperation.onHandleIntent(:com.google.android.gms@11743470:2)
12-11 14:47:00.009  2749  5938 E MS_RegisterService: 	at bwo.run(:com.google.android.gms@11743470:10)
12-11 14:47:00.009  2749  5938 E MS_RegisterService: 	at bwl.run(:com.google.android.gms@11743470:14)
12-11 14:47:00.009  2749  5938 E MS_RegisterService: 	at java.util.concurrent.ThreadPoolExecutor.runWorker(ThreadPoolExecutor.java:1113)
12-11 14:47:00.009  2749  5938 E MS_RegisterService: 	at java.util.concurrent.ThreadPoolExecutor$Worker.run(ThreadPoolExecutor.java:588)
12-11 14:47:00.009  2749  5938 E MS_RegisterService: 	at java.lang.Thread.run(Thread.java:818)
12-11 14:47:00.026  2749  5675 W Icing   : city name for address is empty.
12-11 14:47:00.026  2749  5675 W Icing   : street name for address is empty.
12-11 14:47:00.026  2749  5675 W Icing   : Address token type data file path is empty.
12-11 14:47:00.026  2749  5675 W Icing   : transportation_script_path is empty
12-11 14:47:00.035  2184  2605 D EGL_emulation: eglMakeCurrent: 0xae454a80: ver 2 0 (tinfo 0xa23c3350)
12-11 14:47:00.042  2749  5675 W Icing   : generic::invalid_argument: Empty URI
12-11 14:47:00.043  2749  5675 W Icing   : generic::invalid_argument: Empty URI
12-11 14:47:00.043  2749  5675 W Icing   : WordsMap was not properly initialized
12-11 14:47:00.043  2749  5675 I Icing   : Rebuilding index.
12-11 14:47:00.080  1897  2043 I AccountManagerService: getTypesVisibleToCaller: isPermitted? true
12-11 14:47:00.150  2749  3040 I CheckinUtil: Classify the device as Phone.
12-11 14:47:00.187  2733  5950 W GLSUser : [DeviceKeyStore] Cannot load key: Device key file not found.
12-11 14:47:00.187  2733  5950 W GLSUser : [DeviceKeyStore] Cannot load key: Device key file not found.
12-11 14:47:00.210  2749  3040 E ProcessCheckinRequest: CheckinNowTaskTag : Checkin Succeeded: https://android.clients.google.com/checkin (request #1): 
12-11 14:47:00.224  2733  6013 I GCoreUlr: Uploading GCM registration ID for account#-19#
12-11 14:47:00.235  1897  2132 I AccountManagerService: getTypesVisibleToCaller: isPermitted? true
12-11 14:47:00.299  2749  5675 I Icing   : Flash index sort hb 113 prefix-hits 241 -> 239 at 14.965ms
12-11 14:47:00.329  2749  2918 W art     : Long monitor contention event with owner method=java.io.FileDescriptor libcore.io.Posix.open(java.lang.String, int, int) from Posix.java:4294967294 waiters=0 for 1.054s
12-11 14:47:00.331  2749  2916 W art     : Long monitor contention event with owner method=java.io.FileDescriptor libcore.io.Posix.open(java.lang.String, int, int) from Posix.java:4294967294 waiters=1 for 1.053s
12-11 14:47:00.334  2749  4729 I IcingInternalCorpora: Requesting indexing of suggest_query
12-11 14:47:00.337  2749  5675 I Icing   : updateResources: need to parse uaz{com.google.android.gms}
12-11 14:47:00.383  2749  5675 I Icing   : updateResources: need to parse uaz{com.google.android.gms}
12-11 14:47:00.386  1897  5539 I AccountManagerService: getTypesVisibleToCaller: isPermitted? true
12-11 14:47:00.387  1897  1909 I AccountManagerService: getTypesVisibleToCaller: isPermitted? true
12-11 14:47:00.389  1897  2131 I AccountManagerService: getTypesVisibleToCaller: isPermitted? true
12-11 14:47:00.435  2749  5675 I Icing   : Usage reports ok 0, Failed Usage reports 0, indexed 0, rejected 0, imm upload false
12-11 14:47:00.440  2749  5675 I Icing   : Usage reports ok 0, Failed Usage reports 0, indexed 0, rejected 0, imm upload false
12-11 14:47:00.440  2749  5675 I Icing   : Removing corpus key 924D1D051F2CDF0F387507D92DB02C51B05686E2 for package com.google.android.gms
12-11 14:47:00.441  2733  2928 W GLSUser : [DeviceKeyStore] Cannot load key: Device key file not found.
12-11 14:47:00.441  2733  2928 W GLSUser : [DeviceKeyStore] Cannot load key: Device key file not found.
12-11 14:47:00.518  2749  5675 I Icing   : Indexing 924D1D051F2CDF0F387507D92DB02C51B05686E2 from com.google.android.gms
12-11 14:47:00.519  2749  5675 I Icing   : Indexing done 924D1D051F2CDF0F387507D92DB02C51B05686E2
12-11 14:47:00.525  2749  5989 W Conscrypt: Could not set socket write timeout:
12-11 14:47:00.525  2749  5989 W Conscrypt:    java.lang.reflect.Method.invoke(Native Method)
12-11 14:47:00.525  2749  5989 W Conscrypt:    com.google.android.gms.org.conscrypt.Platform.setSocketWriteTimeout(:com.google.android.gms@11743470:13)
12-11 14:47:00.546  2749  5989 W Conscrypt: Could not set socket write timeout:
12-11 14:47:00.547  2749  5989 W Conscrypt:    java.lang.reflect.Method.invoke(Native Method)
12-11 14:47:00.547  2749  5989 W Conscrypt:    com.google.android.gms.org.conscrypt.Platform.setSocketWriteTimeout(:com.google.android.gms@11743470:13)
12-11 14:47:00.547  2733  6013 W GLSUser : [DeviceKeyStore] Cannot load key: Device key file not found.
12-11 14:47:00.548  2733  6013 W GLSUser : [DeviceKeyStore] Cannot load key: Device key file not found.
12-11 14:47:00.714  2733  4456 W GLSUser : [DeviceKeyStore] Cannot load key: Device key file not found.
12-11 14:47:00.714  2733  4456 W GLSUser : [DeviceKeyStore] Cannot load key: Device key file not found.
12-11 14:47:00.815  1897  2133 I AccountManagerService: getTypesVisibleToCaller: isPermitted? true
12-11 14:47:00.815  1897  2132 I AccountManagerService: getTypesVisibleToCaller: isPermitted? true
12-11 14:47:00.829  1897  2684 I AccountManagerService: getTypesVisibleToCaller: isPermitted? true
12-11 14:47:00.852  2733  2747 W GLSUser : [DeviceKeyStore] Cannot load key: Device key file not found.
12-11 14:47:00.853  2733  2747 W GLSUser : [DeviceKeyStore] Cannot load key: Device key file not found.
12-11 14:47:00.928  2733  6013 I GCoreUlrLong: sendSettings(syncNotDefinedYet): sent GetSettingsResults{mModMillis=null, mReportingEnabled=false, mReportingSource=com.google.android.gms+new-device-tag, mHistoryEnabled=null, mHistorySource=com.google.android.gms+new-device-tag, mUserRestriction=0, mSource=0, mConcurrencyType=0, mDeletions=[], mPrimaryDevice=null, mAcccountType=0}, got back GetSettingsResults{mModMillis=0, mReportingEnabled=false, mReportingSource=null, mHistoryEnabled=false, mHistorySource=null, mUserRestriction=0, mSource=0, mConcurrencyType=0, mDeletions=[], mPrimaryDevice=null, mAcccountType=0}; success: true
12-11 14:47:00.928  2733  6013 I GCoreUlr: GCM ID uploaded for account#-19#
