12-11 14:48:11.481  2749  5989 I RealtimeCacheCleanup: Beginning Realtime garbage collection.
12-11 14:48:11.482  2749  5989 I RealtimeCacheCleanup: Finished Realtime garbage collection.
12-11 14:48:11.482  2749  5989 I ContentMaintenance: Finished garbage collection.
12-11 14:48:11.488  2733  6336 I GCoreUlr: DispatchingService.updateActiveState+restrictTo: Ensuring that reporting is stopped because of reasons: (no Google accounts)
12-11 14:48:11.488  2749  6347 W Conscrypt: Could not set socket write timeout:
12-11 14:48:11.488  2749  6347 W Conscrypt:    java.lang.reflect.Method.invoke(Native Method)
12-11 14:48:11.488  2749  6347 W Conscrypt:    com.google.android.gms.org.conscrypt.Platform.setSocketWriteTimeout(:com.google.android.gms@11743470:13)
12-11 14:48:11.494  2733  6336 I GCoreUlr: Unbound from all location providers
12-11 14:48:11.494  2733  6336 I GCoreUlr: Place inference reporting - stop
12-11 14:48:11.505  2733  2733 I GCoreUlr: Stopping handler for UlrDispSvcFast
12-11 14:48:11.508  2733  2733 I GCoreUlr: Unbound from all location providers
12-11 14:48:11.508  2733  2733 I GCoreUlr: Place inference reporting - stop
12-11 14:48:11.522  2749  6347 W Conscrypt: Could not set socket write timeout:
12-11 14:48:11.522  2749  6347 W Conscrypt:    java.lang.reflect.Method.invoke(Native Method)
12-11 14:48:11.522  2749  6347 W Conscrypt:    com.google.android.gms.org.conscrypt.Platform.setSocketWriteTimeout(:com.google.android.gms@11743470:13)
12-11 14:48:11.552  3452  3463 D EGL_emulation: eglCreateContext: 0xaa9c87c0: maj 2 min 0 rcv 2
12-11 14:48:11.554  3452  3463 D EGL_emulation: eglMakeCurrent: 0xaa9c87c0: ver 2 0 (tinfo 0xae8618b0)
12-11 14:48:11.595  3452  3463 D EGL_emulation: eglCreateContext: 0xaa9c66c0: maj 2 min 0 rcv 2
12-11 14:48:11.597  3452  3463 D EGL_emulation: eglMakeCurrent: 0xaa9c66c0: ver 2 0 (tinfo 0xae8618b0)
12-11 14:48:11.606  5852  5852 D MonkeyStub: translateCommand: tap 545 1839
12-11 14:48:11.611  1897  1961 I ActivityManager: START u0 {act=android.intent.action.MAIN cat=[android.intent.category.HOME] flg=0x10200000 cmp=com.android.launcher3/.Launcher (has extras)} from uid 1000 on display 0
12-11 14:48:11.614  1234  1288 D gralloc_ranchu: gralloc_alloc: Creating ashmem region of size 1327104
12-11 14:48:11.634  1234  1234 E EGL_emulation: tid 1234: eglCreateSyncKHR(1881): error 0x3004 (EGL_BAD_ATTRIBUTE)
12-11 14:48:11.663  2184  2605 D EGL_emulation: eglMakeCurrent: 0xae454a80: ver 2 0 (tinfo 0xa23c3350)
12-11 14:48:11.687  2749  6340 E MS_RegisterService: Exception during register request.
12-11 14:48:11.687  2749  6340 E MS_RegisterService: bbtc: PERMISSION_DENIED: The caller does not have permission
12-11 14:48:11.687  2749  6340 E MS_RegisterService: 	at bbsy.c(:com.google.android.gms@11743470:3)
12-11 14:48:11.687  2749  6340 E MS_RegisterService: 	at mgw.a(:com.google.android.gms@11743470:82)
12-11 14:48:11.687  2749  6340 E MS_RegisterService: 	at com.google.android.libraries.matchstick.net.SilentRegisterIntentOperation.a(:com.google.android.gms@11743470:235)
12-11 14:48:11.687  2749  6340 E MS_RegisterService: 	at com.google.android.libraries.matchstick.net.SilentRegisterIntentOperation.onHandleIntent(:com.google.android.gms@11743470:329)
12-11 14:48:11.687  2749  6340 E MS_RegisterService: 	at com.google.android.chimera.IntentOperation.onHandleIntent(:com.google.android.gms@11743470:2)
12-11 14:48:11.687  2749  6340 E MS_RegisterService: 	at bwo.run(:com.google.android.gms@11743470:10)
12-11 14:48:11.687  2749  6340 E MS_RegisterService: 	at bwl.run(:com.google.android.gms@11743470:14)
12-11 14:48:11.687  2749  6340 E MS_RegisterService: 	at java.util.concurrent.ThreadPoolExecutor.runWorker(ThreadPoolExecutor.java:1113)
12-11 14:48:11.687  2749  6340 E MS_RegisterService: 	at java.util.concurrent.ThreadPoolExecutor$Worker.run(ThreadPoolExecutor.java:588)
12-11 14:48:11.687  2749  6340 E MS_RegisterService: 	at java.lang.Thread.run(Thread.java:818)
12-11 14:48:11.691  3463  3463 W Binder_1: type=1400 audit(0.0:97): avc: denied { read } for name="/" dev="tmpfs" ino=3916 scontext=u:r:untrusted_app:s0:c512,c768 tcontext=u:object_r:device:s0 tclass=dir permissive=0
12-11 14:48:11.732  3191  3234 D EGL_emulation: eglMakeCurrent: 0xaa9c6a20: ver 2 0 (tinfo 0xaa9e1180)
12-11 14:48:11.742  5867  5867 I CalendarProvider2: Sending notification intent: Intent { act=android.intent.action.PROVIDER_CHANGED dat=content://com.android.calendar }
12-11 14:48:11.742  5867  5867 W ContentResolver: Failed to get type for: content://com.android.calendar (Unknown URL content://com.android.calendar)
12-11 14:48:11.755  4117  4132 D EGL_emulation: eglMakeCurrent: 0xaa9dcec0: ver 2 0 (tinfo 0xaab04920)
12-11 14:48:11.757  2749  6173 I IcingInternalCorpora: Received calendar change notification.
12-11 14:48:11.759  4117  4132 E Surface : getSlotFromBufferLocked: unknown buffer: 0xa113afe0
12-11 14:48:11.773  3100  3100 D AlertReceiver: onReceive: a=android.intent.action.PROVIDER_CHANGED Intent { act=android.intent.action.PROVIDER_CHANGED dat=content://com.android.calendar flg=0x10 cmp=com.android.calendar/.alerts.AlertReceiver }
12-11 14:48:11.821  3463  3463 W Binder_1: type=1400 audit(0.0:98): avc: denied { search } for name="1627" dev="proc" ino=5831 scontext=u:r:untrusted_app:s0:c512,c768 tcontext=u:r:zygote:s0 tclass=dir permissive=0
12-11 14:48:11.821  3100  6197 I GlobalDismissManager: no sender configured
12-11 14:48:11.821  3100  6197 D AlertService: Beginning updateAlertNotification
12-11 14:48:11.829  1897  3626 I AccountManagerService: getTypesVisibleToCaller: isPermitted? true
12-11 14:48:11.907  2749  2918 I CheckinUtil: Classify the device as Phone.
12-11 14:48:11.921  3100  6197 D AlertService: No fired or scheduled alerts
12-11 14:48:11.930  3100  6197 D AlertService: Scheduling next alarm with AlarmScheduler. sEventReminderReceived: null
12-11 14:48:11.948  3100  6197 D AlarmScheduler: No events found starting within 1 week.
12-11 14:48:11.954  3100  6197 D AlertService: 0 Action = android.intent.action.PROVIDER_CHANGED
12-11 14:48:11.971  2749  2918 W System  : Ignoring header Cookie because its value was null.
12-11 14:48:11.972  2749  2918 I ProcessCheckinRequest: set cookie as: null
12-11 14:48:12.023  2749  2918 W Conscrypt: Could not set socket write timeout:
12-11 14:48:12.023  2749  2918 W Conscrypt:    java.lang.reflect.Method.invoke(Native Method)
12-11 14:48:12.023  2749  2918 W Conscrypt:    com.google.android.gms.org.conscrypt.Platform.setSocketWriteTimeout(:com.google.android.gms@11743470:13)
12-11 14:48:12.140  2749  2918 W Conscrypt: Could not set socket write timeout:
12-11 14:48:12.141  2749  2918 W Conscrypt:    java.lang.reflect.Method.invoke(Native Method)
12-11 14:48:12.141  2749  2918 W Conscrypt:    com.google.android.gms.org.conscrypt.Platform.setSocketWriteTimeout(:com.google.android.gms@11743470:13)
12-11 14:48:12.161  2749  2918 I ProcessCheckinRequest: REQUEST: b: "000000000000000"
12-11 14:48:12.161  2749  2918 I ProcessCheckinRequest: c: "020000000000"
12-11 14:48:12.161  2749  2918 I ProcessCheckinRequest: d: "wifi"
12-11 14:48:12.161  2749  2918 I ProcessCheckinRequest: g: 3806475998574952584
12-11 14:48:12.161  2749  2918 I ProcessCheckinRequest: h: -2463130791531982909
12-11 14:48:12.161  2749  2918 I ProcessCheckinRequest: i: "1-997122162a01b77864d88601db8550035b3a2467"
12-11 14:48:12.161  2749  2918 I ProcessCheckinRequest: j: "en_US"
12-11 14:48:12.161  2749  2918 I ProcessCheckinRequest: k <
12-11 14:48:12.161  2749  2918 I ProcessCheckinRequest:   a <
12-11 14:48:12.161  2749  2918 I ProcessCheckinRequest:     a: "Android/sdk_google_phone_x86/generic_x86:6.0/MASTER/4409279:userdebug/test-keys"
12-11 14:48:12.161  2749  2918 I ProcessCheckinRequest:     c: "unknown"
12-11 14:48:12.161  2749  2918 I ProcessCheckinRequest:     d: "ranchu"
12-11 14:48:12.161  2749  2918 I ProcessCheckinRequest:     e: "Android"
12-11 14:48:12.161  2749  2918 I ProcessCheckinRequest:     f: "android-google"
12-11 14:48:12.161  2749  2918 I ProcessCheckinRequest:     g: 1508538613
12-11 14:48:12.161  2749  2918 I ProcessCheckinRequest:     h: 11743470
12-11 14:48:12.161  2749  2918 I ProcessCheckinRequest:     i: 23
12-11 14:48:12.161  2749  2918 I ProcessCheckinRequest:     j: "generic_x86"
12-11 14:48:12.161  2749  2918 I ProcessCheckinRequest:     k: "Android SDK built for x86"
12-11 14:48:12.161  2749  2918 I ProcessCheckinRequest:     l: "unknown"
12-11 14:48:12.161  2749  2918 I ProcessCheckinRequest:     m: "sdk_google_phone_x86"
12-11 14:48:12.161  2749  2918 I ProcessCheckinRequest:     n: false
12-11 14:48:12.161  2749  2918 I ProcessCheckinRequest:     o <
12-11 14:48:12.161  2749  2918 I ProcessCheckinRequest:       a: 1
12-11 14:48:12.161  2749  2918 I ProcessCheckinRequest:       b: "android-google"
12-11 14:48:12.161  2749  2918 I ProcessCheckinRequest:     >
12-11 14:48:12.161  2749  2918 I ProcessCheckinRequest:     q: "2016-09-06"
12-11 14:48:12.161  2749  2918 I ProcessCheckinRequest:   >
12-11 14:48:12.161  2749  2918 I ProcessCheckinRequest:   b: 1513022274329
12-11 14:48:12.161  2749  2918 I ProcessCheckinRequest:   e: "310260"
12-11 14:48:12.161  2749  2918 I ProcessCheckinRequest:   f: "310260"
12-11 14:48:12.161  2749  2918 I ProcessCheckinRequest:   g: "MOBILE:LTE:"
12-11 14:48:12.161  2749  2918 I ProcessCheckinRequest:   h: true
12-11 14:48:12.161  2749  2918 I ProcessCheckinRequest:   i: 0
12-11 14:48:12.161  2749  2918 I ProcessCheckinRequest:   j: 2
12-11 14:48:12.161  2749  2918 I ProcessCheckinRequest:   k <
12-11 14:48:12.161  2749  2918 I ProcessCheckinRequest:     a: 4
12-11 14:48:12.161  2749  2918 I ProcessCheckinRequest:     b: 1
12-11 14:48:12.161  2749  2918 I ProcessCheckinRequest:     c: "unspecified"
12-11 14:48:12.161  2749  2918 I ProcessCheckinRequest:     d: ""
12-11 14:48:12.161  2749  2918 I ProcessCheckinRequest:     e: false
12-11 14:48:12.161  2749  2918 I ProcessCheckinRequest:   >
12-11 14:48:12.161  2749  2918 I ProcessCheckinRequest:   l <
12-11 14:48:12.161  2749  2918 I ProcessCheckinRequest:     a: "310260"
12-11 14:48:12.161  2749  2918 I ProcessCheckinRequest:     b: "Android"
12-11 14:48:12.161  2749  2918 I ProcessCheckinRequest:     c: "0"
12-11 14:48:12.161  2749  2918 I ProcessCheckinRequest:     d: 0
12-11 14:48:12.161  2749  2918 I ProcessCheckinRequest:     d: 1
12-11 14:48:12.161  2749  2918 I ProcessCheckinRequest:     d: 2
12-11 14:48:12.161  2749  2918 I ProcessCheckinRequest:     e: "310260000000000"
12-11 14:48:12.161  2749  2918 I ProcessCheckinRequest:     g: "\027L"
12-11 14:48:12.161  2749  2918 I ProcessCheckinRequest:   >
12-11 14:48:12.161  2749  2918 I ProcessCheckinRequest: >
12-11 14:48:12.161  2749  2918 I ProcessCheckinRequest: l: ""
12-11 14:48:12.161  2749  2918 I ProcessCheckinRequest: m: "America/Chicago"
12-11 14:48:12.161  2749  2918 I ProcessCheckinRequest: n: 785681893831896180
12-11 14:48:12.161  2749  2918 I ProcessCheckinRequest: o: 3
12-11 14:48:12.161  2749  2918 I ProcessCheckinRequest: p: "71Q6Rn2DDZl1zPDVaaeEHItd+Yg="
12-11 14:48:12.161  2749  2918 I ProcessCheckinRequest: q <
12-11 14:48:12.161  2749  2918 I ProcessCheckinRequest:   a: 3
12-11 14:48:12.161  2749  2918 I ProcessCheckinRequest:   b: 1
12-11 14:48:12.161  2749  2918 I ProcessCheckinRequest:   c: 2
12-11 14:48:12.161  2749  2918 I ProcessCheckinRequest:   d: 2
12-11 14:48:12.161  2749  2918 I ProcessCheckinRequest:   e: false
12-11 14:48:12.161  2749  2918 I ProcessCheckinRequest:   f: true
12-11 14:48:12.161  2749  2918 I ProcessCheckinRequest:   g: 480
12-11 14:48:12.161  2749  2918 I ProcessCheckinRequest:   h: 1080
12-11 14:48:12.161  2749  2918 I ProcessCheckinRequest:   i: 1776
12-11 14:48:12.161  2749  2918 I ProcessCheckinRequest:   j: 131072
12-11 14:48:12.161  2749  2918 I ProcessCheckinRequest:   k: "android.test.runner"
12-11 14:48:12.161  2749  2918 I ProcessCheckinRequest:   k: "com.android.future.usb.accessory"
12-11 14:48:12.161  2749  2918 I ProcessCheckinRequest:   k: "com.android.location.provider"
12-11 14:48:12.161  2749  2918 I ProcessCheckinRequest:   k: "com.android.media.remotedisplay"
12-11 14:48:12.161  2749  2918 I ProcessCheckinRequest:   k: "com.android.mediadrm.signer"
12-11 14:48:12.161  2749  2918 I ProcessCheckinRequest:   k: "com.google.android.gms"
12-11 14:48:12.161  2749  2918 I ProcessCheckinRequest:   k: "com.google.android.maps"
12-11 14:48:12.161  2749  2918 I ProcessCheckinRequest:   k: "com.google.android.media.effects"
12-11 14:48:12.161  2749  2918 I ProcessCheckinRequest:   k: "javax.obex"
12-11 14:48:12.161  2749  2918 I ProcessCheckinRequest:   k: "org.apache.http.legacy"
12-11 14:48:12.161  2749  2918 I ProcessCheckinRequest:   l: "android.hardware.audio.output"
12-11 14:48:12.161  2749  2918 I ProcessCheckinRequest:   l: "android.hardware.camera"
12-11 14:48:12.161  2749  2918 I ProcessCheckinRequest:   l: "android.hardware.camera.any"
12-11 14:48:12.161  2749  2918 I ProcessCheckinRequest:   l: "android.hardware.faketouch"
12-11 14:48:12.161  2749  2918 I ProcessCheckinRequest:   l: "android.hardware.location"
12-11 14:48:12.161  2749  2918 I ProcessCheckinRequest:   l: "android.hardware.location.gps"
12-11 14:48:12.161  2749  2918 I ProcessCheckinRequest:   l: "android.hardware.location.network"
12-11 14:48:12.161  2749  2918 I ProcessCheckinRequest:   l: "android.hardware.microphone"
12-11 14:48:12.161  2749  2918 I ProcessCheckinRequest:   l: "android.hardware.screen.landscape"
12-11 14:48:12.161  2749  2918 I ProcessCheckinRequest:   l: "android.hardware.screen.portrait"
12-11 14:48:12.161  2749  2918 I ProcessCheckinRequest:   l: "android.hardware.sensor.accelerometer"
12-11 14:48:12.161  2749  2918 I ProcessCheckinRequest:   l: "android.hardware.sensor.ambient_temperature"
12-11 14:48:12.161  2749  2918 I ProcessCheckinRequest:   l: "android.hardware.sensor.barometer"
12-11 14:48:12.161  2749  2918 I ProcessCheckinRequest:   l: "android.hardware.sensor.compass"
12-11 14:48:12.161  2749  2918 I ProcessCheckinRequest:   l: "android.hardware.sensor.light"
12-11 14:48:12.161  2749  2918 I ProcessCheckinRequest:   l: "android.hardware.sensor.proximity"
12-11 14:48:12.161  2749  2918 I ProcessCheckinRequest:   l: "android.hardware.sensor.relative_humidity"
12-11 14:48:12.161  2749  2918 I ProcessCheckinRequest:   l: "android.hardware.telephony"
12-11 14:48:12.161  2749  2918 I ProcessCheckinRequest:   l: "android.hardware.telephony.gsm"
12-11 14:48:12.161  2749  2918 I ProcessCheckinRequest:   l: "android.hardware.touchscreen"
12-11 14:48:12.161  2749  2918 I ProcessCheckinRequest:   l: "android.hardware.touchscreen.multitouch"
12-11 14:48:12.161  2749  2918 I ProcessCheckinRequest:   l: "android.hardware.touchscreen.multitouch.distinct"
12-11 14:48:12.161  2749  2918 I ProcessCheckinRequest:   l: "android.hardware.touchscreen.multitouch.jazzhand"
12-11 14:48:12.161  2749  2918 I ProcessCheckinRequest:   l: "android.hardware.usb.accessory"
12-11 14:48:12.161  2749  2918 I ProcessCheckinRequest:   l: "android.software.app_widgets"
12-11 14:48:12.161  2749  2918 I ProcessCheckinRequest:   l: "android.software.backup"
12-11 14:48:12.161  2749  2918 I ProcessCheckinRequest:   l: "android.software.connectionservice"
12-11 14:48:12.161  2749  2918 I ProcessCheckinRequest:   l: "android.software.device_admin"
12-11 14:48:12.161  2749  2918 I ProcessCheckinRequest:   l: "android.software.home_screen"
12-11 14:48:12.161  2749  2918 I ProcessCheckinRequest:   l: "android.software.input_methods"
12-11 14:48:12.161  2749  2918 I ProcessCheckinRequest:   l: "android.software.live_wallpaper"
12-11 14:48:12.161  2749  2918 I ProcessCheckinRequest:   l: "android.software.managed_users"
12-11 14:48:12.161  2749  2918 I ProcessCheckinRequest:   l: "android.software.midi"
12-11 14:48:12.161  2749  2918 I ProcessCheckinRequest:   l: "android.software.print"
12-11 14:48:12.161  2749  2918 I ProcessCheckinRequest:   l: "android.software.voice_recognizers"
12-11 14:48:12.161  2749  2918 I ProcessCheckinRequest:   l: "android.software.webview"
12-11 14:48:12.161  2749  2918 I ProcessCheckinRequest:   m <
12-11 14:48:12.161  2749  2918 I ProcessCheckinRequest:     a: "android.hardware.audio.output"
12-11 14:48:12.161  2749  2918 I ProcessCheckinRequest:     b: 0
12-11 14:48:12.161  2749  2918 I ProcessCheckinRequest:   >
12-11 14:48:12.161  2749  2918 I ProcessCheckinRequest:   m <
12-11 14:48:12.161  2749  2918 I ProcessCheckinRequest:     a: "android.hardware.camera"
12-11 14:48:12.161  2749  2918 I ProcessCheckinRequest:     b: 0
12-11 14:48:12.161  2749  2918 I ProcessCheckinRequest:   >
12-11 14:48:12.161  2749  2918 I ProcessCheckinRequest:   m <
12-11 14:48:12.161  2749  2918 I ProcessCheckinRequest:     a: "android.hardware.camera.any"
12-11 14:48:12.161  2749  2918 I ProcessCheckinRequest:     b: 0
12-11 14:48:12.161  2749  2918 I ProcessCheckinRequest:   >
12-11 14:48:12.161  2749  2918 I ProcessCheckinRequest:   m <
12-11 14:48:12.161  2749  2918 I ProcessCheckinRequest:     a: "android.hardware.faketouch"
12-11 14:48:12.161  2749  2918 I ProcessCheckinRequest:     b: 0
12-11 14:48:12.161  2749  2918 I ProcessCheckinRequest:   >
12-11 14:48:12.161  2749  2918 I ProcessCheckinRequest:   m <
12-11 14:48:12.161  2749  2918 I ProcessCheckinRequest:     a: "android.hardware.location"
12-11 14:48:12.161  2749  2918 I ProcessCheckinRequest:     b: 0
12-11 14:48:12.161  2749  2918 I ProcessCheckinRequest:   >
12-11 14:48:12.161  2749  2918 I ProcessCheckinRequest:   m <
12-11 14:48:12.161  2749  2918 I ProcessCheckinRequest:     a: "android.hardware.location.gps"
12-11 14:48:12.161  2749  2918 I ProcessCheckinRequest:     b: 0
12-11 14:48:12.161  2749  2918 I ProcessCheckinRequest:   >
12-11 14:48:12.161  2749  2918 I ProcessCheckinRequest:   m <
12-11 14:48:12.161  2749  2918 I ProcessCheckinRequest:     a: "android.hardware.location.network"
12-11 14:48:12.161  2749  2918 I ProcessCheckinRequest:     b: 0
12-11 14:48:12.161  2749  2918 I ProcessCheckinRequest:   >
12-11 14:48:12.161  2749  2918 I ProcessCheckinRequest:   m <
12-11 14:48:12.161  2749  2918 I ProcessCheckinRequest:     a: "android.hardware.microphone"
12-11 14:48:12.161  2749  2918 I ProcessCheckinRequest:     b: 0
12-11 14:48:12.161  2749  2918 I ProcessCheckinRequest:   >
12-11 14:48:12.161  2749  2918 I ProcessCheckinRequest:   m <
12-11 14:48:12.161  2749  2918 I ProcessCheckinRequest:     a: "android.hardware.screen.landscape"
12-11 14:48:12.161  2749  2918 I ProcessCheckinRequest:     b: 0
12-11 14:48:12.161  2749  2918 I ProcessCheckinRequest:   >
12-11 14:48:12.161  2749  2918 I ProcessCheckinRequest:   m <
12-11 14:48:12.161  2749  2918 I ProcessCheckinRequest:     a: "android.hardware.screen.portrait"
12-11 14:48:12.161  2749  2918 I ProcessCheckinRequest:     b: 0
12-11 14:48:12.161  2749  2918 I ProcessCheckinRequest:   >
12-11 14:48:12.161  2749  2918 I ProcessCheckinRequest:   m <
12-11 14:48:12.161  2749  2918 I ProcessCheckinRequest:     a: "android.hardware.sensor.accelerometer"
12-11 14:48:12.161  2749  2918 I ProcessCheckinRequest:     b: 0
12-11 14:48:12.161  2749  2918 I ProcessCheckinRequest:   >
12-11 14:48:12.161  2749  2918 I ProcessCheckinRequest:   m <
12-11 14:48:12.161  2749  2918 I ProcessCheckinRequest:     a: "android.hardware.sensor.ambient_temperature"
12-11 14:48:12.161  2749  2918 I ProcessCheckinRequest:     b: 0
12-11 14:48:12.161  2749  2918 I ProcessCheckinRequest:   >
12-11 14:48:12.161  2749  2918 I ProcessCheckinRequest:   m <
12-11 14:48:12.161  2749  2918 I ProcessCheckinRequest:     a: "android.hardware.sensor.barometer"
12-11 14:48:12.161  2749  2918 I ProcessCheckinRequest:     b: 0
12-11 14:48:12.161  2749  2918 I ProcessCheckinRequest:   >
12-11 14:48:12.161  2749  2918 I ProcessCheckinRequest:   m <
12-11 14:48:12.161  2749  2918 I ProcessCheckinRequest:     a: "android.hardware.sensor.compass"
12-11 14:48:12.161  2749  2918 I ProcessCheckinRequest:     b: 0
12-11 14:48:12.161  2749  2918 I ProcessCheckinRequest:   >
12-11 14:48:12.161  2749  2918 I ProcessCheckinRequest:   m <
12-11 14:48:12.161  2749  2918 I ProcessCheckinRequest:     a: "android.hardware.sensor.light"
12-11 14:48:12.161  2749  2918 I ProcessCheckinRequest:     b: 0
12-11 14:48:12.161  2749  2918 I ProcessCheckinRequest:   >
12-11 14:48:12.161  2749  2918 I ProcessCheckinRequest:   m <
12-11 14:48:12.161  2749  2918 I ProcessCheckinRequest:     a: "android.hardware.sensor.proximity"
12-11 14:48:12.161  2749  2918 I ProcessCheckinRequest:     b: 0
12-11 14:48:12.161  2749  2918 I ProcessCheckinRequest:   >
12-11 14:48:12.161  2749  2918 I ProcessCheckinRequest:   m <
12-11 14:48:12.161  2749  2918 I ProcessCheckinRequest:     a: "android.hardware.sensor.relative_humidity"
12-11 14:48:12.161  2749  2918 I ProcessCheckinRequest:     b: 0
12-11 14:48:12.161  2749  2918 I ProcessCheckinRequest:   >
12-11 14:48:12.161  2749  2918 I ProcessCheckinRequest:   m <
12-11 14:48:12.161  2749  2918 I ProcessCheckinRequest:     a: "android.hardware.telephony"
12-11 14:48:12.161  2749  2918 I ProcessCheckinRequest:     b: 0
12-11 14:48:12.161  2749  2918 I ProcessCheckinRequest:   >
12-11 14:48:12.161  2749  2918 I ProcessCheckinRequest:   m <
12-11 14:48:12.161  2749  2918 I ProcessCheckinRequest:     a: "android.hardware.telephony.gsm"
12-11 14:48:12.161  2749  2918 I ProcessCheckinRequest:     b: 0
12-11 14:48:12.161  2749  2918 I ProcessCheckinRequest:   >
12-11 14:48:12.161  2749  2918 I ProcessCheckinRequest:   m <
12-11 14:48:12.161  2749  2918 I ProcessCheckinRequest:     a: "android.hardware.touchscreen"
12-11 14:48:12.161  2749  2918 I ProcessCheckinRequest:     b: 0
12-11 14:48:12.161  2749  2918 I ProcessCheckinRequest:   >
12-11 14:48:12.161  2749  2918 I ProcessCheckinRequest:   m <
12-11 14:48:12.161  2749  2918 I ProcessCheckinRequest:     a: "android.hardware.touchscreen.multitouch"
12-11 14:48:12.161  2749  2918 I ProcessCheckinRequest:     b: 0
12-11 14:48:12.161  2749  2918 I ProcessCheckinRequest:   >
12-11 14:48:12.161  2749  2918 I ProcessCheckinRequest:   m <
12-11 14:48:12.161  2749  2918 I ProcessCheckinRequest:     a: "android
12-11 14:48:12.286  3191  3234 W OpenGLRenderer: Incorrectly called buildLayer on View: ShortcutAndWidgetContainer, destroying layer...
12-11 14:48:12.286  3191  3234 W OpenGLRenderer: Incorrectly called buildLayer on View: ShortcutAndWidgetContainer, destroying layer...
--------- beginning of main
12-11 15:02:31.324  3999  3999 D MonkeyStub: translateCommand: wake
12-11 15:02:31.373  3999  3999 D MonkeyStub: translateCommand: tap 545 1839
--------- beginning of system
12-11 15:02:31.384  1919  1983 I ActivityManager: START u0 {act=android.intent.action.MAIN cat=[android.intent.category.HOME] flg=0x10200000 cmp=com.android.launcher3/.Launcher (has extras)} from uid 1000 on display 0
12-11 15:02:31.391  2180  2639 D EGL_emulation: eglMakeCurrent: 0xae494a80: ver 2 0 (tinfo 0xae492530)
12-11 15:02:32.376  3999  3999 D MonkeyStub: translateCommand: tap 545 1630
12-11 15:02:32.444  1646  1955 D AudioFlinger: mixer(0xb4300000) throttle end: throttle time(9)
12-11 15:02:34.189  2762  4019 I iu.UploadsManager: End new media; added: 0, uploading: 0, time: 19 ms
12-11 15:02:34.385  3999  3999 D MonkeyStub: translateCommand: tap 179 704
12-11 15:02:34.407  1919  2705 I ActivityManager: START u0 {act=android.intent.action.MAIN cat=[android.intent.category.LAUNCHER] flg=0x10200000 cmp=com.android.calendar/.AllInOneActivity (has extras)} from uid 10009 on display 0
12-11 15:02:34.418  1919  1933 W BroadcastQueue: Permission Denial: broadcasting Intent { act=com.android.launcher3.action.LAUNCH flg=0x10 (has extras) } from com.android.launcher3 (pid=3210, uid=10009) requires com.google.android.launcher.permission.RECEIVE_LAUNCH_BROADCASTS due to receiver com.google.android.gms/.icing.proxy.ApplicationLauncherReceiver
12-11 15:02:34.418  1919  1933 W BroadcastQueue: Permission Denial: receiving Intent { act=com.android.launcher3.action.LAUNCH flg=0x10 (has extras) } to com.google.android.gms/.chimera.GmsIntentOperationService$GmsExternalReceiver requires com.android.launcher3.permission.RECEIVE_LAUNCH_BROADCASTS due to sender com.android.launcher3 (uid 10009)
12-11 15:02:34.418  1919  1933 W BroadcastQueue: Permission Denial: broadcasting Intent { act=com.android.launcher3.action.LAUNCH flg=0x10 (has extras) } from com.android.launcher3 (pid=3210, uid=10009) requires com.google.android.launcher.permission.RECEIVE_LAUNCH_BROADCASTS due to receiver com.google.android.googlequicksearchbox/com.google.android.search.core.icingsync.ApplicationLaunchReceiver
12-11 15:02:34.430  3121  3121 D ExtensionsFactory: AllInOneMenuExtensions not found in properties file.
12-11 15:02:34.467  1237  2422 D gralloc_ranchu: gralloc_alloc: Creating ashmem region of size 7675904
12-11 15:02:34.486  3121  3121 D ExtensionsFactory: AnalyticsLogger not found in properties file.
12-11 15:02:34.574  1237  1985 D gralloc_ranchu: gralloc_alloc: Creating ashmem region of size 7675904
12-11 15:02:34.696  1237  1985 E SurfaceFlinger: ro.sf.lcd_density must be defined as a build property
12-11 15:02:34.700  3121  4022 D OpenGLRenderer: Use EGL_SWAP_BEHAVIOR_PRESERVED: true
12-11 15:02:34.711  3121  3121 D         : HostConnection::get() New Host Connection established 0xa2909700, tid 3121
12-11 15:02:34.744  2180  2639 D EGL_emulation: eglMakeCurrent: 0xae494a80: ver 2 0 (tinfo 0xae492530)
12-11 15:02:34.755  2180  2639 D EGL_emulation: eglMakeCurrent: 0xae494a80: ver 2 0 (tinfo 0xae492530)
12-11 15:02:34.764  3210  3253 D EGL_emulation: eglMakeCurrent: 0xaa907ba0: ver 2 0 (tinfo 0xaaa1dad0)
12-11 15:02:34.768  3121  3121 W         : Unrecognized GLES max version string in extensions: ANDROID_EMU_CHECKSUM_HELPER_v1 ANDROID_EMU_dma_v1 
12-11 15:02:34.769  3210  3253 E Surface : getSlotFromBufferLocked: unknown buffer: 0xb403cc60
12-11 15:02:34.778  2180  2639 D EGL_emulation: eglMakeCurrent: 0xae494a80: ver 2 0 (tinfo 0xae492530)
12-11 15:02:34.799  2180  2639 D EGL_emulation: eglMakeCurrent: 0xae494a80: ver 2 0 (tinfo 0xae492530)
12-11 15:02:34.810  2180  2639 D EGL_emulation: eglMakeCurrent: 0xae494a80: ver 2 0 (tinfo 0xae492530)
12-11 15:02:34.819  2180  2639 D EGL_emulation: eglMakeCurrent: 0xae494a80: ver 2 0 (tinfo 0xae492530)
12-11 15:02:34.830  2180  2639 D EGL_emulation: eglMakeCurrent: 0xae494a80: ver 2 0 (tinfo 0xae492530)
12-11 15:02:34.834  2180  2639 D EGL_emulation: eglMakeCurrent: 0xae494a80: ver 2 0 (tinfo 0xae492530)
12-11 15:02:34.835  2738  2738 W ChimeraUtils: Non Chimera context
12-11 15:02:34.842  2180  2639 D EGL_emulation: eglMakeCurrent: 0xae494a80: ver 2 0 (tinfo 0xae492530)
12-11 15:02:34.850  2180  2639 D EGL_emulation: eglMakeCurrent: 0xae494a80: ver 2 0 (tinfo 0xae492530)
12-11 15:02:34.853  2180  2639 D EGL_emulation: eglMakeCurrent: 0xae494a80: ver 2 0 (tinfo 0xae492530)
12-11 15:02:34.865  3121  4022 D         : HostConnection::get() New Host Connection established 0xa2909a40, tid 4022
12-11 15:02:34.869  2180  2639 D EGL_emulation: eglMakeCurrent: 0xae494a80: ver 2 0 (tinfo 0xae492530)
12-11 15:02:34.885  2180  2639 D EGL_emulation: eglMakeCurrent: 0xae494a80: ver 2 0 (tinfo 0xae492530)
12-11 15:02:34.889  2180  2639 D EGL_emulation: eglMakeCurrent: 0xae494a80: ver 2 0 (tinfo 0xae492530)
12-11 15:02:34.900  2180  2639 D EGL_emulation: eglMakeCurrent: 0xae494a80: ver 2 0 (tinfo 0xae492530)
12-11 15:02:34.902  2738  3923 W ConfigurationChimeraPro: Caller is not authorized to access Uri: content://com.google.android.gms.phenotype/com.google.android.gms.common_auth
12-11 15:02:34.914  3121  4022 W         : Unrecognized GLES max version string in extensions: ANDROID_EMU_CHECKSUM_HELPER_v1 ANDROID_EMU_dma_v1 
12-11 15:02:34.915  3121  4022 I OpenGLRenderer: Initialized EGL, version 1.4
12-11 15:02:34.915  3121  4022 W OpenGLRenderer: Failed to choose config with EGL_SWAP_BEHAVIOR_PRESERVED, retrying without...
12-11 15:02:34.918  3121  4022 D EGL_emulation: eglCreateContext: 0xae494960: maj 2 min 0 rcv 2
12-11 15:02:34.918  2180  2639 D EGL_emulation: eglMakeCurrent: 0xae494a80: ver 2 0 (tinfo 0xae492530)
12-11 15:02:34.919  3121  4022 D EGL_emulation: eglMakeCurrent: 0xae494960: ver 2 0 (tinfo 0xae492960)
12-11 15:02:34.927  2180  2639 D EGL_emulation: eglMakeCurrent: 0xae494a80: ver 2 0 (tinfo 0xae492530)
12-11 15:02:34.955  2180  2639 D EGL_emulation: eglMakeCurrent: 0xae494a80: ver 2 0 (tinfo 0xae492530)
12-11 15:02:34.951  3121  4022 D EGL_emulation: eglMakeCurrent: 0xae494960: ver 2 0 (tinfo 0xae492960)
12-11 15:02:34.979  1237  1310 D         : HostConnection::get() New Host Connection established 0xb700db40, tid 1310
12-11 15:02:34.981  2180  2639 D EGL_emulation: eglMakeCurrent: 0xae494a80: ver 2 0 (tinfo 0xae492530)
12-11 15:02:34.987  2180  2639 D EGL_emulation: eglMakeCurrent: 0xae494a80: ver 2 0 (tinfo 0xae492530)
12-11 15:02:34.988  1919  2080 I ActivityManager: START u0 {act=com.google.android.gms.ui.UNPACKING_REDIRECT dat=intent://com.google.android.gms.auth.uiflows.common/fa4b33fc-06a6-4abb-87c5-5c3ebcab371e pkg=com.google.android.gms cmp=com.google.android.gms/.auth.uiflows.common.UnpackingRedirectActivity (has extras)} from uid 10022 on display 0
12-11 15:02:35.010  2180  2639 D EGL_emulation: eglMakeCurrent: 0xae494a80: ver 2 0 (tinfo 0xae492530)
12-11 15:02:35.017  1237  1310 W         : Unrecognized GLES max version string in extensions: ANDROID_EMU_CHECKSUM_HELPER_v1 ANDROID_EMU_dma_v1 
12-11 15:02:35.308  1919  2080 I WindowManager: Screenshot max retries 4 of Token{6d4b193 ActivityRecord{a9ea682 u0 com.android.calendar/.AllInOneActivity t4}} appWin=Window{5eb70a9 u0 com.android.calendar/com.android.calendar.AllInOneActivity} drawState=1
12-11 15:02:35.392  1919  2080 W InputMethodManagerService: Focus gain on non-focused client com.android.internal.view.IInputMethodClient$Stub$Proxy@8c849f4 (uid=10022 pid=3121)
12-11 15:02:35.434  1919  2080 I ActivityManager: START u0 {cat=[categoryhack:92d44620-d3e5-4602-9902-b024ac01c9ba] flg=0x2000000 cmp=com.google.android.gms/.auth.uiflows.addaccount.AccountIntroActivity (has extras)} from uid 10008 on display 0
12-11 15:02:35.486  2738  2749 W ConfigurationChimeraPro: Got null configs for com.google.android.gms.common_auth
12-11 15:02:35.495  1919  2162 I ActivityManager: START u0 {flg=0x2000000 cmp=com.google.android.gms/.auth.uiflows.addaccount.PreAddAccountActivity (has extras)} from uid 10008 on display 0
12-11 15:02:35.512  3121  4022 D EGL_emulation: eglMakeCurrent: 0xae494960: ver 2 0 (tinfo 0xae492960)
12-11 15:02:35.513  3121  4022 E Surface : getSlotFromBufferLocked: unknown buffer: 0xa231b0a0
12-11 15:02:35.530  2738  2751 W ConfigurationChimeraPro: Got null configs for com.google.android.gms.auth.account.base
12-11 15:02:35.575  1237  1295 E SurfaceFlinger: ro.sf.lcd_density must be defined as a build property
12-11 15:02:35.575  3542  4026 D OpenGLRenderer: Use EGL_SWAP_BEHAVIOR_PRESERVED: true
12-11 15:02:35.589  3542  3542 D         : HostConnection::get() New Host Connection established 0xad13a6c0, tid 3542
12-11 15:02:35.626  3542  3542 W         : Unrecognized GLES max version string in extensions: ANDROID_EMU_CHECKSUM_HELPER_v1 ANDROID_EMU_dma_v1 
12-11 15:02:35.637  2738  2749 W Auth    : [FactoryResetProtectionManager] Factory reset protection is not supported!
12-11 15:02:35.642  2180  2180 D PhoneStatusBar: disable: < expand icons alerts system_info BACK* home recent clock search quick_settings >
12-11 15:02:35.650  2180  2639 D EGL_emulation: eglMakeCurrent: 0xae494a80: ver 2 0 (tinfo 0xae492530)
12-11 15:02:35.655  3542  4026 D         : HostConnection::get() New Host Connection established 0xad13a900, tid 4026
12-11 15:02:35.699  3542  4026 W         : Unrecognized GLES max version string in extensions: ANDROID_EMU_CHECKSUM_HELPER_v1 ANDROID_EMU_dma_v1 
12-11 15:02:35.700  3542  4026 I OpenGLRenderer: Initialized EGL, version 1.4
12-11 15:02:35.700  3542  4026 W OpenGLRenderer: Failed to choose config with EGL_SWAP_BEHAVIOR_PRESERVED, retrying without...
12-11 15:02:35.703  3542  4026 D EGL_emulation: eglCreateContext: 0xaa908680: maj 2 min 0 rcv 2
12-11 15:02:35.704  3542  4026 D EGL_emulation: eglMakeCurrent: 0xaa908680: ver 2 0 (tinfo 0xaaa44fc0)
12-11 15:02:35.724  3542  4026 D EGL_emulation: eglMakeCurrent: 0xaa908680: ver 2 0 (tinfo 0xaaa44fc0)
12-11 15:02:35.755  1919  2064 I ActivityManager: START u0 {flg=0x2000000 cmp=com.google.android.gms/.auth.uiflows.minutemaid.MinuteMaidActivity (has extras)} from uid 10008 on display 0
12-11 15:02:35.760  2180  2180 D PhoneStatusBar: disable: < expand icons alerts system_info back* home recent clock search quick_settings >
12-11 15:02:35.845  1919  1931 W InputMethodManagerService: Focus gain on non-focused client com.android.internal.view.IInputMethodClient$Stub$Proxy@906d38e (uid=10008 pid=3542)
12-11 15:02:35.911  3542  3542 I WebViewFactory: Loading com.android.webview version 44.0.2403.119 (code 246011910)
12-11 15:02:35.930  3542  3542 W System  : ClassLoader referenced unknown path: /system/app/webview/lib/x86
12-11 15:02:35.935  3542  3542 I LibraryLoader: Time to load native libraries: 1 ms (timestamps 6526-6527)
12-11 15:02:35.935  3542  3542 I LibraryLoader: Expected native library version number "",actual native library version number ""
12-11 15:02:35.941  3542  3542 W art     : Attempt to remove non-JNI local reference, dumping thread
12-11 15:02:35.987  3542  3542 V WebViewChromiumFactoryProvider: Binding Chromium to main looper Looper (main, tid 1) {e51e2a7}
12-11 15:02:35.988  3542  3542 I LibraryLoader: Expected native library version number "",actual native library version number ""
12-11 15:02:35.991  3542  3542 I chromium: [INFO:library_loader_hooks.cc(120)] Chromium logging enabled: level = 0, default verbosity = 0
12-11 15:02:35.996  3542  3542 I BrowserStartupController: Initializing chromium process, singleProcess=true
12-11 15:02:35.998  3542  3542 W art     : Attempt to remove non-JNI local reference, dumping thread
12-11 15:02:36.001  3542  3542 E SysUtils: ApplicationContext is null in ApplicationStatus
12-11 15:02:36.064  3542  3542 W chromium: [WARNING:resource_bundle.cc(285)] locale_file_path.empty()
12-11 15:02:36.069  3542  3542 E libEGL  : validate_display:255 error 3008 (EGL_BAD_DISPLAY)
12-11 15:02:36.069  3542  3542 E libEGL  : validate_display:255 error 3008 (EGL_BAD_DISPLAY)
12-11 15:02:36.076  3542  3542 D EGL_emulation: eglCreateContext: 0xaaa60660: maj 2 min 0 rcv 2
12-11 15:02:36.077  3542  3542 D EGL_emulation: eglMakeCurrent: 0xaaa60660: ver 2 0 (tinfo 0xaaa7fbf0)
12-11 15:02:36.137  3542  4043 E BluetoothAdapter: Bluetooth binder is null
12-11 15:02:36.166  3542  3542 E DataReductionProxySettingListener: No DRP key due to exception:java.lang.ClassNotFoundException: com.android.webview.chromium.Drp
12-11 15:02:36.270  3542  3542 W art     : Attempt to remove non-JNI local reference, dumping thread
12-11 15:02:36.287  3542  3542 W AwContents: onDetachedFromWindow called when already detached. Ignoring
12-11 15:02:36.311  3542  4026 D EGL_emulation: eglMakeCurrent: 0xaa908680: ver 2 0 (tinfo 0xaaa44fc0)
12-11 15:02:36.314  3542  4026 E Surface : getSlotFromBufferLocked: unknown buffer: 0xb403dca0
12-11 15:02:36.321  1237  1237 W SurfaceFlinger: couldn't log to binary event log: overflow.
12-11 15:02:36.351  3542  4026 D EGL_emulation: eglMakeCurrent: 0xaa908680: ver 2 0 (tinfo 0xaaa44fc0)
12-11 15:02:36.365  3542  4041 W chromium: [WARNING:data_reduction_proxy_config.cc(423)] SPDY proxy OFF at startup
12-11 15:02:36.384  1919  1938 I ActivityManager: Displayed com.google.android.gms/.auth.uiflows.minutemaid.MinuteMaidActivity: +538ms (total +1s965ms)
12-11 15:02:36.395  2180  2639 D EGL_emulation: eglMakeCurrent: 0xae494a80: ver 2 0 (tinfo 0xae492530)
12-11 15:02:36.401  2180  2639 D EGL_emulation: eglMakeCurrent: 0xae494a80: ver 2 0 (tinfo 0xae492530)
12-11 15:02:36.408  1919  2705 I AccountManagerService: getTypesVisibleToCaller: isPermitted? true
12-11 15:02:36.424  2180  2639 D EGL_emulation: eglMakeCurrent: 0xae494a80: ver 2 0 (tinfo 0xae492530)
12-11 15:02:36.426  3542  3542 E BluetoothAdapter: Bluetooth binder is null
12-11 15:02:36.426  3542  3542 V NFC     : this device does not have NFC support
12-11 15:02:36.428  2180  2639 D EGL_emulation: eglMakeCurrent: 0xae494a80: ver 2 0 (tinfo 0xae492530)
12-11 15:02:36.435  2180  2639 D EGL_emulation: eglMakeCurrent: 0xae494a80: ver 2 0 (tinfo 0xae492530)
12-11 15:02:36.441  2180  2639 D EGL_emulation: eglMakeCurrent: 0xae494a80: ver 2 0 (tinfo 0xae492530)
12-11 15:02:36.448  2180  2639 D EGL_emulation: eglMakeCurrent: 0xae494a80: ver 2 0 (tinfo 0xae492530)
12-11 15:02:36.448  3542  3542 W Auth    : [MinuteMaid,MinuteMaidFragment] com.google.android.androidforwork is not installed on system.
12-11 15:02:36.452  2180  2639 D EGL_emulation: eglMakeCurrent: 0xae494a80: ver 2 0 (tinfo 0xae492530)
12-11 15:02:36.468  2180  2639 D EGL_emulation: eglMakeCurrent: 0xae494a80: ver 2 0 (tinfo 0xae492530)
12-11 15:02:36.475  2180  2639 D EGL_emulation: eglMakeCurrent: 0xae494a80: ver 2 0 (tinfo 0xae492530)
12-11 15:02:36.488  2180  2639 D EGL_emulation: eglMakeCurrent: 0xae494a80: ver 2 0 (tinfo 0xae492530)
12-11 15:02:36.489  1236  1236 E SELinux : avc:  denied  { find } for service=batteryproperties scontext=u:r:untrusted_app:s0:c512,c768 tcontext=u:object_r:healthd_service:s0 tclass=service_manager
12-11 15:02:36.491  2180  2639 D EGL_emulation: eglMakeCurrent: 0xae494a80: ver 2 0 (tinfo 0xae492530)
12-11 15:02:36.501  2180  2639 D EGL_emulation: eglMakeCurrent: 0xae494a80: ver 2 0 (tinfo 0xae492530)
12-11 15:02:36.505  2180  2639 D EGL_emulation: eglMakeCurrent: 0xae494a80: ver 2 0 (tinfo 0xae492530)
12-11 15:02:36.521  2180  2639 D EGL_emulation: eglMakeCurrent: 0xae494a80: ver 2 0 (tinfo 0xae492530)
12-11 15:02:36.526  2180  2639 D EGL_emulation: eglMakeCurrent: 0xae494a80: ver 2 0 (tinfo 0xae492530)
12-11 15:02:36.543  2180  2639 D EGL_emulation: eglMakeCurrent: 0xae494a80: ver 2 0 (tinfo 0xae492530)
12-11 15:02:36.555  2180  2639 D EGL_emulation: eglMakeCurrent: 0xae494a80: ver 2 0 (tinfo 0xae492530)
12-11 15:02:36.568  2180  2639 D EGL_emulation: eglMakeCurrent: 0xae494a80: ver 2 0 (tinfo 0xae492530)
12-11 15:02:36.575  2180  2639 D EGL_emulation: eglMakeCurrent: 0xae494a80: ver 2 0 (tinfo 0xae492530)
12-11 15:02:36.591  2180  2639 D EGL_emulation: eglMakeCurrent: 0xae494a80: ver 2 0 (tinfo 0xae492530)
12-11 15:02:36.604  2180  2639 D EGL_emulation: eglMakeCurrent: 0xae494a80: ver 2 0 (tinfo 0xae492530)
12-11 15:02:36.609  2180  2639 D EGL_emulation: eglMakeCurrent: 0xae494a80: ver 2 0 (tinfo 0xae492530)
12-11 15:02:36.689  3670  3670 W Binder_5: type=1400 audit(0.0:42): avc: denied { search } for name="1649" dev="proc" ino=6050 scontext=u:r:untrusted_app:s0:c512,c768 tcontext=u:r:zygote:s0 tclass=dir permissive=0
12-11 15:02:36.755  3506  3670 D         : HostConnection::get() New Host Connection established 0xaa210400, tid 3670
12-11 15:02:36.809  3506  3670 W         : Unrecognized GLES max version string in extensions: ANDROID_EMU_CHECKSUM_HELPER_v1 ANDROID_EMU_dma_v1 
12-11 15:02:36.814  3506  3670 D EGL_emulation: eglCreateContext: 0xae495440: maj 2 min 0 rcv 2
12-11 15:02:36.818  3506  3670 D EGL_emulation: eglMakeCurrent: 0xae495440: ver 2 0 (tinfo 0xaa1d98c0)
12-11 15:02:36.901  3506  3670 D EGL_emulation: eglCreateContext: 0xae495920: maj 2 min 0 rcv 2
12-11 15:02:36.904  3506  3670 D EGL_emulation: eglMakeCurrent: 0xae495920: ver 2 0 (tinfo 0xaa1d98c0)
12-11 15:02:36.960  3542  3542 I Auth    : [BrowserSignInFragment] onPageStarted: Host: accounts.google.com Path: /embedded/setup/android
12-11 15:02:36.960  3542  3542 W art     : Attempt to remove non-JNI local reference, dumping thread
12-11 15:02:36.960  3542  3542 W art     : Attempt to remove non-JNI local reference, dumping thread
12-11 15:02:36.961  3542  4057 D         : HostConnection::get() New Host Connection established 0x98d2ee40, tid 4057
12-11 15:02:37.011  3542  4057 W         : Unrecognized GLES max version string in extensions: ANDROID_EMU_CHECKSUM_HELPER_v1 ANDROID_EMU_dma_v1 
12-11 15:02:37.016  3542  4057 D EGL_emulation: eglCreateContext: 0xae496340: maj 2 min 0 rcv 2
12-11 15:02:37.017  3542  4057 D EGL_emulation: eglMakeCurrent: 0xae496340: ver 2 0 (tinfo 0x97c13200)
12-11 15:02:37.039  3670  3670 W Binder_5: type=1400 audit(0.0:43): avc: denied { read } for name="/" dev="tmpfs" ino=1041 scontext=u:r:untrusted_app:s0:c512,c768 tcontext=u:object_r:device:s0 tclass=dir permissive=0
12-11 15:02:37.423  3542  4057 D EGL_emulation: eglCreateContext: 0xae496400: maj 2 min 0 rcv 2
12-11 15:02:37.425  3542  4057 D EGL_emulation: eglMakeCurrent: 0xae496400: ver 2 0 (tinfo 0x97c13200)
12-11 15:02:37.475  3542  4057 D EGL_emulation: eglMakeCurrent: 0xae496340: ver 2 0 (tinfo 0x97c13200)
12-11 15:02:37.480  3542  4057 D EGL_emulation: eglMakeCurrent: 0xae496400: ver 2 0 (tinfo 0x97c13200)
12-11 15:02:37.526  3542  3542 W BindingManager: Cannot call determinedVisibility() - never saw a connection for the pid: 3542
12-11 15:02:37.555  1646  1955 W audio_hw_generic: Not supplying enough data to HAL, expected position 678178 , only wrote 407837
12-11 15:02:38.249  3542  3542 I Auth    : [BrowserSignInFragment] onPageFinished: Host: accounts.google.com Path: /embedded/setup/android
12-11 15:02:38.446  3542  3542 W BindingManager: Cannot call determinedVisibility() - never saw a connection for the pid: 3542
12-11 15:02:38.446  3542  3542 I Auth    : [BrowserSignInFragment] onPageFinished: Host: accounts.google.com Path: /embedded/setup/android
12-11 15:02:38.447  3542  3542 W BindingManager: Cannot call determinedVisibility() - never saw a connection for the pid: 3542
12-11 15:02:38.447  3542  3542 I Auth    : [BrowserSignInFragment] onPageFinished: Host: accounts.google.com Path: /embedded/setup/android
12-11 15:02:38.560  3542  3542 W BindingManager: Cannot call determinedVisibility() - never saw a connection for the pid: 3542
12-11 15:02:38.583  3542  3542 W BindingManager: Cannot call determinedVisibility() - never saw a connection for the pid: 3542
12-11 15:02:38.583  3542  3542 I Auth    : [BrowserSignInFragment] onPageFinished: Host: accounts.google.com Path: /embedded/setup/android/identifier
12-11 15:02:38.679  3542  4057 D EGL_emulation: eglMakeCurrent: 0xae496340: ver 2 0 (tinfo 0x97c13200)
12-11 15:02:38.962  3542  4026 E chromium: [ERROR:buffer_manager.cc(340)] [GroupMarkerNotSet(crbug.com/242999)!:7CE08E95]GL ERROR :GL_INVALID_OPERATION : glBufferData: <- error from previous GL command
12-11 15:02:39.373  1919  2157 I AccountManagerService: getTypesVisibleToCaller: isPermitted? true
12-11 15:02:39.381  1919  2705 I AccountManagerService: getTypesVisibleToCaller: isPermitted? true
12-11 15:02:40.391  3999  3999 D MonkeyStub: translateCommand: tap 122 1273
12-11 15:02:40.459  2413  2413 W RichInputMethodSubtype: Can't find emoji subtype
12-11 15:02:40.459  2413  2413 W RichInputMethodSubtype: No input method subtype found; returning dummy subtype: Multi-lingual subtype: android.view.inputmethod.InputMethodSubtype@d78b2ed0, zz
12-11 15:02:40.544  2413  2413 W ViewPager: Requested offscreen page limit 0 too small; defaulting to 1
12-11 15:02:40.555  2413  2413 I LatinIME: Starting input. Cursor position = 0,0
12-11 15:02:40.580  1237  1293 E SurfaceFlinger: ro.sf.lcd_density must be defined as a build property
12-11 15:02:40.581  2413  4077 D OpenGLRenderer: Use EGL_SWAP_BEHAVIOR_PRESERVED: true
12-11 15:02:40.586  2413  2413 D         : HostConnection::get() New Host Connection established 0xaaa1cc80, tid 2413
12-11 15:02:40.597  2180  2639 D EGL_emulation: eglMakeCurrent: 0xae494a80: ver 2 0 (tinfo 0xae492530)
12-11 15:02:40.624  2413  2413 W         : Unrecognized GLES max version string in extensions: ANDROID_EMU_CHECKSUM_HELPER_v1 ANDROID_EMU_dma_v1 
12-11 15:02:40.657  2413  4077 D         : HostConnection::get() New Host Connection established 0xaaa1ce40, tid 4077
12-11 15:02:40.661  1919  2163 I MediaFocusControl:  AudioFocus  abandonAudioFocus() from android.media.AudioManager@17e7eeecom.android.music.MediaPlaybackService$3@79cbf8f
12-11 15:02:40.698  2413  4077 W         : Unrecognized GLES max version string in extensions: ANDROID_EMU_CHECKSUM_HELPER_v1 ANDROID_EMU_dma_v1 
12-11 15:02:40.699  2413  4077 I OpenGLRenderer: Initialized EGL, version 1.4
12-11 15:02:40.700  2413  4077 W OpenGLRenderer: Failed to choose config with EGL_SWAP_BEHAVIOR_PRESERVED, retrying without...
12-11 15:02:40.701  2413  4077 D EGL_emulation: eglCreateContext: 0xae494900: maj 2 min 0 rcv 2
12-11 15:02:40.703  2413  4077 D EGL_emulation: eglMakeCurrent: 0xae494900: ver 2 0 (tinfo 0xae4926e0)
12-11 15:02:40.724  2413  4077 D EGL_emulation: eglMakeCurrent: 0xae494900: ver 2 0 (tinfo 0xae4926e0)
12-11 15:02:40.822  2180  2639 D EGL_emulation: eglMakeCurrent: 0xae494a80: ver 2 0 (tinfo 0xae492530)
12-11 15:02:42.397  3999  3999 D MonkeyStub: translateCommand: type kbr552.testscript@gmail.com
12-11 15:02:42.410  3542  4053 W chromium: [WARNING:keycode_converter.cc(91)] empty code string
12-11 15:02:42.454  3542  4053 W chromium: [WARNING:keycode_converter.cc(91)] empty code string
12-11 15:02:42.459  3542  4053 W chromium: [WARNING:keycode_converter.cc(91)] empty code string
12-11 15:02:42.464  3542  4053 W chromium: [WARNING:keycode_converter.cc(91)] empty code string
12-11 15:02:42.469  3542  4053 W chromium: [WARNING:keycode_converter.cc(91)] empty code string
12-11 15:02:42.477  3542  4053 W chromium: [WARNING:keycode_converter.cc(91)] empty code string
12-11 15:02:42.485  3542  4053 W chromium: [WARNING:keycode_converter.cc(91)] empty code string
12-11 15:02:42.497  3542  4053 W chromium: [WARNING:keycode_converter.cc(91)] empty code string
12-11 15:02:42.511  3542  4053 W chromium: [WARNING:keycode_converter.cc(91)] empty code string
12-11 15:02:42.524  3542  4053 W chromium: [WARNING:keycode_converter.cc(91)] empty code string
12-11 15:02:42.540  3542  4053 W chromium: [WARNING:keycode_converter.cc(91)] empty code string
12-11 15:02:42.556  3542  4053 W chromium: [WARNING:keycode_converter.cc(91)] empty code string
12-11 15:02:42.570  3542  4053 W chromium: [WARNING:keycode_converter.cc(91)] empty code string
12-11 15:02:42.584  3542  4053 W chromium: [WARNING:keycode_converter.cc(91)] empty code string
12-11 15:02:42.591  3542  4053 W chromium: [WARNING:keycode_converter.cc(91)] empty code string
12-11 15:02:42.596  3542  4053 W chromium: [WARNING:keycode_converter.cc(91)] empty code string
12-11 15:02:42.602  3542  4053 W chromium: [WARNING:keycode_converter.cc(91)] empty code string
12-11 15:02:42.608  3542  4053 W chromium: [WARNING:keycode_converter.cc(91)] empty code string
12-11 15:02:42.610  3542  4053 W chromium: [WARNING:keycode_converter.cc(91)] empty code string
12-11 15:02:42.617  3542  4053 W chromium: [WARNING:keycode_converter.cc(91)] empty code string
12-11 15:02:42.624  3542  4053 W chromium: [WARNING:keycode_converter.cc(91)] empty code string
12-11 15:02:42.640  3542  4053 W chromium: [WARNING:keycode_converter.cc(91)] empty code string
12-11 15:02:42.651  3542  4053 W chromium: [WARNING:keycode_converter.cc(91)] empty code string
12-11 15:02:42.667  3542  4053 W chromium: [WARNING:keycode_converter.cc(91)] empty code string
12-11 15:02:42.677  3542  4053 W chromium: [WARNING:keycode_converter.cc(91)] empty code string
12-11 15:02:42.698  3542  4053 W chromium: [WARNING:keycode_converter.cc(91)] empty code string
12-11 15:02:42.714  3542  4053 W chromium: [WARNING:keycode_converter.cc(91)] empty code string
12-11 15:02:42.723  3542  4053 W chromium: [WARNING:keycode_converter.cc(91)] empty code string
12-11 15:02:43.403  3999  3999 D MonkeyStub: translateCommand: press KEYCODE_ENTER
12-11 15:02:43.428  1919  1930 I AccountManagerService: getTypesVisibleToCaller: isPermitted? true
12-11 15:02:43.429  2180  2639 D EGL_emulation: eglMakeCurrent: 0xae494a80: ver 2 0 (tinfo 0xae492530)
12-11 15:02:43.432  2413  4077 D EGL_emulation: eglMakeCurrent: 0xae494900: ver 2 0 (tinfo 0xae4926e0)
12-11 15:02:43.438  2413  4077 E Surface : getSlotFromBufferLocked: unknown buffer: 0xa16d16e0
12-11 15:02:43.836  2180  2639 D EGL_emulation: eglMakeCurrent: 0xae494a80: ver 2 0 (tinfo 0xae492530)
12-11 15:02:44.060  3542  3542 W BindingManager: Cannot call determinedVisibility() - never saw a connection for the pid: 3542
12-11 15:02:44.370  1919  2157 I AccountManagerService: getTypesVisibleToCaller: isPermitted? true
12-11 15:02:44.699  2413  2413 I LatinIME: Starting input. Cursor position = 0,0
12-11 15:02:44.797  2413  4077 D EGL_emulation: eglMakeCurrent: 0xae494900: ver 2 0 (tinfo 0xae4926e0)
12-11 15:02:44.806  2180  2639 D EGL_emulation: eglMakeCurrent: 0xae494a80: ver 2 0 (tinfo 0xae492530)
12-11 15:02:45.411  3999  3999 D MonkeyStub: translateCommand: type KgX-Ere-caw-BU3
12-11 15:02:45.417  3542  4053 W chromium: [WARNING:keycode_converter.cc(91)] empty code string
12-11 15:02:45.423  3542  4053 W chromium: [WARNING:keycode_converter.cc(91)] empty code string
12-11 15:02:45.437  3542  4053 W chromium: [WARNING:keycode_converter.cc(91)] empty code string
12-11 15:02:45.446  3542  4053 W chromium: [WARNING:keycode_converter.cc(91)] empty code string
12-11 15:02:45.447  3542  4053 W chromium: [WARNING:keycode_converter.cc(91)] empty code string
12-11 15:02:45.452  3542  4053 W chromium: [WARNING:keycode_converter.cc(91)] empty code string
12-11 15:02:45.458  3542  4053 W chromium: [WARNING:keycode_converter.cc(91)] empty code string
12-11 15:02:45.458  3542  4053 W chromium: [WARNING:keycode_converter.cc(91)] empty code string
12-11 15:02:45.469  3542  4053 W chromium: [WARNING:keycode_converter.cc(91)] empty code string
12-11 15:02:45.489  3542  4053 W chromium: [WARNING:keycode_converter.cc(91)] empty code string
